Component: ARM Compiler 5.06 update 6 (build 750) Tool: armlink [4d35ed]

==============================================================================

Section Cross References

    startup_stm32f411xe.o(RESET) refers to startup_stm32f411xe.o(STACK) for __initial_sp
    startup_stm32f411xe.o(RESET) refers to startup_stm32f411xe.o(.text) for Reset_Handler
    startup_stm32f411xe.o(RESET) refers to stm32f4xx_it.o(.text) for NMI_Handler
    startup_stm32f411xe.o(RESET) refers to port.o(.emb_text) for SVC_Handler
    startup_stm32f411xe.o(RESET) refers to port.o(.text) for SysTick_Handler
    startup_stm32f411xe.o(.text) refers to system_stm32f4xx.o(.text) for SystemInit
    startup_stm32f411xe.o(.text) refers to entry.o(.ARM.Collect$$$$00000000) for __main
    main.o(.text) refers to memseta.o(.text) for __aeabi_memclr4
    main.o(.text) refers to stm32f4xx_hal_rcc.o(.text) for HAL_RCC_OscConfig
    main.o(.text) refers to stm32f4xx_hal.o(.text) for HAL_Init
    main.o(.text) refers to gpio.o(.text) for MX_GPIO_Init
    main.o(.text) refers to tim.o(.text) for MX_TIM1_Init
    main.o(.text) refers to usart.o(.text) for MX_USART1_UART_Init
    main.o(.text) refers to stm32f4xx_hal_tim.o(.text) for HAL_TIM_Base_Start
    main.o(.text) refers to usb_device.o(.text) for MX_USB_DEVICE_Init
    main.o(.text) refers to freertos.o(.text) for MX_FREERTOS_Init
    main.o(.text) refers to cmsis_os.o(.text) for osKernelStart
    main.o(.text) refers to tim.o(.bss) for htim1
    gpio.o(.text) refers to memseta.o(.text) for __aeabi_memclr4
    gpio.o(.text) refers to stm32f4xx_hal_gpio.o(.text) for HAL_GPIO_WritePin
    freertos.o(.text) refers to memcpya.o(.text) for __aeabi_memcpy4
    freertos.o(.text) refers to cmsis_os.o(.text) for osThreadCreate
    freertos.o(.text) refers to usb_device.o(.text) for MX_USB_DEVICE_Init
    freertos.o(.text) refers to stm32f4xx_hal_gpio.o(.text) for HAL_GPIO_TogglePin
    freertos.o(.text) refers to usbd_customhid.o(.text) for USBD_CUSTOM_HID_SendReport
    freertos.o(.text) refers to freertos.o(.bss) for xIdleTaskTCBBuffer
    freertos.o(.text) refers to freertos.o(.constdata) for .constdata
    freertos.o(.text) refers to freertos.o(.data) for defaultTaskHandle
    freertos.o(.text) refers to usbd_custom_hid_if.o(.bss) for dataToReceive
    freertos.o(.text) refers to usb_device.o(.bss) for hUsbDeviceFS
    freertos.o(.constdata) refers to freertos.o(.conststring) for .conststring
    freertos.o(.constdata) refers to freertos.o(.text) for StartDefaultTask
    tim.o(.text) refers to memseta.o(.text) for __aeabi_memclr4
    tim.o(.text) refers to stm32f4xx_hal_gpio.o(.text) for HAL_GPIO_Init
    tim.o(.text) refers to stm32f4xx_hal_tim.o(.text) for HAL_TIM_PWM_Init
    tim.o(.text) refers to main.o(.text) for Error_Handler
    tim.o(.text) refers to stm32f4xx_hal_tim_ex.o(.text) for HAL_TIMEx_MasterConfigSynchronization
    tim.o(.text) refers to stm32f4xx_hal_cortex.o(.text) for HAL_NVIC_SetPriority
    tim.o(.text) refers to tim.o(.bss) for htim1
    usart.o(.text) refers to stm32f4xx_hal_uart.o(.text) for HAL_UART_Init
    usart.o(.text) refers to main.o(.text) for Error_Handler
    usart.o(.text) refers to memseta.o(.text) for __aeabi_memclr4
    usart.o(.text) refers to stm32f4xx_hal_gpio.o(.text) for HAL_GPIO_Init
    usart.o(.text) refers to usart.o(.bss) for huart1
    usb_device.o(.text) refers to usbd_core.o(.text) for USBD_Init
    usb_device.o(.text) refers to main.o(.text) for Error_Handler
    usb_device.o(.text) refers to usbd_customhid.o(.text) for USBD_CUSTOM_HID_RegisterInterface
    usb_device.o(.text) refers to usbd_desc.o(.data) for FS_Desc
    usb_device.o(.text) refers to usb_device.o(.bss) for hUsbDeviceFS
    usb_device.o(.text) refers to usbd_customhid.o(.data) for USBD_CUSTOM_HID
    usb_device.o(.text) refers to usbd_custom_hid_if.o(.data) for USBD_CustomHID_fops_FS
    usbd_conf.o(.text) refers to memseta.o(.text) for __aeabi_memclr4
    usbd_conf.o(.text) refers to stm32f4xx_hal_gpio.o(.text) for HAL_GPIO_Init
    usbd_conf.o(.text) refers to stm32f4xx_hal_cortex.o(.text) for HAL_NVIC_SetPriority
    usbd_conf.o(.text) refers to usbd_core.o(.text) for USBD_LL_SetupStage
    usbd_conf.o(.text) refers to main.o(.text) for Error_Handler
    usbd_conf.o(.text) refers to stm32f4xx_hal_pcd.o(.text) for HAL_PCD_Init
    usbd_conf.o(.text) refers to stm32f4xx_hal_pcd_ex.o(.text) for HAL_PCDEx_SetRxFiFo
    usbd_conf.o(.text) refers to usbd_conf.o(.bss) for hpcd_USB_OTG_FS
    usbd_conf.o(.text) refers to stm32f4xx_hal.o(.text) for HAL_Delay
    usbd_desc.o(.text) refers to usbd_ctlreq.o(.text) for USBD_GetString
    usbd_desc.o(.text) refers to usbd_desc.o(.data) for USBD_FS_DeviceDesc
    usbd_desc.o(.text) refers to usbd_desc.o(.bss) for USBD_StrDesc
    usbd_desc.o(.data) refers to usbd_desc.o(.text) for USBD_FS_DeviceDescriptor
    usbd_custom_hid_if.o(.text) refers to usb_device.o(.bss) for hUsbDeviceFS
[...]
    USBD_CUSTOM_HID_DataIn                   0x0800e84f   Thumb Code    14  usbd_customhid.o(.text)
    USBD_CUSTOM_HID_DataOut                  0x0800e85d   Thumb Code    36  usbd_customhid.o(.text)
    USBD_CUSTOM_HID_EP0_RxReady              0x0800e8a3   Thumb Code    34  usbd_customhid.o(.text)
    USBD_CUSTOM_HID_GetDeviceQualifierDesc   0x0800e8c5   Thumb Code    10  usbd_customhid.o(.text)
    .text                                    0x0800e8f4   Section        0  uldiv.o(.text)
    .text                                    0x0800e956   Section        0  memcpya.o(.text)
    .text                                    0x0800e97a   Section        0  memseta.o(.text)
    .text                                    0x0800e99e   Section        0  llshl.o(.text)
    .text                                    0x0800e9bc   Section        0  llushr.o(.text)
    .text                                    0x0800e9dc   Section       36  init.o(.text)
    .text                                    0x0800ea00   Section        0  __dczerorl2.o(.text)
    i.__scatterload_copy                     0x0800ea56   Section       14  handlers.o(i.__scatterload_copy)
    i.__scatterload_null                     0x0800ea64   Section        2  handlers.o(i.__scatterload_null)
    i.__scatterload_zeroinit                 0x0800ea66   Section       14  handlers.o(i.__scatterload_zeroinit)
    i.free                                   0x0800ea74   Section        0  malloc.o(i.free)
    i.malloc                                 0x0800eac4   Section        0  malloc.o(i.malloc)
    .constdata                               0x0800eb30   Section      112  freertos.o(.constdata)
    .constdata                               0x0800eba0   Section        8  stm32f4xx_hal_dma.o(.constdata)
    flagBitshiftOffset                       0x0800eba0   Data           8  stm32f4xx_hal_dma.o(.constdata)
    .constdata                               0x0800eba8   Section       24  system_stm32f4xx.o(.constdata)
    .conststring                             0x0800ebc0   Section       48  freertos.o(.conststring)
    .data                                    0x20004000   Section       24  freertos.o(.data)
    .data                                    0x20004018   Section       78  usbd_desc.o(.data)
    .data                                    0x20004068   Section       52  usbd_custom_hid_if.o(.data)
    CUSTOM_HID_ReportDesc_FS                 0x20004068   Data          33  usbd_custom_hid_if.o(.data)
    .data                                    0x2000409c   Section        4  stm32f4xx_ll_usb.o(.data)
    tmpreg                                   0x2000409c   Data           4  stm32f4xx_ll_usb.o(.data)
    .data                                    0x200040a0   Section        9  stm32f4xx_hal.o(.data)
    .data                                    0x200040ac   Section        4  system_stm32f4xx.o(.data)
    .data                                    0x200040b0   Section       60  tasks.o(.data)
    pxDelayedTaskList                        0x200040b4   Data           4  tasks.o(.data)
    pxOverflowDelayedTaskList                0x200040b8   Data           4  tasks.o(.data)
    uxDeletedTasksWaitingCleanUp             0x200040bc   Data           4  tasks.o(.data)
    uxCurrentNumberOfTasks                   0x200040c0   Data           4  tasks.o(.data)
    xTickCount                               0x200040c4   Data           4  tasks.o(.data)
    uxTopReadyPriority                       0x200040c8   Data           4  tasks.o(.data)
    xSchedulerRunning                        0x200040cc   Data           4  tasks.o(.data)
    uxPendedTicks                            0x200040d0   Data           4  tasks.o(.data)
    xYieldPending                            0x200040d4   Data           4  tasks.o(.data)
    xNumOfOverflows                          0x200040d8   Data           4  tasks.o(.data)
    uxTaskNumber                             0x200040dc   Data           4  tasks.o(.data)
    xNextTaskUnblockTime                     0x200040e0   Data           4  tasks.o(.data)
    xIdleTaskHandle                          0x200040e4   Data           4  tasks.o(.data)
    uxSchedulerSuspended                     0x200040e8   Data           4  tasks.o(.data)
    .data                                    0x200040ec   Section       24  heap_4.o(.data)
    xStart                                   0x200040ec   Data           8  heap_4.o(.data)
    pxEnd                                    0x200040f4   Data           4  heap_4.o(.data)
    xFreeBytesRemaining                      0x200040f8   Data           4  heap_4.o(.data)
    xMinimumEverFreeBytesRemaining           0x200040fc   Data           4  heap_4.o(.data)
    xBlockAllocatedBit                       0x20004100   Data           4  heap_4.o(.data)
    .data                                    0x20004104   Section       12  port.o(.data)
    uxCriticalNesting                        0x20004104   Data           4  port.o(.data)
    ucMaxSysCallPriority                     0x20004108   Data           1  port.o(.data)
    ulMaxPRIGROUPValue                       0x2000410c   Data           4  port.o(.data)
    .data                                    0x20004110   Section        1  usbd_ctlreq.o(.data)
    cfgidx                                   0x20004110   Data           1  usbd_ctlreq.o(.data)
    .data                                    0x20004114   Section      210  usbd_customhid.o(.data)
    USBD_CUSTOM_HID_CfgFSDesc                0x2000414c   Data          41  usbd_customhid.o(.data)
    USBD_CUSTOM_HID_CfgHSDesc                0x20004178   Data          41  usbd_customhid.o(.data)
    USBD_CUSTOM_HID_OtherSpeedCfgDesc        0x200041a4   Data          41  usbd_customhid.o(.data)
    USBD_CUSTOM_HID_Desc                     0x200041d0   Data           9  usbd_customhid.o(.data)
    USBD_CUSTOM_HID_DeviceQualifierDesc      0x200041dc   Data          10  usbd_customhid.o(.data)
    .data                                    0x200041e8   Section        4  mvars.o(.data)
    .data                                    0x200041ec   Section        4  mvars.o(.data)
    .bss                                     0x200041f0   Section      728  freertos.o(.bss)
    xIdleTaskTCBBuffer                       0x20004274   Data          84  freertos.o(.bss)
    xIdleStack                               0x200042c8   Data         512  freertos.o(.bss)
    .bss                                     0x200044c8   Section      192  tim.o(.bss)
    .bss                                     0x20004588   Section       64  usart.o(.bss)
    .bss                                     0x200045c8   Section      720  usb_device.o(.bss)
    .bss                                     0x20004898   Section     1032  usbd_conf.o(.bss)
    .bss                                     0x20004ca0   Section      512  usbd_desc.o(.bss)
    .bss                                     0x20004ea0   Section       64  usbd_custom_hid_if.o(.bss)
    .bss                                     0x20004ee0   Section       64  stm32f4xx_hal_timebase_tim.o(.bss)
    .bss                                     0x20004f20   Section       64  queue.o(.bss)
    .bss                                     0x20004f60   Section      240  tasks.o(.bss)
    pxReadyTasksLists                        0x20004f60   Data         140  tasks.o(.bss)
    xDelayedTaskList1                        0x20004fec   Data          20  tasks.o(.bss)
    xDelayedTaskList2                        0x20005000   Data          20  tasks.o(.bss)
    xPendingReadyList                        0x20005014   Data          20  tasks.o(.bss)
    xTasksWaitingTermination                 0x20005028   Data          20  tasks.o(.bss)
    xSuspendedTaskList                       0x2000503c   Data          20  tasks.o(.bss)
    .bss                                     0x20005050   Section    15360  heap_4.o(.bss)
    ucHeap                                   0x20005050   Data       15360  heap_4.o(.bss)
    HEAP                                     0x20008c50   Section      512  startup_stm32f411xe.o(HEAP)
    STACK                                    0x20008e50   Section     1024  startup_stm32f411xe.o(STACK)

    Global Symbols

    Symbol Name                              Value     Ov Type        Size  Object(Section)

    BuildAttributes$$THM_ISAv4$E$P$D$K$B$S$7EM$VFPi3$EXTD16$VFPS$VFMA$PE$A:L22UL41UL21$X:L11$S22US41US21$IEEE1$IW$USESV6$~STKCKD$USESV7$~SHL$OSPACE$EBA8$MICROLIB$REQ8$PRES8$EABIv2 0x00000000   Number         0  anon$$obj.o ABSOLUTE
    __ARM_use_no_argv                        0x00000000   Number         0  main.o ABSOLUTE
    __cpp_initialize__aeabi_                  - Undefined Weak Reference
    __cxa_finalize                            - Undefined Weak Reference
    _clock_init                               - Undefined Weak Reference
    _microlib_exit                            - Undefined Weak Reference
    __Vectors_Size                           0x00000198   Number         0  startup_stm32f411xe.o ABSOLUTE
    __Vectors                                0x08000000   Data           4  startup_stm32f411xe.o(RESET)
    __Vectors_End                            0x08000198   Data           0  startup_stm32f411xe.o(RESET)
    __main                                   0x08000199   Thumb Code     0  entry.o(.ARM.Collect$$$$00000000)
    _main_stk                                0x08000199   Thumb Code     0  entry2.o(.ARM.Collect$$$$00000001)
    _main_scatterload                        0x0800019d   Thumb Code     0  entry5.o(.ARM.Collect$$$$00000004)
    __main_after_scatterload                 0x080001a1   Thumb Code     0  entry5.o(.ARM.Collect$$$$00000004)
    _main_clock                              0x080001a1   Thumb Code     0  entry7b.o(.ARM.Collect$$$$00000008)
    _main_cpp_init                           0x080001a1   Thumb Code     0  entry8b.o(.ARM.Collect$$$$0000000A)
    _main_init                               0x080001a1   Thumb Code     0  entry9a.o(.ARM.Collect$$$$0000000B)
    __rt_final_cpp                           0x080001a9   Thumb Code     0  entry10a.o(.ARM.Collect$$$$0000000D)
    __rt_final_exit                          0x080001a9   Thumb Code     0  entry11a.o(.ARM.Collect$$$$0000000F)
    SVC_Handler                              0x080001ad   Thumb Code    28  port.o(.emb_text)
    __asm___6_port_c_39a90d8d__prvStartFirstTask 0x080001cd   Thumb Code    36  port.o(.emb_text)
    __asm___6_port_c_39a90d8d__prvEnableVFP  0x080001f5   Thumb Code    16  port.o(.emb_text)
    PendSV_Handler                           0x08000209   Thumb Code    88  port.o(.emb_text)
    vPortGetIPSR                             0x08000265   Thumb Code     6  port.o(.emb_text)
    Reset_Handler                            0x0800026d   Thumb Code     8  startup_stm32f411xe.o(.text)
    ADC_IRQHandler                           0x08000287   Thumb Code     0  startup_stm32f411xe.o(.text)
    DMA1_Stream0_IRQHandler                  0x08000287   Thumb Code     0  startup_stm32f411xe.o(.text)
    DMA1_Stream1_IRQHandler                  0x08000287   Thumb Code     0  startup_stm32f411xe.o(.text)
    DMA1_Stream2_IRQHandler                  0x08000287   Thumb Code     0  startup_stm32f411xe.o(.text)
    DMA1_Stream3_IRQHandler                  0x08000287   Thumb Code     0  startup_stm32f411xe.o(.text)
    DMA1_Stream4_IRQHandler                  0x08000287   Thumb Code     0  startup_stm32f411xe.o(.text)
    DMA1_Stream5_IRQHandler                  0x08000287   Thumb Code     0  startup_stm32f411xe.o(.text)
    DMA1_Stream6_IRQHandler                  0x08000287   Thumb Code     0  startup_stm32f411xe.o(.text)
    DMA1_Stream7_IRQHandler                  0x08000287   Thumb Code     0  startup_stm32f411xe.o(.text)
    DMA2_Stream0_IRQHandler                  0x08000287   Thumb Code     0  startup_stm32f411xe.o(.text)
    DMA2_Stream1_IRQHandler                  0x08000287   Thumb Code     0  startup_stm32f411xe.o(.text)
    DMA2_Stream2_IRQHandler                  0x08000287   Thumb Code     0  startup_stm32f411xe.o(.text)
    DMA2_Stream3_IRQHandler                  0x08000287   Thumb Code     0  startup_stm32f411xe.o(.text)
    DMA2_Stream4_IRQHandler                  0x08000287   Thumb Code     0  startup_stm32f411xe.o(.text)
    DMA2_Stream5_IRQHandler                  0x08000287   Thumb Code     0  startup_stm32f411xe.o(.text)
    DMA2_Stream6_IRQHandler                  0x08000287   Thumb Code     0  startup_stm32f411xe.o(.text)
    DMA2_Stream7_IRQHandler                  0x08000287   Thumb Code     0  startup_stm32f411xe.o(.text)
    EXTI0_IRQHandler                         0x08000287   Thumb Code     0  startup_stm32f411xe.o(.text)
    EXTI15_10_IRQHandler                     0x08000287   Thumb Code     0  startup_stm32f411xe.o(.text)
    EXTI1_IRQHandler                         0x08000287   Thumb Code     0  startup_stm32f411xe.o(.text)
    EXTI2_IRQHandler                         0x08000287   Thumb Code     0  startup_stm32f411xe.o(.text)
    EXTI3_IRQHandler                         0x08000287   Thumb Code     0  startup_stm32f411xe.o(.text)
    EXTI4_IRQHandler                         0x08000287   Thumb Code     0  startup_stm32f411xe.o(.text)
    EXTI9_5_IRQHandler                       0x08000287   Thumb Code     0  startup_stm32f411xe.o(.text)
    FLASH_IRQHandler                         0x08000287   Thumb Code     0  startup_stm32f411xe.o(.text)
    FPU_IRQHandler                           0x08000287   Thumb Code     0  startup_stm32f411xe.o(.text)
    I2C1_ER_IRQHandler                       0x08000287   Thumb Code     0  startup_stm32f411xe.o(.text)
    I2C1_EV_IRQHandler                       0x08000287   Thumb Code     0  startup_stm32f411xe.o(.text)
    I2C2_ER_IRQHandler                       0x08000287   Thumb Code     0  startup_stm32f411xe.o(.text)
    I2C2_EV_IRQHandler                       0x08000287   Thumb Code     0  startup_stm32f411xe.o(.text)
    I2C3_ER_IRQHandler                       0x08000287   Thumb Code     0  startup_stm32f411xe.o(.text)
    I2C3_EV_IRQHandler                       0x08000287   Thumb Code     0  startup_stm32f411xe.o(.text)
    OTG_FS_WKUP_IRQHandler                   0x08000287   Thumb Code     0  startup_stm32f411xe.o(.text)
    PVD_IRQHandler                           0x08000287   Thumb Code     0  startup_stm32f411xe.o(.text)
    RCC_IRQHandler                           0x08000287   Thumb Code     0  startup_stm32f411xe.o(.text)
    RTC_Alarm_IRQHandler                     0x08000287   Thumb Code     0  startup_stm32f411xe.o(.text)
    RTC_WKUP_IRQHandler                      0x08000287   Thumb Code     0  startup_stm32f411xe.o(.text)
    SDIO_IRQHandler                          0x08000287   Thumb Code     0  startup_stm32f411xe.o(.text)
    SPI1_IRQHandler                          0x08000287   Thumb Code     0  startup_stm32f411xe.o(.text)
    SPI2_IRQHandler                          0x08000287   Thumb Code     0  startup_stm32f411xe.o(.text)
    SPI3_IRQHandler                          0x08000287   Thumb Code     0  startup_stm32f411xe.o(.text)
    SPI4_IRQHandler                          0x08000287   Thumb Code     0  startup_stm32f411xe.o(.text)
    SPI5_IRQHandler                          0x08000287   Thumb Code     0  startup_stm32f411xe.o(.text)
    TAMP_STAMP_IRQHandler                    0x08000287   Thumb Code     0  startup_stm32f411xe.o(.text)
    TIM1_BRK_TIM9_IRQHandler                 0x08000287   Thumb Code     0  startup_stm32f411xe.o(.text)
    TIM1_CC_IRQHandler                       0x08000287   Thumb Code     0  startup_stm32f411xe.o(.text)
    TIM1_UP_TIM10_IRQHandler                 0x08000287   Thumb Code     0  startup_stm32f411xe.o(.text)
    TIM2_IRQHandler                          0x08000287   Thumb Code     0  startup_stm32f411xe.o(.text)
    TIM3_IRQHandler                          0x08000287   Thumb Code     0  startup_stm32f411xe.o(.text)
    TIM4_IRQHandler                          0x08000287   Thumb Code     0  startup_stm32f411xe.o(.text)
    TIM5_IRQHandler                          0x08000287   Thumb Code     0  startup_stm32f411xe.o(.text)
    USART1_IRQHandler                        0x08000287   Thumb Code     0  startup_stm32f411xe.o(.text)
    USART2_IRQHandler                        0x08000287   Thumb Code     0  startup_stm32f411xe.o(.text)
    USART6_IRQHandler                        0x08000287   Thumb Code     0  startup_stm32f411xe.o(.text)
    WWDG_IRQHandler                          0x08000287   Thumb Code     0  startup_stm32f411xe.o(.text)
    Error_Handler                            0x08000291   Thumb Code     2  main.o(.text)
    SystemClock_Config                       0x08000293   Thumb Code   168  main.o(.text)
    main                                     0x0800033b   Thumb Code    86  main.o(.text)
    HAL_TIM_PeriodElapsedCallback            0x08000391   Thumb Code    18  main.o(.text)
    MX_GPIO_Init                             0x080003bd   Thumb Code   140  gpio.o(.text)
    vApplicationGetIdleTaskMemory            0x08000451   Thumb Code    14  freertos.o(.text)
    MX_FREERTOS_Init                         0x0800045f   Thumb Code   102  freertos.o(.text)
    StartDefaultTask                         0x080004c5   Thumb Code    14  freertos.o(.text)
    StartLedTask                             0x080004d3   Thumb Code    20  freertos.o(.text)
    StartUSBReceiveTask                      0x080004e7   Thumb Code   152  freertos.o(.text)
    StartUSBTransmitTask                     0x0800057f   Thumb Code    32  freertos.o(.text)
    HAL_TIM_MspPostInit                      0x080005d5   Thumb Code   220  tim.o(.text)
    MX_TIM1_Init                             0x080006b1   Thumb Code   170  tim.o(.text)
    MX_TIM3_Init                             0x0800075b   Thumb Code   114  tim.o(.text)
    MX_TIM4_Init                             0x080007cd   Thumb Code   118  tim.o(.text)
    HAL_TIM_PWM_MspInit                      0x08000843   Thumb Code   156  tim.o(.text)
    HAL_TIM_PWM_MspDeInit                    0x080008df   Thumb Code    88  tim.o(.text)
    MX_USART1_UART_Init                      0x0800095d   Thumb Code    46  usart.o(.text)
    HAL_UART_MspInit                         0x0800098b   Thumb Code   124  usart.o(.text)
    HAL_UART_MspDeInit                       0x08000a07   Thumb Code    36  usart.o(.text)
    MX_USB_DEVICE_Init                       0x08000a3d   Thumb Code    60  usb_device.o(.text)
    HAL_PCD_MspInit                          0x08000a89   Thumb Code   160  usbd_conf.o(.text)
    HAL_PCD_MspDeInit                        0x08000b29   Thumb Code    46  usbd_conf.o(.text)
    HAL_PCD_SetupStageCallback               0x08000b57   Thumb Code    18  usbd_conf.o(.text)
    HAL_PCD_DataOutStageCallback             0x08000b69   Thumb Code    32  usbd_conf.o(.text)
    HAL_PCD_DataInStageCallback              0x08000b89   Thumb Code    32  usbd_conf.o(.text)
    HAL_PCD_SOFCallback                      0x08000ba9   Thumb Code    14  usbd_conf.o(.text)
    HAL_PCD_ResetCallback                    0x08000bb7   Thumb Code    36  usbd_conf.o(.text)
    HAL_PCD_SuspendCallback                  0x08000bdb   Thumb Code    46  usbd_conf.o(.text)
    HAL_PCD_ResumeCallback                   0x08000c09   Thumb Code    14  usbd_conf.o(.text)
    HAL_PCD_ISOOUTIncompleteCallback         0x08000c17   Thumb Code    18  usbd_conf.o(.text)
    HAL_PCD_ISOINIncompleteCallback          0x08000c29   Thumb Code    18  usbd_conf.o(.text)
    HAL_PCD_ConnectCallback                  0x08000c3b   Thumb Code    14  usbd_conf.o(.text)
    HAL_PCD_DisconnectCallback               0x08000c49   Thumb Code    14  usbd_conf.o(.text)
    USBD_LL_Init                             0x08000c57   Thumb Code   100  usbd_conf.o(.text)
    USBD_Get_USB_Status                      0x08000cbb   Thumb Code    44  usbd_conf.o(.text)
    USBD_LL_DeInit                           0x08000ce7   Thumb Code    30  usbd_conf.o(.text)
    USBD_LL_Start                            0x08000d05   Thumb Code    30  usbd_conf.o(.text)
    USBD_LL_Stop                             0x08000d23   Thumb Code    30  usbd_conf.o(.text)
    USBD_LL_OpenEP                           0x08000d41   Thumb Code    48  usbd_conf.o(.text)
    USBD_LL_CloseEP                          0x08000d71   Thumb Code    38  usbd_conf.o(.text)
    USBD_LL_FlushEP                          0x08000d97   Thumb Code    38  usbd_conf.o(.text)
    USBD_LL_StallEP                          0x08000dbd   Thumb Code    38  usbd_conf.o(.text)
    USBD_LL_ClearStallEP                     0x08000de3   Thumb Code    38  usbd_conf.o(.text)
    USBD_LL_IsStallEP                        0x08000e09   Thumb Code    56  usbd_conf.o(.text)
    USBD_LL_SetUSBAddress                    0x08000e41   Thumb Code    38  usbd_conf.o(.text)
    USBD_LL_Transmit                         0x08000e67   Thumb Code    66  usbd_conf.o(.text)
    USBD_LL_PrepareReceive                   0x08000ea9   Thumb Code    48  usbd_conf.o(.text)
    USBD_LL_GetRxDataSize                    0x08000ed9   Thumb Code    18  usbd_conf.o(.text)
    USBD_LL_Delay                            0x08000eeb   Thumb Code    12  usbd_conf.o(.text)
    USBD_FS_DeviceDescriptor                 0x08000ef9   Thumb Code    10  usbd_desc.o(.text)
    USBD_FS_LangIDStrDescriptor              0x08000f03   Thumb Code    10  usbd_desc.o(.text)
    USBD_FS_ProductStrDescriptor             0x08000f0d   Thumb Code    34  usbd_desc.o(.text)
    USBD_FS_ManufacturerStrDescriptor        0x08000f2f   Thumb Code    20  usbd_desc.o(.text)
    USBD_FS_SerialStrDescriptor              0x08000fab   Thumb Code    20  usbd_desc.o(.text)
    USBD_FS_ConfigStrDescriptor              0x08000fbf   Thumb Code    34  usbd_desc.o(.text)
    USBD_FS_InterfaceStrDescriptor           0x08000fe1   Thumb Code    34  usbd_desc.o(.text)
    NMI_Handler                              0x080010ad   Thumb Code     2  stm32f4xx_it.o(.text)
    HardFault_Handler                        0x080010af   Thumb Code     4  stm32f4xx_it.o(.text)
    MemManage_Handler                        0x080010b3   Thumb Code     4  stm32f4xx_it.o(.text)
    BusFault_Handler                         0x080010b7   Thumb Code     4  stm32f4xx_it.o(.text)
    UsageFault_Handler                       0x080010bb   Thumb Code     4  stm32f4xx_it.o(.text)
    DebugMon_Handler                         0x080010bf   Thumb Code     2  stm32f4xx_it.o(.text)
    TIM1_TRG_COM_TIM11_IRQHandler            0x080010c1   Thumb Code    16  stm32f4xx_it.o(.text)
    OTG_FS_IRQHandler                        0x080010d1   Thumb Code    10  stm32f4xx_it.o(.text)
    HAL_MspInit                              0x080010e9   Thumb Code    78  stm32f4xx_hal_msp.o(.text)
    HAL_InitTick                             0x0800113d   Thumb Code   122  stm32f4xx_hal_timebase_tim.o(.text)
    HAL_SuspendTick                          0x080011b7   Thumb Code    18  stm32f4xx_hal_timebase_tim.o(.text)
    HAL_ResumeTick                           0x080011c9   Thumb Code    18  stm32f4xx_hal_timebase_tim.o(.text)
    HAL_PCD_Init                             0x080011ef   Thumb Code   358  stm32f4xx_hal_pcd.o(.text)
    HAL_PCD_Stop                             0x08001357   Thumb Code    74  stm32f4xx_hal_pcd.o(.text)
    HAL_PCD_DeInit                           0x080013a1   Thumb Code    38  stm32f4xx_hal_pcd.o(.text)
    HAL_PCD_Start                            0x080013c7   Thumb Code    74  stm32f4xx_hal_pcd.o(.text)
    HAL_PCD_IRQHandler                       0x080016af   Thumb Code  1380  stm32f4xx_hal_pcd.o(.text)
    HAL_PCD_DevConnect                       0x08001c13   Thumb Code    68  stm32f4xx_hal_pcd.o(.text)
    HAL_PCD_DevDisconnect                    0x08001c57   Thumb Code    46  stm32f4xx_hal_pcd.o(.text)
    HAL_PCD_SetAddress                       0x08001c85   Thumb Code    54  stm32f4xx_hal_pcd.o(.text)
    HAL_PCD_EP_Open                          0x08001cbb   Thumb Code   140  stm32f4xx_hal_pcd.o(.text)
    HAL_PCD_EP_Close                         0x08001d47   Thumb Code   106  stm32f4xx_hal_pcd.o(.text)
    HAL_PCD_EP_Receive                       0x08001db1   Thumb Code    88  stm32f4xx_hal_pcd.o(.text)
    HAL_PCD_EP_GetRxCount                    0x08001e09   Thumb Code    22  stm32f4xx_hal_pcd.o(.text)
    HAL_PCD_EP_Transmit                      0x08001e1f   Thumb Code    90  stm32f4xx_hal_pcd.o(.text)
    HAL_PCD_EP_SetStall                      0x08001e79   Thumb Code   138  stm32f4xx_hal_pcd.o(.text)
    HAL_PCD_EP_ClrStall                      0x08001f03   Thumb Code   124  stm32f4xx_hal_pcd.o(.text)
    HAL_PCD_EP_Flush                         0x08001f7f   Thumb Code    68  stm32f4xx_hal_pcd.o(.text)
    HAL_PCD_ActivateRemoteWakeup             0x08001fc3   Thumb Code    12  stm32f4xx_hal_pcd.o(.text)
    HAL_PCD_DeActivateRemoteWakeup           0x08001fcf   Thumb Code    12  stm32f4xx_hal_pcd.o(.text)
    HAL_PCD_GetState                         0x08001fdb   Thumb Code     8  stm32f4xx_hal_pcd.o(.text)
    HAL_PCDEx_SetTxFiFo                      0x08001fe3   Thumb Code    78  stm32f4xx_hal_pcd_ex.o(.text)
    HAL_PCDEx_SetRxFiFo                      0x08002031   Thumb Code    10  stm32f4xx_hal_pcd_ex.o(.text)
    HAL_PCDEx_LPM_Callback                   0x0800203b   Thumb Code     2  stm32f4xx_hal_pcd_ex.o(.text)
    HAL_PCDEx_BCD_Callback                   0x0800203d   Thumb Code     2  stm32f4xx_hal_pcd_ex.o(.text)
    USB_CoreInit                             0x08002087   Thumb Code   128  stm32f4xx_ll_usb.o(.text)
    USB_SetTurnaroundTime                    0x08002107   Thumb Code   192  stm32f4xx_ll_usb.o(.text)
    USB_EnableGlobalInt                      0x080021c7   Thumb Code    14  stm32f4xx_ll_usb.o(.text)
    USB_DisableGlobalInt                     0x080021d5   Thumb Code    14  stm32f4xx_ll_usb.o(.text)
    USB_SetCurrentMode                       0x080021e3   Thumb Code    54  stm32f4xx_ll_usb.o(.text)
    USB_FlushRxFifo                          0x08002219   Thumb Code    38  stm32f4xx_ll_usb.o(.text)
    USB_FlushTxFifo                          0x0800223f   Thumb Code    44  stm32f4xx_ll_usb.o(.text)
    USB_SetDevSpeed                          0x0800226b   Thumb Code    18  stm32f4xx_ll_usb.o(.text)
    USB_DevInit                              0x0800227d   Thumb Code   526  stm32f4xx_ll_usb.o(.text)
    USB_GetDevSpeed                          0x0800248b   Thumb Code    38  stm32f4xx_ll_usb.o(.text)
    USB_ActivateEndpoint                     0x080024b1   Thumb Code   202  stm32f4xx_ll_usb.o(.text)
    USB_ActivateDedicatedEndpoint            0x0800257b   Thumb Code   198  stm32f4xx_ll_usb.o(.text)
    USB_DeactivateEndpoint                   0x08002641   Thumb Code   318  stm32f4xx_ll_usb.o(.text)
    USB_DeactivateDedicatedEndpoint          0x0800277f   Thumb Code   282  stm32f4xx_ll_usb.o(.text)
    USB_WritePacket                          0x08002899   Thumb Code    60  stm32f4xx_ll_usb.o(.text)
    USB_EPStartXfer                          0x080028d5   Thumb Code   832  stm32f4xx_ll_usb.o(.text)
    USB_EP0StartXfer                         0x08002c15   Thumb Code   474  stm32f4xx_ll_usb.o(.text)
    USB_ReadPacket                           0x08002def   Thumb Code    34  stm32f4xx_ll_usb.o(.text)
    USB_EPSetStall                           0x08002e11   Thumb Code   154  stm32f4xx_ll_usb.o(.text)
    USB_EPClearStall                         0x08002eab   Thumb Code   142  stm32f4xx_ll_usb.o(.text)
    USB_StopDevice                           0x08002f39   Thumb Code    92  stm32f4xx_ll_usb.o(.text)
    USB_SetDevAddress                        0x08002f95   Thumb Code    42  stm32f4xx_ll_usb.o(.text)
    USB_DevConnect                           0x08002fbf   Thumb Code    32  stm32f4xx_ll_usb.o(.text)
    USB_DevDisconnect                        0x08002fdf   Thumb Code    32  stm32f4xx_ll_usb.o(.text)
    USB_ReadInterrupts                       0x08002fff   Thumb Code    10  stm32f4xx_ll_usb.o(.text)
    USB_ReadDevAllOutEpInterrupt             0x08003009   Thumb Code    20  stm32f4xx_ll_usb.o(.text)
    USB_ReadDevAllInEpInterrupt              0x0800301d   Thumb Code    20  stm32f4xx_ll_usb.o(.text)
    USB_ReadDevOutEPInterrupt                0x08003031   Thumb Code    26  stm32f4xx_ll_usb.o(.text)
    USB_ReadDevInEPInterrupt                 0x0800304b   Thumb Code    50  stm32f4xx_ll_usb.o(.text)
    USB_ClearInterrupts                      0x0800307d   Thumb Code     8  stm32f4xx_ll_usb.o(.text)
    USB_GetMode                              0x08003085   Thumb Code    10  stm32f4xx_ll_usb.o(.text)
    USB_ActivateSetup                        0x0800308f   Thumb Code    40  stm32f4xx_ll_usb.o(.text)
    USB_EP0_OutStart                         0x080030b7   Thumb Code   106  stm32f4xx_ll_usb.o(.text)
    USB_DriveVbus                            0x08003121   Thumb Code    84  stm32f4xx_ll_usb.o(.text)
    USB_HostInit                             0x08003175   Thumb Code   234  stm32f4xx_ll_usb.o(.text)
    USB_InitFSLSPClkSel                      0x0800325f   Thumb Code    68  stm32f4xx_ll_usb.o(.text)
    USB_ResetPort                            0x080032a3   Thumb Code    60  stm32f4xx_ll_usb.o(.text)
    USB_GetHostSpeed                         0x080032df   Thumb Code    24  stm32f4xx_ll_usb.o(.text)
    USB_GetCurrentFrame                      0x080032f7   Thumb Code    14  stm32f4xx_ll_usb.o(.text)
    USB_HC_Init                              0x08003305   Thumb Code   438  stm32f4xx_ll_usb.o(.text)
    USB_DoPing                               0x080034bb   Thumb Code    64  stm32f4xx_ll_usb.o(.text)
    USB_HC_StartXfer                         0x080034fb   Thumb Code   490  stm32f4xx_ll_usb.o(.text)
    USB_HC_ReadInterrupt                     0x080036e5   Thumb Code    14  stm32f4xx_ll_usb.o(.text)
    USB_HC_Halt                              0x080036f3   Thumb Code   374  stm32f4xx_ll_usb.o(.text)
    USB_StopHost                             0x08003869   Thumb Code   180  stm32f4xx_ll_usb.o(.text)
    USB_ActivateRemoteWakeup                 0x0800391d   Thumb Code    36  stm32f4xx_ll_usb.o(.text)
    USB_DeActivateRemoteWakeup               0x08003941   Thumb Code    24  stm32f4xx_ll_usb.o(.text)
    HAL_RCC_OscConfig                        0x08003961   Thumb Code  1152  stm32f4xx_hal_rcc.o(.text)
    HAL_RCC_GetSysClockFreq                  0x08003de1   Thumb Code   164  stm32f4xx_hal_rcc.o(.text)
    HAL_RCC_ClockConfig                      0x08003e85   Thumb Code   390  stm32f4xx_hal_rcc.o(.text)
    HAL_RCC_MCOConfig                        0x0800400b   Thumb Code   186  stm32f4xx_hal_rcc.o(.text)
    HAL_RCC_EnableCSS                        0x080040c5   Thumb Code     8  stm32f4xx_hal_rcc.o(.text)
    HAL_RCC_DisableCSS                       0x080040cd   Thumb Code     8  stm32f4xx_hal_rcc.o(.text)
    HAL_RCC_GetHCLKFreq                      0x080040d5   Thumb Code     6  stm32f4xx_hal_rcc.o(.text)
    HAL_RCC_GetPCLK1Freq                     0x080040db   Thumb Code    24  stm32f4xx_hal_rcc.o(.text)
    HAL_RCC_GetPCLK2Freq                     0x080040f3   Thumb Code    24  stm32f4xx_hal_rcc.o(.text)
    HAL_RCC_GetOscConfig                     0x0800410b   Thumb Code   284  stm32f4xx_hal_rcc.o(.text)
    HAL_RCC_GetClockConfig                   0x08004227   Thumb Code    66  stm32f4xx_hal_rcc.o(.text)
    HAL_RCC_CSSCallback                      0x08004269   Thumb Code     2  stm32f4xx_hal_rcc.o(.text)
    HAL_RCC_NMI_IRQHandler                   0x0800426b   Thumb Code    30  stm32f4xx_hal_rcc.o(.text)
    HAL_GPIO_Init                            0x08004291   Thumb Code   436  stm32f4xx_hal_gpio.o(.text)
    HAL_GPIO_DeInit                          0x08004445   Thumb Code   282  stm32f4xx_hal_gpio.o(.text)
    HAL_GPIO_ReadPin                         0x0800455f   Thumb Code    16  stm32f4xx_hal_gpio.o(.text)
    HAL_GPIO_WritePin                        0x0800456f   Thumb Code    12  stm32f4xx_hal_gpio.o(.text)
    HAL_GPIO_TogglePin                       0x0800457b   Thumb Code    18  stm32f4xx_hal_gpio.o(.text)
    HAL_GPIO_LockPin                         0x0800458d   Thumb Code    46  stm32f4xx_hal_gpio.o(.text)
    HAL_GPIO_EXTI_Callback                   0x080045bb   Thumb Code     2  stm32f4xx_hal_gpio.o(.text)
    HAL_GPIO_EXTI_IRQHandler                 0x080045bd   Thumb Code    28  stm32f4xx_hal_gpio.o(.text)
    HAL_DMA_Init                             0x080046d1   Thumb Code   232  stm32f4xx_hal_dma.o(.text)
    HAL_DMA_DeInit                           0x080047b9   Thumb Code   112  stm32f4xx_hal_dma.o(.text)
    HAL_DMA_Start                            0x08004855   Thumb Code   102  stm32f4xx_hal_dma.o(.text)
    HAL_DMA_Start_IT                         0x080048bb   Thumb Code   146  stm32f4xx_hal_dma.o(.text)
    HAL_DMA_Abort                            0x0800494d   Thumb Code   180  stm32f4xx_hal_dma.o(.text)
    HAL_DMA_Abort_IT                         0x08004a01   Thumb Code    40  stm32f4xx_hal_dma.o(.text)
    HAL_DMA_PollForTransfer                  0x08004a29   Thumb Code   346  stm32f4xx_hal_dma.o(.text)
    HAL_DMA_IRQHandler                       0x08004b83   Thumb Code   570  stm32f4xx_hal_dma.o(.text)
    HAL_DMA_RegisterCallback                 0x08004dbd   Thumb Code    94  stm32f4xx_hal_dma.o(.text)
    HAL_DMA_UnRegisterCallback               0x08004e1b   Thumb Code   124  stm32f4xx_hal_dma.o(.text)
    HAL_DMA_GetState                         0x08004e97   Thumb Code     8  stm32f4xx_hal_dma.o(.text)
    HAL_DMA_GetError                         0x08004e9f   Thumb Code     6  stm32f4xx_hal_dma.o(.text)
    HAL_NVIC_SetPriorityGrouping             0x08004ec9   Thumb Code    36  stm32f4xx_hal_cortex.o(.text)
    HAL_NVIC_SetPriority                     0x08004eed   Thumb Code   124  stm32f4xx_hal_cortex.o(.text)
    HAL_NVIC_EnableIRQ                       0x08004f69   Thumb Code    32  stm32f4xx_hal_cortex.o(.text)
    HAL_NVIC_DisableIRQ                      0x08004f89   Thumb Code    62  stm32f4xx_hal_cortex.o(.text)
    HAL_NVIC_SystemReset                     0x08004fc7   Thumb Code    64  stm32f4xx_hal_cortex.o(.text)
    HAL_SYSTICK_Config                       0x08005007   Thumb Code    52  stm32f4xx_hal_cortex.o(.text)
    HAL_MPU_Disable                          0x0800503b   Thumb Code    42  stm32f4xx_hal_cortex.o(.text)
    HAL_MPU_Enable                           0x08005065   Thumb Code    60  stm32f4xx_hal_cortex.o(.text)
    HAL_MPU_ConfigRegion                     0x080050a1   Thumb Code    90  stm32f4xx_hal_cortex.o(.text)
    HAL_NVIC_GetPriorityGrouping             0x080050fb   Thumb Code     8  stm32f4xx_hal_cortex.o(.text)
    HAL_NVIC_GetPriority                     0x08005103   Thumb Code   138  stm32f4xx_hal_cortex.o(.text)
    HAL_NVIC_SetPendingIRQ                   0x0800518d   Thumb Code    32  stm32f4xx_hal_cortex.o(.text)
    HAL_NVIC_GetPendingIRQ                   0x080051ad   Thumb Code    46  stm32f4xx_hal_cortex.o(.text)
    HAL_NVIC_ClearPendingIRQ                 0x080051db   Thumb Code    30  stm32f4xx_hal_cortex.o(.text)
    HAL_NVIC_GetActive                       0x080051f9   Thumb Code    46  stm32f4xx_hal_cortex.o(.text)
    HAL_SYSTICK_CLKSourceConfig              0x08005227   Thumb Code    40  stm32f4xx_hal_cortex.o(.text)
    HAL_SYSTICK_Callback                     0x0800524f   Thumb Code     2  stm32f4xx_hal_cortex.o(.text)
    HAL_SYSTICK_IRQHandler                   0x08005251   Thumb Code     8  stm32f4xx_hal_cortex.o(.text)
    HAL_Init                                 0x080052bb   Thumb Code    54  stm32f4xx_hal.o(.text)
    HAL_MspDeInit                            0x080052f1   Thumb Code     2  stm32f4xx_hal.o(.text)
    HAL_DeInit                               0x080052f3   Thumb Code    64  stm32f4xx_hal.o(.text)
    HAL_IncTick                              0x08005333   Thumb Code    16  stm32f4xx_hal.o(.text)
    HAL_GetTick                              0x08005343   Thumb Code     6  stm32f4xx_hal.o(.text)
    HAL_GetTickPrio                          0x08005349   Thumb Code     6  stm32f4xx_hal.o(.text)
    HAL_SetTickFreq                          0x0800534f   Thumb Code    40  stm32f4xx_hal.o(.text)
    HAL_GetTickFreq                          0x08005377   Thumb Code     6  stm32f4xx_hal.o(.text)
    HAL_Delay                                0x0800537d   Thumb Code    36  stm32f4xx_hal.o(.text)
    HAL_GetHalVersion                        0x080053c5   Thumb Code     4  stm32f4xx_hal.o(.text)
    HAL_GetREVID                             0x080053c9   Thumb Code     8  stm32f4xx_hal.o(.text)
    HAL_GetDEVID                             0x080053d1   Thumb Code    10  stm32f4xx_hal.o(.text)
    HAL_DBGMCU_EnableDBGSleepMode            0x080053db   Thumb Code    14  stm32f4xx_hal.o(.text)
    HAL_DBGMCU_DisableDBGSleepMode           0x080053e9   Thumb Code    14  stm32f4xx_hal.o(.text)
    HAL_DBGMCU_EnableDBGStopMode             0x080053f7   Thumb Code    14  stm32f4xx_hal.o(.text)
    HAL_DBGMCU_DisableDBGStopMode            0x08005405   Thumb Code    14  stm32f4xx_hal.o(.text)
    HAL_DBGMCU_EnableDBGStandbyMode          0x08005413   Thumb Code    14  stm32f4xx_hal.o(.text)
    HAL_DBGMCU_DisableDBGStandbyMode         0x08005421   Thumb Code    14  stm32f4xx_hal.o(.text)
    HAL_EnableCompensationCell               0x0800542f   Thumb Code     8  stm32f4xx_hal.o(.text)
    HAL_DisableCompensationCell              0x08005437   Thumb Code     8  stm32f4xx_hal.o(.text)
    HAL_GetUIDw0                             0x0800543f   Thumb Code     6  stm32f4xx_hal.o(.text)
    HAL_GetUIDw1                             0x08005445   Thumb Code     8  stm32f4xx_hal.o(.text)
    HAL_GetUIDw2                             0x0800544d   Thumb Code     8  stm32f4xx_hal.o(.text)
    TIM_Base_SetConfig                       0x0800547d   Thumb Code   134  stm32f4xx_hal_tim.o(.text)
    HAL_TIM_Base_MspInit                     0x08005503   Thumb Code     2  stm32f4xx_hal_tim.o(.text)
    HAL_TIM_Base_Init                        0x08005505   Thumb Code    52  stm32f4xx_hal_tim.o(.text)
    HAL_TIM_Base_MspDeInit                   0x08005539   Thumb Code     2  stm32f4xx_hal_tim.o(.text)
    HAL_TIM_Base_DeInit                      0x0800553b   Thumb Code    70  stm32f4xx_hal_tim.o(.text)
    HAL_TIM_Base_Start                       0x08005581   Thumb Code    42  stm32f4xx_hal_tim.o(.text)
    HAL_TIM_Base_Stop                        0x080055ab   Thumb Code    56  stm32f4xx_hal_tim.o(.text)
    HAL_TIM_Base_Start_IT                    0x080055e3   Thumb Code    42  stm32f4xx_hal_tim.o(.text)
    HAL_TIM_Base_Stop_IT                     0x0800560d   Thumb Code    56  stm32f4xx_hal_tim.o(.text)
    HAL_TIM_ErrorCallback                    0x08005645   Thumb Code     2  stm32f4xx_hal_tim.o(.text)
    TIM_DMAError                             0x08005647   Thumb Code    20  stm32f4xx_hal_tim.o(.text)
    HAL_TIM_PeriodElapsedHalfCpltCallback    0x0800565b   Thumb Code     2  stm32f4xx_hal_tim.o(.text)
    HAL_TIM_Base_Start_DMA                   0x08005687   Thumb Code   124  stm32f4xx_hal_tim.o(.text)
    HAL_TIM_Base_Stop_DMA                    0x08005703   Thumb Code    70  stm32f4xx_hal_tim.o(.text)
    HAL_TIM_OC_MspInit                       0x08005749   Thumb Code     2  stm32f4xx_hal_tim.o(.text)
    HAL_TIM_OC_Init                          0x0800574b   Thumb Code    52  stm32f4xx_hal_tim.o(.text)
    HAL_TIM_OC_MspDeInit                     0x0800577f   Thumb Code     2  stm32f4xx_hal_tim.o(.text)
    HAL_TIM_OC_DeInit                        0x08005781   Thumb Code    70  stm32f4xx_hal_tim.o(.text)
    TIM_CCxChannelCmd                        0x080057c7   Thumb Code    34  stm32f4xx_hal_tim.o(.text)
    HAL_TIM_OC_Start                         0x080057e9   Thumb Code    72  stm32f4xx_hal_tim.o(.text)
    HAL_TIM_OC_Stop                          0x08005831   Thumb Code   150  stm32f4xx_hal_tim.o(.text)
    HAL_TIM_OC_Start_IT                      0x080058c7   Thumb Code   148  stm32f4xx_hal_tim.o(.text)
    HAL_TIM_OC_Stop_IT                       0x0800595b   Thumb Code   188  stm32f4xx_hal_tim.o(.text)
    HAL_TIM_PWM_PulseFinishedHalfCpltCallback 0x08005a17   Thumb Code     2  stm32f4xx_hal_tim.o(.text)
    TIM_DMADelayPulseHalfCplt                0x08005a19   Thumb Code    70  stm32f4xx_hal_tim.o(.text)
    HAL_TIM_PWM_PulseFinishedCallback        0x08005a5f   Thumb Code     2  stm32f4xx_hal_tim.o(.text)
    TIM_DMADelayPulseCplt                    0x08005a61   Thumb Code    70  stm32f4xx_hal_tim.o(.text)
    HAL_TIM_OC_Start_DMA                     0x08005aa7   Thumb Code   374  stm32f4xx_hal_tim.o(.text)
    HAL_TIM_OC_Stop_DMA                      0x08005c1d   Thumb Code   218  stm32f4xx_hal_tim.o(.text)
    HAL_TIM_PWM_Init                         0x08005cf9   Thumb Code    58  stm32f4xx_hal_tim.o(.text)
    HAL_TIM_PWM_DeInit                       0x08005d35   Thumb Code    70  stm32f4xx_hal_tim.o(.text)
    HAL_TIM_PWM_Start                        0x08005d7b   Thumb Code    72  stm32f4xx_hal_tim.o(.text)
    HAL_TIM_PWM_Stop                         0x08005dc3   Thumb Code   118  stm32f4xx_hal_tim.o(.text)
    HAL_TIM_PWM_Start_IT                     0x08005e39   Thumb Code   148  stm32f4xx_hal_tim.o(.text)
    HAL_TIM_PWM_Stop_IT                      0x08005ecd   Thumb Code   188  stm32f4xx_hal_tim.o(.text)
    HAL_TIM_PWM_Start_DMA                    0x08005f89   Thumb Code   374  stm32f4xx_hal_tim.o(.text)
    HAL_TIM_PWM_Stop_DMA                     0x080060ff   Thumb Code   224  stm32f4xx_hal_tim.o(.text)
    HAL_TIM_IC_MspInit                       0x080061df   Thumb Code     2  stm32f4xx_hal_tim.o(.text)
    HAL_TIM_IC_Init                          0x080061e1   Thumb Code    52  stm32f4xx_hal_tim.o(.text)
    HAL_TIM_IC_MspDeInit                     0x08006215   Thumb Code     2  stm32f4xx_hal_tim.o(.text)
    HAL_TIM_IC_DeInit                        0x08006217   Thumb Code    70  stm32f4xx_hal_tim.o(.text)
    HAL_TIM_IC_Start                         0x0800625d   Thumb Code    44  stm32f4xx_hal_tim.o(.text)
    HAL_TIM_IC_Stop                          0x08006289   Thumb Code    58  stm32f4xx_hal_tim.o(.text)
    HAL_TIM_IC_Start_IT                      0x080062c3   Thumb Code   120  stm32f4xx_hal_tim.o(.text)
    HAL_TIM_IC_Stop_IT                       0x0800633b   Thumb Code   134  stm32f4xx_hal_tim.o(.text)
    HAL_TIM_IC_CaptureHalfCpltCallback       0x080063c1   Thumb Code     2  stm32f4xx_hal_tim.o(.text)
    TIM_DMACaptureHalfCplt                   0x080063c3   Thumb Code    70  stm32f4xx_hal_tim.o(.text)
    HAL_TIM_IC_CaptureCallback               0x08006409   Thumb Code     2  stm32f4xx_hal_tim.o(.text)
    TIM_DMACaptureCplt                       0x0800640b   Thumb Code    70  stm32f4xx_hal_tim.o(.text)
    HAL_TIM_IC_Start_DMA                     0x08006451   Thumb Code   346  stm32f4xx_hal_tim.o(.text)
    HAL_TIM_IC_Stop_DMA                      0x080065ab   Thumb Code   164  stm32f4xx_hal_tim.o(.text)
    HAL_TIM_OnePulse_MspInit                 0x0800664f   Thumb Code     2  stm32f4xx_hal_tim.o(.text)
    HAL_TIM_OnePulse_Init                    0x08006651   Thumb Code    76  stm32f4xx_hal_tim.o(.text)
    HAL_TIM_OnePulse_MspDeInit               0x0800669d   Thumb Code     2  stm32f4xx_hal_tim.o(.text)
    HAL_TIM_OnePulse_DeInit                  0x0800669f   Thumb Code    70  stm32f4xx_hal_tim.o(.text)
    HAL_TIM_OnePulse_Start                   0x080066e5   Thumb Code    58  stm32f4xx_hal_tim.o(.text)
    HAL_TIM_OnePulse_Stop                    0x0800671f   Thumb Code   122  stm32f4xx_hal_tim.o(.text)
    HAL_TIM_OnePulse_Start_IT                0x08006799   Thumb Code    82  stm32f4xx_hal_tim.o(.text)
    HAL_TIM_OnePulse_Stop_IT                 0x080067eb   Thumb Code   146  stm32f4xx_hal_tim.o(.text)
    HAL_TIM_Encoder_MspInit                  0x0800687d   Thumb Code     2  stm32f4xx_hal_tim.o(.text)
    HAL_TIM_Encoder_Init                     0x0800687f   Thumb Code   174  stm32f4xx_hal_tim.o(.text)
    HAL_TIM_Encoder_MspDeInit                0x0800692d   Thumb Code     2  stm32f4xx_hal_tim.o(.text)
    HAL_TIM_Encoder_DeInit                   0x0800692f   Thumb Code    70  stm32f4xx_hal_tim.o(.text)
    HAL_TIM_Encoder_Start                    0x08006975   Thumb Code    78  stm32f4xx_hal_tim.o(.text)
    HAL_TIM_Encoder_Stop                     0x080069c3   Thumb Code   104  stm32f4xx_hal_tim.o(.text)
    HAL_TIM_Encoder_Start_IT                 0x08006a2b   Thumb Code   126  stm32f4xx_hal_tim.o(.text)
    HAL_TIM_Encoder_Stop_IT                  0x08006aa9   Thumb Code   156  stm32f4xx_hal_tim.o(.text)
    HAL_TIM_Encoder_Start_DMA                0x08006b45   Thumb Code   384  stm32f4xx_hal_tim.o(.text)
    HAL_TIM_Encoder_Stop_DMA                 0x08006cc5   Thumb Code   176  stm32f4xx_hal_tim.o(.text)
    HAL_TIM_TriggerCallback                  0x08006d75   Thumb Code     2  stm32f4xx_hal_tim.o(.text)
    HAL_TIM_OC_DelayElapsedCallback          0x08006d77   Thumb Code     2  stm32f4xx_hal_tim.o(.text)
    HAL_TIM_IRQHandler                       0x08006d79   Thumb Code   406  stm32f4xx_hal_tim.o(.text)
    TIM_OC2_SetConfig                        0x08006fbf   Thumb Code   100  stm32f4xx_hal_tim.o(.text)
    HAL_TIM_OC_ConfigChannel                 0x0800707d   Thumb Code   116  stm32f4xx_hal_tim.o(.text)
    TIM_TI1_SetConfig                        0x0800719f   Thumb Code   102  stm32f4xx_hal_tim.o(.text)
    HAL_TIM_IC_ConfigChannel                 0x08007205   Thumb Code   224  stm32f4xx_hal_tim.o(.text)
    HAL_TIM_PWM_ConfigChannel                0x080072e5   Thumb Code   286  stm32f4xx_hal_tim.o(.text)
    HAL_TIM_OnePulse_ConfigChannel           0x08007403   Thumb Code   286  stm32f4xx_hal_tim.o(.text)
    HAL_TIM_TriggerHalfCpltCallback          0x08007521   Thumb Code     2  stm32f4xx_hal_tim.o(.text)
    HAL_TIM_DMABurst_WriteStart              0x0800754b   Thumb Code   452  stm32f4xx_hal_tim.o(.text)
    HAL_TIM_DMABurst_WriteStop               0x0800770f   Thumb Code   146  stm32f4xx_hal_tim.o(.text)
    HAL_TIM_DMABurst_ReadStart               0x080077a1   Thumb Code   452  stm32f4xx_hal_tim.o(.text)
    HAL_TIM_DMABurst_ReadStop                0x08007965   Thumb Code   190  stm32f4xx_hal_tim.o(.text)
    HAL_TIM_GenerateEvent                    0x08007a23   Thumb Code    54  stm32f4xx_hal_tim.o(.text)
    TIM_ETR_SetConfig                        0x08007a59   Thumb Code    22  stm32f4xx_hal_tim.o(.text)
    HAL_TIM_ConfigOCrefClear                 0x08007a6f   Thumb Code   270  stm32f4xx_hal_tim.o(.text)
    HAL_TIM_ConfigClockSource                0x08007bdd   Thumb Code   264  stm32f4xx_hal_tim.o(.text)
    HAL_TIM_ConfigTI1Input                   0x08007ce5   Thumb Code    22  stm32f4xx_hal_tim.o(.text)
    HAL_TIM_SlaveConfigSynchro               0x08007da5   Thumb Code   108  stm32f4xx_hal_tim.o(.text)
    HAL_TIM_SlaveConfigSynchro_IT            0x08007e11   Thumb Code   108  stm32f4xx_hal_tim.o(.text)
    HAL_TIM_ReadCapturedValue                0x08007e7d   Thumb Code    50  stm32f4xx_hal_tim.o(.text)
    HAL_TIM_Base_GetState                    0x08007eaf   Thumb Code     8  stm32f4xx_hal_tim.o(.text)
    HAL_TIM_OC_GetState                      0x08007eb7   Thumb Code     8  stm32f4xx_hal_tim.o(.text)
    HAL_TIM_PWM_GetState                     0x08007ebf   Thumb Code     8  stm32f4xx_hal_tim.o(.text)
    HAL_TIM_IC_GetState                      0x08007ec7   Thumb Code     8  stm32f4xx_hal_tim.o(.text)
    HAL_TIM_OnePulse_GetState                0x08007ecf   Thumb Code     8  stm32f4xx_hal_tim.o(.text)
    HAL_TIM_Encoder_GetState                 0x08007ed7   Thumb Code     8  stm32f4xx_hal_tim.o(.text)
    HAL_TIMEx_HallSensor_MspInit             0x08007ee1   Thumb Code     2  stm32f4xx_hal_tim_ex.o(.text)
    HAL_TIMEx_HallSensor_Init                0x08007ee3   Thumb Code   208  stm32f4xx_hal_tim_ex.o(.text)
    HAL_TIMEx_HallSensor_MspDeInit           0x08007fb3   Thumb Code     2  stm32f4xx_hal_tim_ex.o(.text)
    HAL_TIMEx_HallSensor_DeInit              0x08007fb5   Thumb Code    70  stm32f4xx_hal_tim_ex.o(.text)
    HAL_TIMEx_HallSensor_Start               0x08007ffb   Thumb Code    42  stm32f4xx_hal_tim_ex.o(.text)
    HAL_TIMEx_HallSensor_Stop                0x08008025   Thumb Code    56  stm32f4xx_hal_tim_ex.o(.text)
    HAL_TIMEx_HallSensor_Start_IT            0x0800805d   Thumb Code    54  stm32f4xx_hal_tim_ex.o(.text)
    HAL_TIMEx_HallSensor_Stop_IT             0x08008093   Thumb Code    68  stm32f4xx_hal_tim_ex.o(.text)
    HAL_TIMEx_HallSensor_Start_DMA           0x080080d7   Thumb Code   132  stm32f4xx_hal_tim_ex.o(.text)
    HAL_TIMEx_HallSensor_Stop_DMA            0x0800815b   Thumb Code    74  stm32f4xx_hal_tim_ex.o(.text)
    HAL_TIMEx_OCN_Start                      0x080081c7   Thumb Code    56  stm32f4xx_hal_tim_ex.o(.text)
    HAL_TIMEx_OCN_Stop                       0x080081ff   Thumb Code    96  stm32f4xx_hal_tim_ex.o(.text)
    HAL_TIMEx_OCN_Start_IT                   0x0800825f   Thumb Code   126  stm32f4xx_hal_tim_ex.o(.text)
    HAL_TIMEx_OCN_Stop_IT                    0x080082dd   Thumb Code   178  stm32f4xx_hal_tim_ex.o(.text)
    HAL_TIMEx_OCN_Start_DMA                  0x0800838f   Thumb Code   274  stm32f4xx_hal_tim_ex.o(.text)
    HAL_TIMEx_OCN_Stop_DMA                   0x080084a1   Thumb Code   200  stm32f4xx_hal_tim_ex.o(.text)
    HAL_TIMEx_PWMN_Start                     0x08008569   Thumb Code    56  stm32f4xx_hal_tim_ex.o(.text)
    HAL_TIMEx_PWMN_Stop                      0x080085a1   Thumb Code    96  stm32f4xx_hal_tim_ex.o(.text)
    HAL_TIMEx_PWMN_Start_IT                  0x08008601   Thumb Code   126  stm32f4xx_hal_tim_ex.o(.text)
    HAL_TIMEx_PWMN_Stop_IT                   0x0800867f   Thumb Code   178  stm32f4xx_hal_tim_ex.o(.text)
    HAL_TIMEx_PWMN_Start_DMA                 0x08008731   Thumb Code   274  stm32f4xx_hal_tim_ex.o(.text)
    HAL_TIMEx_PWMN_Stop_DMA                  0x08008843   Thumb Code   178  stm32f4xx_hal_tim_ex.o(.text)
    HAL_TIMEx_OnePulseN_Start                0x080088f5   Thumb Code    32  stm32f4xx_hal_tim_ex.o(.text)
    HAL_TIMEx_OnePulseN_Stop                 0x08008915   Thumb Code    96  stm32f4xx_hal_tim_ex.o(.text)
    HAL_TIMEx_OnePulseN_Start_IT             0x08008975   Thumb Code    56  stm32f4xx_hal_tim_ex.o(.text)
    HAL_TIMEx_OnePulseN_Stop_IT              0x080089ad   Thumb Code   120  stm32f4xx_hal_tim_ex.o(.text)
    HAL_TIMEx_ConfigCommutEvent              0x08008a25   Thumb Code   134  stm32f4xx_hal_tim_ex.o(.text)
    HAL_TIMEx_ConfigCommutEvent_IT           0x08008aab   Thumb Code   134  stm32f4xx_hal_tim_ex.o(.text)
    HAL_TIMEx_CommutHalfCpltCallback         0x08008b31   Thumb Code     2  stm32f4xx_hal_tim_ex.o(.text)
    TIMEx_DMACommutationHalfCplt             0x08008b33   Thumb Code    34  stm32f4xx_hal_tim_ex.o(.text)
    HAL_TIMEx_CommutCallback                 0x08008b55   Thumb Code     2  stm32f4xx_hal_tim_ex.o(.text)
    TIMEx_DMACommutationCplt                 0x08008b57   Thumb Code    20  stm32f4xx_hal_tim_ex.o(.text)
    HAL_TIMEx_ConfigCommutEvent_DMA          0x08008b6b   Thumb Code   156  stm32f4xx_hal_tim_ex.o(.text)
    HAL_TIMEx_MasterConfigSynchronization    0x08008c07   Thumb Code   134  stm32f4xx_hal_tim_ex.o(.text)
    HAL_TIMEx_ConfigBreakDeadTime            0x08008c8d   Thumb Code   116  stm32f4xx_hal_tim_ex.o(.text)
    HAL_TIMEx_RemapConfig                    0x08008d01   Thumb Code    42  stm32f4xx_hal_tim_ex.o(.text)
    HAL_TIMEx_BreakCallback                  0x08008d2b   Thumb Code     2  stm32f4xx_hal_tim_ex.o(.text)
    HAL_TIMEx_HallSensor_GetState            0x08008d2d   Thumb Code     8  stm32f4xx_hal_tim_ex.o(.text)
    HAL_UART_Init                            0x0800912f   Thumb Code   126  stm32f4xx_hal_uart.o(.text)
    HAL_HalfDuplex_Init                      0x080091ad   Thumb Code   118  stm32f4xx_hal_uart.o(.text)
    HAL_LIN_Init                             0x08009223   Thumb Code   142  stm32f4xx_hal_uart.o(.text)
    HAL_MultiProcessor_Init                  0x080092b1   Thumb Code   154  stm32f4xx_hal_uart.o(.text)
    HAL_UART_DeInit                          0x0800934d   Thumb Code    58  stm32f4xx_hal_uart.o(.text)
    HAL_UART_Transmit                        0x080093f3   Thumb Code   216  stm32f4xx_hal_uart.o(.text)
    HAL_UART_Receive                         0x080094cb   Thumb Code   224  stm32f4xx_hal_uart.o(.text)
    HAL_UART_Transmit_IT                     0x080095ab   Thumb Code    88  stm32f4xx_hal_uart.o(.text)
    HAL_UART_Receive_IT                      0x08009603   Thumb Code   112  stm32f4xx_hal_uart.o(.text)
    HAL_UART_ErrorCallback                   0x08009673   Thumb Code     2  stm32f4xx_hal_uart.o(.text)
    HAL_UART_TxHalfCpltCallback              0x080096f9   Thumb Code     2  stm32f4xx_hal_uart.o(.text)
    HAL_UART_TxCpltCallback                  0x08009709   Thumb Code     2  stm32f4xx_hal_uart.o(.text)
    HAL_UART_Transmit_DMA                    0x08009741   Thumb Code   142  stm32f4xx_hal_uart.o(.text)
    HAL_UART_RxHalfCpltCallback              0x080097cf   Thumb Code     2  stm32f4xx_hal_uart.o(.text)
    HAL_UART_RxCpltCallback                  0x080097df   Thumb Code     2  stm32f4xx_hal_uart.o(.text)
    HAL_UART_Receive_DMA                     0x08009827   Thumb Code   182  stm32f4xx_hal_uart.o(.text)
    HAL_UART_DMAPause                        0x080098dd   Thumb Code   124  stm32f4xx_hal_uart.o(.text)
    HAL_UART_DMAResume                       0x08009959   Thumb Code   126  stm32f4xx_hal_uart.o(.text)
    HAL_UART_DMAStop                         0x080099d7   Thumb Code   102  stm32f4xx_hal_uart.o(.text)
    HAL_UART_Abort                           0x08009a3d   Thumb Code   170  stm32f4xx_hal_uart.o(.text)
    HAL_UART_AbortTransmit                   0x08009ae7   Thumb Code    90  stm32f4xx_hal_uart.o(.text)
    HAL_UART_AbortReceive                    0x08009b41   Thumb Code   124  stm32f4xx_hal_uart.o(.text)
    HAL_UART_AbortCpltCallback               0x08009bbd   Thumb Code     2  stm32f4xx_hal_uart.o(.text)
    HAL_UART_Abort_IT                        0x08009c27   Thumb Code   216  stm32f4xx_hal_uart.o(.text)
    HAL_UART_AbortTransmitCpltCallback       0x08009cff   Thumb Code     2  stm32f4xx_hal_uart.o(.text)
    HAL_UART_AbortTransmit_IT                0x08009d19   Thumb Code   104  stm32f4xx_hal_uart.o(.text)
    HAL_UART_AbortReceiveCpltCallback        0x08009d81   Thumb Code     2  stm32f4xx_hal_uart.o(.text)
    HAL_UART_AbortReceive_IT                 0x08009d9b   Thumb Code   116  stm32f4xx_hal_uart.o(.text)
    HAL_UART_IRQHandler                      0x08009f51   Thumb Code   360  stm32f4xx_hal_uart.o(.text)
    HAL_LIN_SendBreak                        0x0800a0b9   Thumb Code    62  stm32f4xx_hal_uart.o(.text)
    HAL_MultiProcessor_EnterMuteMode         0x0800a0f7   Thumb Code    62  stm32f4xx_hal_uart.o(.text)
    HAL_MultiProcessor_ExitMuteMode          0x0800a135   Thumb Code    62  stm32f4xx_hal_uart.o(.text)
    HAL_HalfDuplex_EnableTransmitter         0x0800a173   Thumb Code    68  stm32f4xx_hal_uart.o(.text)
    HAL_HalfDuplex_EnableReceiver            0x0800a1b7   Thumb Code    68  stm32f4xx_hal_uart.o(.text)
    HAL_UART_GetState                        0x0800a1fb   Thumb Code    20  stm32f4xx_hal_uart.o(.text)
    HAL_UART_GetError                        0x0800a20f   Thumb Code     6  stm32f4xx_hal_uart.o(.text)
    SystemInit                               0x0800a215   Thumb Code    24  system_stm32f4xx.o(.text)
    SystemCoreClockUpdate                    0x0800a22d   Thumb Code   170  system_stm32f4xx.o(.text)
    vListInitialise                          0x0800a2f1   Thumb Code    26  list.o(.text)
    vListInitialiseItem                      0x0800a30b   Thumb Code     6  list.o(.text)
    vListInsertEnd                           0x0800a311   Thumb Code    24  list.o(.text)
    vListInsert                              0x0800a329   Thumb Code    52  list.o(.text)
    uxListRemove                             0x0800a35d   Thumb Code    40  list.o(.text)
    xQueueGenericReset                       0x0800a385   Thumb Code   146  queue.o(.text)
    xQueueGenericCreateStatic                0x0800a43d   Thumb Code   224  queue.o(.text)
    xQueueGenericCreate                      0x0800a51d   Thumb Code    96  queue.o(.text)
    xQueueGenericSend                        0x0800a697   Thumb Code   428  queue.o(.text)
    xQueueCreateMutex                        0x0800a861   Thumb Code    34  queue.o(.text)
    xQueueCreateMutexStatic                  0x0800a883   Thumb Code    42  queue.o(.text)
    xQueueGenericSendFromISR                 0x0800a8ad   Thumb Code   248  queue.o(.text)
    xQueueGiveFromISR                        0x0800a9a5   Thumb Code   224  queue.o(.text)
    xQueueReceive                            0x0800aac9   Thumb Code   360  queue.o(.text)
    xQueueSemaphoreTake                      0x0800ac45   Thumb Code   434  queue.o(.text)
    xQueuePeek                               0x0800adf7   Thumb Code   362  queue.o(.text)
    xQueueReceiveFromISR                     0x0800af61   Thumb Code   202  queue.o(.text)
    xQueuePeekFromISR                        0x0800b02b   Thumb Code   182  queue.o(.text)
    uxQueueMessagesWaiting                   0x0800b0e1   Thumb Code    42  queue.o(.text)
    uxQueueSpacesAvailable                   0x0800b10b   Thumb Code    48  queue.o(.text)
    uxQueueMessagesWaitingFromISR            0x0800b13b   Thumb Code    34  queue.o(.text)
    vQueueUnregisterQueue                    0x0800b15d   Thumb Code    44  queue.o(.text)
    vQueueDelete                             0x0800b189   Thumb Code    50  queue.o(.text)
    xQueueIsQueueEmptyFromISR                0x0800b1bb   Thumb Code    42  queue.o(.text)
    xQueueIsQueueFullFromISR                 0x0800b1e5   Thumb Code    46  queue.o(.text)
    vQueueAddToRegistry                      0x0800b213   Thumb Code    38  queue.o(.text)
    pcQueueGetName                           0x0800b239   Thumb Code    38  queue.o(.text)
    xTaskCreateStatic                        0x0800b3f5   Thumb Code   186  tasks.o(.text)
    xTaskCreate                              0x0800b4af   Thumb Code   100  tasks.o(.text)
    vTaskDelete                              0x0800b58d   Thumb Code   272  tasks.o(.text)
    xTaskIncrementTick                       0x0800b69d   Thumb Code   282  tasks.o(.text)
    xTaskResumeAll                           0x0800b7b7   Thumb Code   224  tasks.o(.text)
    vTaskSuspendAll                          0x0800b913   Thumb Code    12  tasks.o(.text)
    vTaskDelay                               0x0800b91f   Thumb Code    82  tasks.o(.text)
    uxTaskPriorityGet                        0x0800b971   Thumb Code    30  tasks.o(.text)
    uxTaskPriorityGetFromISR                 0x0800b98f   Thumb Code    62  tasks.o(.text)
    vTaskPrioritySet                         0x0800b9cd   Thumb Code   324  tasks.o(.text)
    vTaskSwitchContext                       0x0800bb11   Thumb Code   118  tasks.o(.text)
    vTaskSuspend                             0x0800bb87   Thumb Code   210  tasks.o(.text)
    vTaskResume                              0x0800bca9   Thumb Code   128  tasks.o(.text)
    xTaskResumeFromISR                       0x0800bd29   Thumb Code   158  tasks.o(.text)
    vTaskStartScheduler                      0x0800be23   Thumb Code   146  tasks.o(.text)
    vTaskEndScheduler                        0x0800beb5   Thumb Code   104  tasks.o(.text)
    xTaskGetTickCount                        0x0800bf1d   Thumb Code     6  tasks.o(.text)
    xTaskGetTickCountFromISR                 0x0800bf23   Thumb Code    16  tasks.o(.text)
    uxTaskGetNumberOfTasks                   0x0800bf33   Thumb Code     6  tasks.o(.text)
    pcTaskGetName                            0x0800bf39   Thumb Code    44  tasks.o(.text)
    vTaskPlaceOnEventList                    0x0800bf65   Thumb Code    52  tasks.o(.text)
    vTaskPlaceOnUnorderedEventList           0x0800bf99   Thumb Code   100  tasks.o(.text)
    xTaskRemoveFromEventList                 0x0800bffd   Thumb Code   128  tasks.o(.text)
    vTaskRemoveFromUnorderedEventList        0x0800c07d   Thumb Code   142  tasks.o(.text)
    vTaskSetTimeOutState                     0x0800c10b   Thumb Code    50  tasks.o(.text)
    vTaskInternalSetTimeOutState             0x0800c13d   Thumb Code    14  tasks.o(.text)
    xTaskCheckForTimeOut                     0x0800c14b   Thumb Code   132  tasks.o(.text)
    vTaskMissedYield                         0x0800c1cf   Thumb Code     8  tasks.o(.text)
    xTaskGetCurrentTaskHandle                0x0800c1d7   Thumb Code     6  tasks.o(.text)
    xTaskGetSchedulerState                   0x0800c1dd   Thumb Code    24  tasks.o(.text)
    xTaskPriorityInherit                     0x0800c1f5   Thumb Code   186  tasks.o(.text)
    xTaskPriorityDisinherit                  0x0800c2af   Thumb Code   230  tasks.o(.text)
    vTaskPriorityDisinheritAfterTimeout      0x0800c395   Thumb Code   230  tasks.o(.text)
    uxTaskResetEventItemValue                0x0800c47b   Thumb Code    24  tasks.o(.text)
    pvTaskIncrementMutexHeldCount            0x0800c493   Thumb Code    26  tasks.o(.text)
    ulTaskNotifyTake                         0x0800c4ad   Thumb Code   108  tasks.o(.text)
    xTaskNotifyWait                          0x0800c519   Thumb Code   150  tasks.o(.text)
    xTaskGenericNotify                       0x0800c5af   Thumb Code   280  tasks.o(.text)
    xTaskGenericNotifyFromISR                0x0800c6c7   Thumb Code   354  tasks.o(.text)
    vTaskNotifyGiveFromISR                   0x0800c829   Thumb Code   214  tasks.o(.text)
    xTaskNotifyStateClear                    0x0800c8ff   Thumb Code    48  tasks.o(.text)
    osKernelStart                            0x0800c979   Thumb Code    10  cmsis_os.o(.text)
    osKernelRunning                          0x0800c983   Thumb Code    18  cmsis_os.o(.text)
    osKernelSysTick                          0x0800c995   Thumb Code    20  cmsis_os.o(.text)
    osThreadCreate                           0x0800c9a9   Thumb Code    94  cmsis_os.o(.text)
    osThreadGetId                            0x0800ca07   Thumb Code     8  cmsis_os.o(.text)
    osThreadTerminate                        0x0800ca0f   Thumb Code    14  cmsis_os.o(.text)
    osThreadYield                            0x0800ca1d   Thumb Code    20  cmsis_os.o(.text)
    osThreadSetPriority                      0x0800ca31   Thumb Code    26  cmsis_os.o(.text)
    osThreadGetPriority                      0x0800ca4b   Thumb Code    38  cmsis_os.o(.text)
    osDelay                                  0x0800ca71   Thumb Code    24  cmsis_os.o(.text)
    osTimerCreate                            0x0800ca89   Thumb Code     6  cmsis_os.o(.text)
    osTimerStart                             0x0800ca8f   Thumb Code     8  cmsis_os.o(.text)
    osTimerStop                              0x0800ca97   Thumb Code     8  cmsis_os.o(.text)
    osTimerDelete                            0x0800ca9f   Thumb Code     8  cmsis_os.o(.text)
    osSignalSet                              0x0800caa7   Thumb Code    92  cmsis_os.o(.text)
    osSignalWait                             0x0800cb03   Thumb Code    98  cmsis_os.o(.text)
    osMutexCreate                            0x0800cb65   Thumb Code    26  cmsis_os.o(.text)
    osMutexWait                              0x0800cb7f   Thumb Code   100  cmsis_os.o(.text)
    osMutexRelease                           0x0800cbe3   Thumb Code    76  cmsis_os.o(.text)
    osMutexDelete                            0x0800cc2f   Thumb Code    24  cmsis_os.o(.text)
    osSemaphoreCreate                        0x0800cc47   Thumb Code    74  cmsis_os.o(.text)
    osSemaphoreWait                          0x0800cc91   Thumb Code   100  cmsis_os.o(.text)
    osSemaphoreRelease                       0x0800ccf5   Thumb Code    76  cmsis_os.o(.text)
    osSemaphoreDelete                        0x0800cd41   Thumb Code    24  cmsis_os.o(.text)
    osPoolCreate                             0x0800cd59   Thumb Code   112  cmsis_os.o(.text)
    osPoolAlloc                              0x0800cdc9   Thumb Code   132  cmsis_os.o(.text)
    osPoolCAlloc                             0x0800ce4d   Thumb Code    22  cmsis_os.o(.text)
    osPoolFree                               0x0800ce63   Thumb Code    74  cmsis_os.o(.text)
    osMessageCreate                          0x0800cead   Thumb Code    40  cmsis_os.o(.text)
    osMessagePut                             0x0800ced5   Thumb Code    92  cmsis_os.o(.text)
    osMessageGet                             0x0800cf31   Thumb Code   150  cmsis_os.o(.text)
    osMailCreate                             0x0800cfc7   Thumb Code   122  cmsis_os.o(.text)
    osMailAlloc                              0x0800d041   Thumb Code    24  cmsis_os.o(.text)
    osMailCAlloc                             0x0800d059   Thumb Code    44  cmsis_os.o(.text)
    osMailPut                                0x0800d085   Thumb Code    90  cmsis_os.o(.text)
    osMailGet                                0x0800d0df   Thumb Code   146  cmsis_os.o(.text)
    osMailFree                               0x0800d171   Thumb Code    22  cmsis_os.o(.text)
    osSystickHandler                         0x0800d187   Thumb Code    16  cmsis_os.o(.text)
    osThreadSuspend                          0x0800d197   Thumb Code    14  cmsis_os.o(.text)
    osThreadResume                           0x0800d1a5   Thumb Code    46  cmsis_os.o(.text)
    osThreadSuspendAll                       0x0800d1d3   Thumb Code    10  cmsis_os.o(.text)
    osThreadResumeAll                        0x0800d1dd   Thumb Code    18  cmsis_os.o(.text)
    osDelayUntil                             0x0800d1ef   Thumb Code     6  cmsis_os.o(.text)
    osAbortDelay                             0x0800d1f5   Thumb Code     6  cmsis_os.o(.text)
    osThreadList                             0x0800d1fb   Thumb Code     6  cmsis_os.o(.text)
    osMessagePeek                            0x0800d201   Thumb Code    86  cmsis_os.o(.text)
    osMessageWaiting                         0x0800d257   Thumb Code    26  cmsis_os.o(.text)
    osMessageAvailableSpace                  0x0800d271   Thumb Code    12  cmsis_os.o(.text)
    osMessageDelete                          0x0800d27d   Thumb Code    24  cmsis_os.o(.text)
    osRecursiveMutexCreate                   0x0800d295   Thumb Code     6  cmsis_os.o(.text)
    osRecursiveMutexRelease                  0x0800d29b   Thumb Code     6  cmsis_os.o(.text)
    osRecursiveMutexWait                     0x0800d2a1   Thumb Code     6  cmsis_os.o(.text)
    osSemaphoreGetCount                      0x0800d2a7   Thumb Code    12  cmsis_os.o(.text)
    pvPortMalloc                             0x0800d37b   Thumb Code   296  heap_4.o(.text)
    vPortFree                                0x0800d4a3   Thumb Code   140  heap_4.o(.text)
    xPortGetFreeHeapSize                     0x0800d52f   Thumb Code     6  heap_4.o(.text)
    xPortGetMinimumEverFreeHeapSize          0x0800d535   Thumb Code     6  heap_4.o(.text)
    vPortInitialiseBlocks                    0x0800d53b   Thumb Code     2  heap_4.o(.text)
    pxPortInitialiseStack                    0x0800d591   Thumb Code    38  port.o(.text)
    vPortSetupTimerInterrupt                 0x0800d5b7   Thumb Code    36  port.o(.text)
    xPortStartScheduler                      0x0800d5db   Thumb Code   330  port.o(.text)
    vPortEndScheduler                        0x0800d725   Thumb Code    42  port.o(.text)
    vPortEnterCritical                       0x0800d74f   Thumb Code    78  port.o(.text)
    vPortExitCritical                        0x0800d79d   Thumb Code    56  port.o(.text)
    SysTick_Handler                          0x0800d7d5   Thumb Code    48  port.o(.text)
    vPortValidateInterruptPriority           0x0800d805   Thumb Code   108  port.o(.text)
    USBD_Init                                0x0800d895   Thumb Code    68  usbd_core.o(.text)
    USBD_DeInit                              0x0800d8d9   Thumb Code    66  usbd_core.o(.text)
    USBD_RegisterClass                       0x0800d91b   Thumb Code    38  usbd_core.o(.text)
    USBD_Start                               0x0800d941   Thumb Code    12  usbd_core.o(.text)
    USBD_Stop                                0x0800d94d   Thumb Code    46  usbd_core.o(.text)
    USBD_RunTestMode                         0x0800d97b   Thumb Code     6  usbd_core.o(.text)
    USBD_SetClassConfig                      0x0800d981   Thumb Code    32  usbd_core.o(.text)
    USBD_ClrClassConfig                      0x0800d9a1   Thumb Code    28  usbd_core.o(.text)
    USBD_LL_SetupStage                       0x0800d9bd   Thumb Code   118  usbd_core.o(.text)
    USBD_LL_DataOutStage                     0x0800da33   Thumb Code   146  usbd_core.o(.text)
    USBD_LL_DataInStage                      0x0800dac5   Thumb Code   230  usbd_core.o(.text)
    USBD_LL_Reset                            0x0800dbab   Thumb Code    90  usbd_core.o(.text)
    USBD_LL_SetSpeed                         0x0800dc05   Thumb Code     8  usbd_core.o(.text)
    USBD_LL_Suspend                          0x0800dc0d   Thumb Code    20  usbd_core.o(.text)
    USBD_LL_Resume                           0x0800dc21   Thumb Code    22  usbd_core.o(.text)
    USBD_LL_SOF                              0x0800dc37   Thumb Code    34  usbd_core.o(.text)
    USBD_LL_IsoINIncomplete                  0x0800dc59   Thumb Code     6  usbd_core.o(.text)
    USBD_LL_IsoOUTIncomplete                 0x0800dc5f   Thumb Code     6  usbd_core.o(.text)
    USBD_LL_DevConnected                     0x0800dc65   Thumb Code     6  usbd_core.o(.text)
    USBD_LL_DevDisconnected                  0x0800dc6b   Thumb Code    32  usbd_core.o(.text)
    USBD_CtlError                            0x0800dc9f   Thumb Code    24  usbd_ctlreq.o(.text)
    USBD_StdDevReq                           0x0800e10b   Thumb Code   170  usbd_ctlreq.o(.text)
    USBD_StdItfReq                           0x0800e1b5   Thumb Code   126  usbd_ctlreq.o(.text)
    USBD_StdEPReq                            0x0800e233   Thumb Code   554  usbd_ctlreq.o(.text)
    USBD_ParseSetupRequest                   0x0800e45d   Thumb Code    54  usbd_ctlreq.o(.text)
    USBD_GetString                           0x0800e4a9   Thumb Code    84  usbd_ctlreq.o(.text)
    USBD_CtlSendData                         0x0800e4fd   Thumb Code    34  usbd_ioreq.o(.text)
    USBD_CtlContinueSendData                 0x0800e51f   Thumb Code    24  usbd_ioreq.o(.text)
    USBD_CtlPrepareRx                        0x0800e537   Thumb Code    40  usbd_ioreq.o(.text)
    USBD_CtlContinueRx                       0x0800e55f   Thumb Code    24  usbd_ioreq.o(.text)
    USBD_CtlSendStatus                       0x0800e577   Thumb Code    26  usbd_ioreq.o(.text)
    USBD_CtlReceiveStatus                    0x0800e591   Thumb Code    26  usbd_ioreq.o(.text)
    USBD_GetRxCount                          0x0800e5ab   Thumb Code    16  usbd_ioreq.o(.text)
    USBD_CUSTOM_HID_SendReport               0x0800e7ed   Thumb Code    68  usbd_customhid.o(.text)
    USBD_CUSTOM_HID_ReceivePacket            0x0800e881   Thumb Code    34  usbd_customhid.o(.text)
    USBD_CUSTOM_HID_RegisterInterface        0x0800e8cf   Thumb Code    16  usbd_customhid.o(.text)
    __aeabi_uldivmod                         0x0800e8f5   Thumb Code    98  uldiv.o(.text)
    __aeabi_memcpy                           0x0800e957   Thumb Code    36  memcpya.o(.text)
    __aeabi_memcpy4                          0x0800e957   Thumb Code     0  memcpya.o(.text)
    __aeabi_memcpy8                          0x0800e957   Thumb Code     0  memcpya.o(.text)
    __aeabi_memset                           0x0800e97b   Thumb Code    14  memseta.o(.text)
    __aeabi_memset4                          0x0800e97b   Thumb Code     0  memseta.o(.text)
    __aeabi_memset8                          0x0800e97b   Thumb Code     0  memseta.o(.text)
    __aeabi_memclr                           0x0800e989   Thumb Code     4  memseta.o(.text)
    __aeabi_memclr4                          0x0800e989   Thumb Code     0  memseta.o(.text)
    __aeabi_memclr8                          0x0800e989   Thumb Code     0  memseta.o(.text)
    memset                                   0x0800e98d   Thumb Code    18  memseta.o(.text)
    __aeabi_llsl                             0x0800e99f   Thumb Code    30  llshl.o(.text)
    _ll_shift_l                              0x0800e99f   Thumb Code     0  llshl.o(.text)
    __aeabi_llsr                             0x0800e9bd   Thumb Code    32  llushr.o(.text)
    _ll_ushift_r                             0x0800e9bd   Thumb Code     0  llushr.o(.text)
    __scatterload                            0x0800e9dd   Thumb Code    28  init.o(.text)
    __scatterload_rt2                        0x0800e9dd   Thumb Code     0  init.o(.text)
    __decompress                             0x0800ea01   Thumb Code     0  __dczerorl2.o(.text)
    __decompress1                            0x0800ea01   Thumb Code    86  __dczerorl2.o(.text)
    __scatterload_copy                       0x0800ea57   Thumb Code    14  handlers.o(i.__scatterload_copy)
    __scatterload_null                       0x0800ea65   Thumb Code     2  handlers.o(i.__scatterload_null)
    __scatterload_zeroinit                   0x0800ea67   Thumb Code    14  handlers.o(i.__scatterload_zeroinit)
    free                                     0x0800ea75   Thumb Code    76  malloc.o(i.free)
    malloc                                   0x0800eac5   Thumb Code    92  malloc.o(i.malloc)
    AHBPrescTable                            0x0800eba8   Data          16  system_stm32f4xx.o(.constdata)
    APBPrescTable                            0x0800ebb8   Data           8  system_stm32f4xx.o(.constdata)
    Region$$Table$$Base                      0x0800ebf0   Number         0  anon$$obj.o(Region$$Table)
    Region$$Table$$Limit                     0x0800ec10   Number         0  anon$$obj.o(Region$$Table)
    p1                                       0x20004000   Data           4  freertos.o(.data)
    flag                                     0x20004004   Data           1  freertos.o(.data)
    usb_hid_rec_mes                          0x20004005   Data           1  freertos.o(.data)
    defaultTaskHandle                        0x20004008   Data           4  freertos.o(.data)
    myLedTaskHandle                          0x2000400c   Data           4  freertos.o(.data)
    myUSBRecTasHandle                        0x20004010   Data           4  freertos.o(.data)
    myUSBTrTaskHandle                        0x20004014   Data           4  freertos.o(.data)
    FS_Desc                                  0x20004018   Data          28  usbd_desc.o(.data)
    USBD_FS_DeviceDesc                       0x20004034   Data          18  usbd_desc.o(.data)
    USBD_LangIDDesc                          0x20004048   Data           4  usbd_desc.o(.data)
    USBD_StringSerial                        0x2000404c   Data          26  usbd_desc.o(.data)
    USBD_CustomHID_fops_FS                   0x2000408c   Data          16  usbd_custom_hid_if.o(.data)
    uwTick                                   0x200040a0   Data           4  stm32f4xx_hal.o(.data)
    uwTickPrio                               0x200040a4   Data           4  stm32f4xx_hal.o(.data)
    uwTickFreq                               0x200040a8   Data           1  stm32f4xx_hal.o(.data)
    SystemCoreClock                          0x200040ac   Data           4  system_stm32f4xx.o(.data)
    pxCurrentTCB                             0x200040b0   Data           4  tasks.o(.data)
    USBD_CUSTOM_HID                          0x20004114   Data          56  usbd_customhid.o(.data)
    __microlib_freelist                      0x200041e8   Data           4  mvars.o(.data)
    __microlib_freelist_initialised          0x200041ec   Data           4  mvars.o(.data)
    dataToSend_TRND                          0x200041f0   Data          65  freertos.o(.bss)
    USB_HID_dataToSend                       0x20004231   Data          64  freertos.o(.bss)
    htim1                                    0x200044c8   Data          64  tim.o(.bss)
    htim3                                    0x20004508   Data          64  tim.o(.bss)
    htim4                                    0x20004548   Data          64  tim.o(.bss)
    huart1                                   0x20004588   Data          64  usart.o(.bss)
    hUsbDeviceFS                             0x200045c8   Data         720  usb_device.o(.bss)
    hpcd_USB_OTG_FS                          0x20004898   Data        1032  usbd_conf.o(.bss)
    USBD_StrDesc                             0x20004ca0   Data         512  usbd_desc.o(.bss)
    dataToReceive                            0x20004ea0   Data          64  usbd_custom_hid_if.o(.bss)
    htim11                                   0x20004ee0   Data          64  stm32f4xx_hal_timebase_tim.o(.bss)
    xQueueRegistry                           0x20004f20   Data          64  queue.o(.bss)
    __heap_base                              0x20008c50   Data           0  startup_stm32f411xe.o(HEAP)
    __heap_limit                             0x20008e50   Data           0  startup_stm32f411xe.o(HEAP)
    __initial_sp                             0x20009250   Data           0  startup_stm32f411xe.o(STACK)



==============================================================================

Memory Map of the image

  Image Entry point : 0x08000199

  Load Region LR_IROM1 (Base: 0x08000000, Size: 0x0000ee00, Max: 0x00080000, ABSOLUTE, COMPRESSED[0x0000ecb8])

    Execution Region ER_IROM1 (Exec base: 0x08000000, Load base: 0x08000000, Size: 0x0000ec10, Max: 0x00080000, ABSOLUTE)

    Exec Addr    Load Addr    Size         Type   Attr      Idx    E Section Name        Object

    0x08000000   0x08000000   0x00000198   Data   RO            3    RESET               startup_stm32f411xe.o
    0x08000198   0x08000198   0x00000000   Code   RO         1411  * .ARM.Collect$$$$00000000  mc_w.l(entry.o)
    0x08000198   0x08000198   0x00000004   Code   RO         1452    .ARM.Collect$$$$00000001  mc_w.l(entry2.o)
    0x0800019c   0x0800019c   0x00000004   Code   RO         1455    .ARM.Collect$$$$00000004  mc_w.l(entry5.o)
    0x080001a0   0x080001a0   0x00000000   Code   RO         1457    .ARM.Collect$$$$00000008  mc_w.l(entry7b.o)
    0x080001a0   0x080001a0   0x00000000   Code   RO         1459    .ARM.Collect$$$$0000000A  mc_w.l(entry8b.o)
    0x080001a0   0x080001a0   0x00000008   Code   RO         1460    .ARM.Collect$$$$0000000B  mc_w.l(entry9a.o)
    0x080001a8   0x080001a8   0x00000000   Code   RO         1462    .ARM.Collect$$$$0000000D  mc_w.l(entry10a.o)
    0x080001a8   0x080001a8   0x00000000   Code   RO         1464    .ARM.Collect$$$$0000000F  mc_w.l(entry11a.o)
    0x080001a8   0x080001a8   0x00000004   Code   RO         1453    .ARM.Collect$$$$00002712  mc_w.l(entry2.o)
    0x080001ac   0x080001ac   0x000000be   Code   RO         1275    .emb_text           port.o
    0x0800026a   0x0800026a   0x00000002   PAD
    0x0800026c   0x0800026c   0x00000024   Code   RO            4    .text               startup_stm32f411xe.o
    0x08000290   0x08000290   0x0000012c   Code   RO           13    .text               main.o
    0x080003bc   0x080003bc   0x00000094   Code   RO          215    .text               gpio.o
    0x08000450   0x08000450   0x00000184   Code   RO          239    .text               freertos.o
    0x080005d4   0x080005d4   0x00000388   Code   RO          295    .text               tim.o
    0x0800095c   0x0800095c   0x000000e0   Code   RO          325    .text               usart.o
    0x08000a3c   0x08000a3c   0x0000004c   Code   RO          355    .text               usb_device.o
    0x08000a88   0x08000a88   0x0000046e   Code   RO          386    .text               usbd_conf.o
    0x08000ef6   0x08000ef6   0x00000002   PAD
    0x08000ef8   0x08000ef8   0x00000180   Code   RO          413    .text               usbd_desc.o
    0x08001078   0x08001078   0x00000034   Code   RO          457    .text               usbd_custom_hid_if.o
    0x080010ac   0x080010ac   0x0000003c   Code   RO          488    .text               stm32f4xx_it.o
    0x080010e8   0x080010e8   0x00000054   Code   RO          516    .text               stm32f4xx_hal_msp.o
    0x0800113c   0x0800113c   0x000000b0   Code   RO          540    .text               stm32f4xx_hal_timebase_tim.o
    0x080011ec   0x080011ec   0x00000df6   Code   RO          567    .text               stm32f4xx_hal_pcd.o
    0x08001fe2   0x08001fe2   0x0000005c   Code   RO          591    .text               stm32f4xx_hal_pcd_ex.o
    0x0800203e   0x0800203e   0x00000002   PAD
    0x08002040   0x08002040   0x0000191c   Code   RO          615    .text               stm32f4xx_ll_usb.o
    0x0800395c   0x0800395c   0x00000934   Code   RO          640    .text               stm32f4xx_hal_rcc.o
    0x08004290   0x08004290   0x00000368   Code   RO          764    .text               stm32f4xx_hal_gpio.o
    0x080045f8   0x080045f8   0x000008b0   Code   RO          812    .text               stm32f4xx_hal_dma.o
    0x08004ea8   0x08004ea8   0x000003d0   Code   RO          885    .text               stm32f4xx_hal_cortex.o
    0x08005278   0x08005278   0x00000204   Code   RO          913    .text               stm32f4xx_hal.o
    0x0800547c   0x0800547c   0x00002a62   Code   RO          967    .text               stm32f4xx_hal_tim.o
    0x08007ede   0x08007ede   0x00000002   PAD
    0x08007ee0   0x08007ee0   0x00000e6c   Code   RO          991    .text               stm32f4xx_hal_tim_ex.o
    0x08008d4c   0x08008d4c   0x000014c8   Code   RO         1015    .text               stm32f4xx_hal_uart.o
    0x0800a214   0x0800a214   0x000000dc   Code   RO         1039    .text               system_stm32f4xx.o
    0x0800a2f0   0x0800a2f0   0x00000094   Code   RO         1112    .text               list.o
    0x0800a384   0x0800a384   0x00000ee0   Code   RO         1127    .text               queue.o
    0x0800b264   0x0800b264   0x000016e4   Code   RO         1175    .text               tasks.o
    0x0800c948   0x0800c948   0x00000970   Code   RO         1206    .text               cmsis_os.o
    0x0800d2b8   0x0800d2b8   0x0000029c   Code   RO         1248    .text               heap_4.o
    0x0800d554   0x0800d554   0x00000340   Code   RO         1276    .text               port.o
    0x0800d894   0x0800d894   0x000003f6   Code   RO         1308    .text               usbd_core.o
    0x0800dc8a   0x0800dc8a   0x00000002   PAD
    0x0800dc8c   0x0800dc8c   0x00000870   Code   RO         1332    .text               usbd_ctlreq.o
    0x0800e4fc   0x0800e4fc   0x000000be   Code   RO         1360    .text               usbd_ioreq.o
    0x0800e5ba   0x0800e5ba   0x00000002   PAD
    0x0800e5bc   0x0800e5bc   0x00000338   Code   RO         1384    .text               usbd_customhid.o
    0x0800e8f4   0x0800e8f4   0x00000062   Code   RO         1414    .text               mc_w.l(uldiv.o)
    0x0800e956   0x0800e956   0x00000024   Code   RO         1416    .text               mc_w.l(memcpya.o)
    0x0800e97a   0x0800e97a   0x00000024   Code   RO         1420    .text               mc_w.l(memseta.o)
    0x0800e99e   0x0800e99e   0x0000001e   Code   RO         1466    .text               mc_w.l(llshl.o)
    0x0800e9bc   0x0800e9bc   0x00000020   Code   RO         1468    .text               mc_w.l(llushr.o)
    0x0800e9dc   0x0800e9dc   0x00000024   Code   RO         1472    .text               mc_w.l(init.o)
    0x0800ea00   0x0800ea00   0x00000056   Code   RO         1482    .text               mc_w.l(__dczerorl2.o)
    0x0800ea56   0x0800ea56   0x0000000e   Code   RO         1476    i.__scatterload_copy  mc_w.l(handlers.o)
    0x0800ea64   0x0800ea64   0x00000002   Code   RO         1477    i.__scatterload_null  mc_w.l(handlers.o)
    0x0800ea66   0x0800ea66   0x0000000e   Code   RO         1478    i.__scatterload_zeroinit  mc_w.l(handlers.o)
    0x0800ea74   0x0800ea74   0x00000050   Code   RO         1424    i.free              mc_w.l(malloc.o)
    0x0800eac4   0x0800eac4   0x0000006c   Code   RO         1425    i.malloc            mc_w.l(malloc.o)
    0x0800eb30   0x0800eb30   0x00000070   Data   RO          241    .constdata          freertos.o
    0x0800eba0   0x0800eba0   0x00000008   Data   RO          813    .constdata          stm32f4xx_hal_dma.o
    0x0800eba8   0x0800eba8   0x00000018   Data   RO         1040    .constdata          system_stm32f4xx.o
    0x0800ebc0   0x0800ebc0   0x00000030   Data   RO          242    .conststring        freertos.o
    0x0800ebf0   0x0800ebf0   0x00000020   Data   RO         1474    Region$$Table       anon$$obj.o


    Execution Region RW_IRAM1 (Exec base: 0x20004000, Load base: 0x0800ec10, Size: 0x00005250, Max: 0x00020000, ABSOLUTE, COMPRESSED[0x000000a8])

    Exec Addr    Load Addr    Size         Type   Attr      Idx    E Section Name        Object

    0x20004000   COMPRESSED   0x00000018   Data   RW          243    .data               freertos.o
    0x20004018   COMPRESSED   0x0000004e   Data   RW          415    .data               usbd_desc.o
    0x20004066   COMPRESSED   0x00000002   PAD
    0x20004068   COMPRESSED   0x00000034   Data   RW          459    .data               usbd_custom_hid_if.o
    0x2000409c   COMPRESSED   0x00000004   Data   RW          616    .data               stm32f4xx_ll_usb.o
    0x200040a0   COMPRESSED   0x00000009   Data   RW          914    .data               stm32f4xx_hal.o
    0x200040a9   COMPRESSED   0x00000003   PAD
    0x200040ac   COMPRESSED   0x00000004   Data   RW         1041    .data               system_stm32f4xx.o
    0x200040b0   COMPRESSED   0x0000003c   Data   RW         1177    .data               tasks.o
    0x200040ec   COMPRESSED   0x00000018   Data   RW         1250    .data               heap_4.o
    0x20004104   COMPRESSED   0x0000000c   Data   RW         1277    .data               port.o
    0x20004110   COMPRESSED   0x00000001   Data   RW         1333    .data               usbd_ctlreq.o
    0x20004111   COMPRESSED   0x00000003   PAD
    0x20004114   COMPRESSED   0x000000d2   Data   RW         1385    .data               usbd_customhid.o
    0x200041e6   COMPRESSED   0x00000002   PAD
    0x200041e8   COMPRESSED   0x00000004   Data   RW         1470    .data               mc_w.l(mvars.o)
    0x200041ec   COMPRESSED   0x00000004   Data   RW         1471    .data               mc_w.l(mvars.o)
    0x200041f0        -       0x000002d8   Zero   RW          240    .bss                freertos.o
    0x200044c8        -       0x000000c0   Zero   RW          296    .bss                tim.o
    0x20004588        -       0x00000040   Zero   RW          326    .bss                usart.o
    0x200045c8        -       0x000002d0   Zero   RW          356    .bss                usb_device.o
    0x20004898        -       0x00000408   Zero   RW          387    .bss                usbd_conf.o
    0x20004ca0        -       0x00000200   Zero   RW          414    .bss                usbd_desc.o
    0x20004ea0        -       0x00000040   Zero   RW          458    .bss                usbd_custom_hid_if.o
    0x20004ee0        -       0x00000040   Zero   RW          541    .bss                stm32f4xx_hal_timebase_tim.o
    0x20004f20        -       0x00000040   Zero   RW         1128    .bss                queue.o
    0x20004f60        -       0x000000f0   Zero   RW         1176    .bss                tasks.o
    0x20005050        -       0x00003c00   Zero   RW         1249    .bss                heap_4.o
    0x20008c50        -       0x00000200   Zero   RW            2    HEAP                startup_stm32f411xe.o
    0x20008e50        -       0x00000400   Zero   RW            1    STACK               startup_stm32f411xe.o


==============================================================================

Image component sizes


      Code (inc. data)   RO Data    RW Data    ZI Data      Debug   Object Name

      2416         12          0          0          0      41364   cmsis_os.o
         0          0          0          0          0      18940   event_groups.o
       388         54        160         24        728       4546   freertos.o
       148          8          0          0          0        947   gpio.o
       668         24          0         24      15360       6600   heap_4.o
       148          0          0          0          0       2142   list.o
       300         26          0          0          0     467010   main.o
      1022         52          0         12          0       9255   port.o
      3808         22          0          0         64      20720   queue.o
        36          8        408          0       1536        860   startup_stm32f411xe.o
       516         40          0          9          0      10752   stm32f4xx_hal.o
       976         20          0          0          0      36262   stm32f4xx_hal_cortex.o
      2224         28          8          0          0       7189   stm32f4xx_hal_dma.o
       872         32          0          0          0       3631   stm32f4xx_hal_gpio.o
        84          6          0          0          0        878   stm32f4xx_hal_msp.o
      3574         10          0          0          0      11743   stm32f4xx_hal_pcd.o
        92          0          0          0          0       1988   stm32f4xx_hal_pcd_ex.o
      2356         70          0          0          0       5443   stm32f4xx_hal_rcc.o
     10850        132          0          0          0      34844   stm32f4xx_hal_tim.o
      3692         60          0          0          0      13328   stm32f4xx_hal_tim_ex.o
       176         18          0          0         64       1819   stm32f4xx_hal_timebase_tim.o
      5320         50          0          0          0      16460   stm32f4xx_hal_uart.o
        60         14          0          0          0       1371   stm32f4xx_it.o
      6428        118          0          4          0      17183   stm32f4xx_ll_usb.o
         0          0          0          0          0        392   stream_buffer.o
       220         26         24          4          0       1597   system_stm32f4xx.o
      5860        298          0         60        240      27774   tasks.o
       904         38          0          0        192       2851   tim.o
       224         18          0          0         64       1575   usart.o
        76         16          0          0        720        792   usb_device.o
      1134         18          0          0       1032       9034   usbd_conf.o
      1014          0          0          0          0       6477   usbd_core.o
      2160         28          0          1          0      10958   usbd_ctlreq.o
        52         10          0         52         64       1626   usbd_custom_hid_if.o
       824         32          0        210          0       6787   usbd_customhid.o
       384        118          0         78        512       4037   usbd_desc.o
       190          0          0          0          0       2770   usbd_ioreq.o

    ----------------------------------------------------------------------
     59208       1406        632        488      20576     811945   Object Totals
         0          0         32          0          0          0   (incl. Generated)
        12          0          0         10          0          0   (incl. Padding)

    ----------------------------------------------------------------------

      Code (inc. data)   RO Data    RW Data    ZI Data      Debug   Library Member Name

        86          0          0          0          0          0   __dczerorl2.o
         0          0          0          0          0          0   entry.o
         0          0          0          0          0          0   entry10a.o
         0          0          0          0          0          0   entry11a.o
         8          4          0          0          0          0   entry2.o
         4          0          0          0          0          0   entry5.o
         0          0          0          0          0          0   entry7b.o
         0          0          0          0          0          0   entry8b.o
         8          4          0          0          0          0   entry9a.o
        30          0          0          0          0          0   handlers.o
        36          8          0          0          0         68   init.o
        30          0          0          0          0         68   llshl.o
        32          0          0          0          0         68   llushr.o
       188         20          0          0          0        160   malloc.o
        36          0          0          0          0         68   memcpya.o
        36          0          0          0          0        108   memseta.o
         0          0          0          8          0          0   mvars.o
        98          0          0          0          0         92   uldiv.o

    ----------------------------------------------------------------------
       592         36          0          8          0        632   Library Totals
         0          0          0          0          0          0   (incl. Padding)

    ----------------------------------------------------------------------

      Code (inc. data)   RO Data    RW Data    ZI Data      Debug   Library Name

       592         36          0          8          0        632   mc_w.l

    ----------------------------------------------------------------------
       592         36          0          8          0        632   Library Totals

    ----------------------------------------------------------------------

==============================================================================


      Code (inc. data)   RO Data    RW Data    ZI Data      Debug   

     59800       1442        632        496      20576     804301   Grand Totals
     59800       1442        632        168      20576     804301   ELF Image Totals (compressed)
     59800       1442        632        168          0          0   ROM Totals

==============================================================================

    Total RO  Size (Code + RO Data)                60432 (  59.02kB)
    Total RW  Size (RW Data + ZI Data)             21072 (  20.58kB)
    Total ROM Size (Code + RO Data + RW Data)      60600 (  59.18kB)

==============================================================================

