Component: ARM Compiler 5.06 update 6 (build 750) Tool: armlink [4d35ed]

==============================================================================

Section Cross References

    startup_stm32f411xe.o(RESET) refers to startup_stm32f411xe.o(STACK) for __initial_sp
    startup_stm32f411xe.o(RESET) refers to startup_stm32f411xe.o(.text) for Reset_Handler
    startup_stm32f411xe.o(RESET) refers to stm32f4xx_it.o(.text) for NMI_Handler
    startup_stm32f411xe.o(RESET) refers to port.o(.emb_text) for SVC_Handler
    startup_stm32f411xe.o(RESET) refers to port.o(.text) for SysTick_Handler
    startup_stm32f411xe.o(.text) refers to system_stm32f4xx.o(.text) for SystemInit
    startup_stm32f411xe.o(.text) refers to entry.o(.ARM.Collect$$$$00000000) for __main
    main.o(.text) refers to memseta.o(.text) for __aeabi_memclr4
    main.o(.text) refers to stm32f4xx_hal_rcc.o(.text) for HAL_RCC_OscConfig
    main.o(.text) refers to stm32f4xx_hal.o(.text) for HAL_Init
    main.o(.text) refers to gpio.o(.text) for MX_GPIO_Init
    main.o(.text) refers to tim.o(.text) for MX_TIM1_Init
    main.o(.text) refers to usart.o(.text) for MX_USART1_UART_Init
    main.o(.text) refers to stm32f4xx_hal_tim.o(.text) for HAL_TIM_Base_Start
    main.o(.text) refers to usb_device.o(.text) for MX_USB_DEVICE_Init
    main.o(.text) refers to freertos.o(.text) for MX_FREERTOS_Init
    main.o(.text) refers to cmsis_os.o(.text) for osKernelStart
    main.o(.text) refers to tim.o(.bss) for htim1
    gpio.o(.text) refers to memseta.o(.text) for __aeabi_memclr4
    gpio.o(.text) refers to stm32f4xx_hal_gpio.o(.text) for HAL_GPIO_WritePin
    freertos.o(.text) refers to memcpya.o(.text) for __aeabi_memcpy4
    freertos.o(.text) refers to cmsis_os.o(.text) for osThreadCreate
    freertos.o(.text) refers to usb_device.o(.text) for MX_USB_DEVICE_Init
    freertos.o(.text) refers to stm32f4xx_hal_gpio.o(.text) for HAL_GPIO_TogglePin
    freertos.o(.text) refers to usbd_customhid.o(.text) for USBD_CUSTOM_HID_SendReport
    freertos.o(.text) refers to freertos.o(.bss) for xIdleTaskTCBBuffer
    freertos.o(.text) refers to freertos.o(.constdata) for .constdata
    freertos.o(.text) refers to freertos.o(.data) for defaultTaskHandle
    freertos.o(.text) refers to usbd_custom_hid_if.o(.data) for dataToReceive
    freertos.o(.text) refers to usb_device.o(.bss) for hUsbDeviceFS
    freertos.o(.constdata) refers to freertos.o(.conststring) for .conststring
    freertos.o(.constdata) refers to freertos.o(.text) for StartDefaultTask
    tim.o(.text) refers to memseta.o(.text) for __aeabi_memclr4
    tim.o(.text) refers to stm32f4xx_hal_gpio.o(.text) for HAL_GPIO_Init
    tim.o(.text) refers to stm32f4xx_hal_tim.o(.text) for HAL_TIM_PWM_Init
    tim.o(.text) refers to main.o(.text) for Error_Handler
    tim.o(.text) refers to stm32f4xx_hal_tim_ex.o(.text) for HAL_TIMEx_MasterConfigSynchronization
    tim.o(.text) refers to stm32f4xx_hal_cortex.o(.text) for HAL_NVIC_SetPriority
    tim.o(.text) refers to tim.o(.bss) for htim1
    usart.o(.text) refers to stm32f4xx_hal_uart.o(.text) for HAL_UART_Init
    usart.o(.text) refers to main.o(.text) for Error_Handler
    usart.o(.text) refers to memseta.o(.text) for __aeabi_memclr4
    usart.o(.text) refers to stm32f4xx_hal_gpio.o(.text) for HAL_GPIO_Init
    usart.o(.text) refers to usart.o(.bss) for huart1
    usb_device.o(.text) refers to usbd_core.o(.text) for USBD_Init
    usb_device.o(.text) refers to main.o(.text) for Error_Handler
    usb_device.o(.text) refers to usbd_customhid.o(.text) for USBD_CUSTOM_HID_RegisterInterface
    usb_device.o(.text) refers to usbd_desc.o(.data) for FS_Desc
    usb_device.o(.text) refers to usb_device.o(.bss) for hUsbDeviceFS
    usb_device.o(.text) refers to usbd_customhid.o(.data) for USBD_CUSTOM_HID
    usb_device.o(.text) refers to usbd_custom_hid_if.o(.data) for USBD_CustomHID_fops_FS
    usbd_conf.o(.text) refers to memseta.o(.text) for __aeabi_memclr4
    usbd_conf.o(.text) refers to stm32f4xx_hal_gpio.o(.text) for HAL_GPIO_Init
    usbd_conf.o(.text) refers to stm32f4xx_hal_cortex.o(.text) for HAL_NVIC_SetPriority
    usbd_conf.o(.text) refers to usbd_core.o(.text) for USBD_LL_SetupStage
    usbd_conf.o(.text) refers to main.o(.text) for Error_Handler
    usbd_conf.o(.text) refers to stm32f4xx_hal_pcd.o(.text) for HAL_PCD_Init
    usbd_conf.o(.text) refers to stm32f4xx_hal_pcd_ex.o(.text) for HAL_PCDEx_SetRxFiFo
    usbd_conf.o(.text) refers to usbd_conf.o(.bss) for hpcd_USB_OTG_FS
    usbd_conf.o(.text) refers to stm32f4xx_hal.o(.text) for HAL_Delay
    usbd_desc.o(.text) refers to usbd_ctlreq.o(.text) for USBD_GetString
    usbd_desc.o(.text) refers to usbd_desc.o(.data) for USBD_FS_DeviceDesc
    usbd_desc.o(.text) refers to usbd_desc.o(.bss) for USBD_StrDesc
    usbd_desc.o(.data) refers to usbd_desc.o(.text) for USBD_FS_DeviceDescriptor
    usbd_custom_hid_if.o(.text) refers to usb_device.o(.bss) for hUsbDeviceFS
[...]
    USBD_CUSTOM_HID_GetFSCfgDesc             0x0800e80d   Thumb Code    10  usbd_customhid.o(.text)
    USBD_CUSTOM_HID_GetHSCfgDesc             0x0800e817   Thumb Code    10  usbd_customhid.o(.text)
    USBD_CUSTOM_HID_GetOtherSpeedCfgDesc     0x0800e821   Thumb Code    10  usbd_customhid.o(.text)
    USBD_CUSTOM_HID_DataIn                   0x0800e82b   Thumb Code    14  usbd_customhid.o(.text)
    USBD_CUSTOM_HID_DataOut                  0x0800e839   Thumb Code    36  usbd_customhid.o(.text)
    USBD_CUSTOM_HID_EP0_RxReady              0x0800e87f   Thumb Code    34  usbd_customhid.o(.text)
    USBD_CUSTOM_HID_GetDeviceQualifierDesc   0x0800e8a1   Thumb Code    10  usbd_customhid.o(.text)
    .text                                    0x0800e8d0   Section        0  uldiv.o(.text)
    .text                                    0x0800e932   Section        0  memcpya.o(.text)
    .text                                    0x0800e956   Section        0  memseta.o(.text)
    .text                                    0x0800e97a   Section        0  llshl.o(.text)
    .text                                    0x0800e998   Section        0  llushr.o(.text)
    .text                                    0x0800e9b8   Section       36  init.o(.text)
    .text                                    0x0800e9dc   Section        0  __dczerorl2.o(.text)
    i.__scatterload_copy                     0x0800ea32   Section       14  handlers.o(i.__scatterload_copy)
    i.__scatterload_null                     0x0800ea40   Section        2  handlers.o(i.__scatterload_null)
    i.__scatterload_zeroinit                 0x0800ea42   Section       14  handlers.o(i.__scatterload_zeroinit)
    i.free                                   0x0800ea50   Section        0  malloc.o(i.free)
    i.malloc                                 0x0800eaa0   Section        0  malloc.o(i.malloc)
    .constdata                               0x0800eb0c   Section      112  freertos.o(.constdata)
    .constdata                               0x0800eb7c   Section        8  stm32f4xx_hal_dma.o(.constdata)
    flagBitshiftOffset                       0x0800eb7c   Data           8  stm32f4xx_hal_dma.o(.constdata)
    .constdata                               0x0800eb84   Section       24  system_stm32f4xx.o(.constdata)
    .conststring                             0x0800eb9c   Section       48  freertos.o(.conststring)
    .data                                    0x20008000   Section       24  freertos.o(.data)
    .data                                    0x20008018   Section       78  usbd_desc.o(.data)
    .data                                    0x20008068   Section      128  usbd_custom_hid_if.o(.data)
    CUSTOM_HID_ReportDesc_FS                 0x20008068   Data         108  usbd_custom_hid_if.o(.data)
    .data                                    0x200080e8   Section        4  stm32f4xx_ll_usb.o(.data)
    tmpreg                                   0x200080e8   Data           4  stm32f4xx_ll_usb.o(.data)
    .data                                    0x200080ec   Section        9  stm32f4xx_hal.o(.data)
    .data                                    0x200080f8   Section        4  system_stm32f4xx.o(.data)
    .data                                    0x200080fc   Section       60  tasks.o(.data)
    pxDelayedTaskList                        0x20008100   Data           4  tasks.o(.data)
    pxOverflowDelayedTaskList                0x20008104   Data           4  tasks.o(.data)
    uxDeletedTasksWaitingCleanUp             0x20008108   Data           4  tasks.o(.data)
    uxCurrentNumberOfTasks                   0x2000810c   Data           4  tasks.o(.data)
    xTickCount                               0x20008110   Data           4  tasks.o(.data)
    uxTopReadyPriority                       0x20008114   Data           4  tasks.o(.data)
    xSchedulerRunning                        0x20008118   Data           4  tasks.o(.data)
    uxPendedTicks                            0x2000811c   Data           4  tasks.o(.data)
    xYieldPending                            0x20008120   Data           4  tasks.o(.data)
    xNumOfOverflows                          0x20008124   Data           4  tasks.o(.data)
    uxTaskNumber                             0x20008128   Data           4  tasks.o(.data)
    xNextTaskUnblockTime                     0x2000812c   Data           4  tasks.o(.data)
    xIdleTaskHandle                          0x20008130   Data           4  tasks.o(.data)
    uxSchedulerSuspended                     0x20008134   Data           4  tasks.o(.data)
    .data                                    0x20008138   Section       24  heap_4.o(.data)
    xStart                                   0x20008138   Data           8  heap_4.o(.data)
    pxEnd                                    0x20008140   Data           4  heap_4.o(.data)
    xFreeBytesRemaining                      0x20008144   Data           4  heap_4.o(.data)
    xMinimumEverFreeBytesRemaining           0x20008148   Data           4  heap_4.o(.data)
    xBlockAllocatedBit                       0x2000814c   Data           4  heap_4.o(.data)
    .data                                    0x20008150   Section       12  port.o(.data)
    uxCriticalNesting                        0x20008150   Data           4  port.o(.data)
    ucMaxSysCallPriority                     0x20008154   Data           1  port.o(.data)
    ulMaxPRIGROUPValue                       0x20008158   Data           4  port.o(.data)
    .data                                    0x2000815c   Section        1  usbd_ctlreq.o(.data)
    cfgidx                                   0x2000815c   Data           1  usbd_ctlreq.o(.data)
    .data                                    0x20008160   Section      210  usbd_customhid.o(.data)
    USBD_CUSTOM_HID_CfgFSDesc                0x20008198   Data          41  usbd_customhid.o(.data)
    USBD_CUSTOM_HID_CfgHSDesc                0x200081c4   Data          41  usbd_customhid.o(.data)
    USBD_CUSTOM_HID_OtherSpeedCfgDesc        0x200081f0   Data          41  usbd_customhid.o(.data)
    USBD_CUSTOM_HID_Desc                     0x2000821c   Data           9  usbd_customhid.o(.data)
    USBD_CUSTOM_HID_DeviceQualifierDesc      0x20008228   Data          10  usbd_customhid.o(.data)
    .data                                    0x20008234   Section        4  mvars.o(.data)
    .data                                    0x20008238   Section        4  mvars.o(.data)
    .bss                                     0x2000823c   Section      596  freertos.o(.bss)
    xIdleTaskTCBBuffer                       0x2000823c   Data          84  freertos.o(.bss)
    xIdleStack                               0x20008290   Data         512  freertos.o(.bss)
    .bss                                     0x20008490   Section      192  tim.o(.bss)
    .bss                                     0x20008550   Section       64  usart.o(.bss)
    .bss                                     0x20008590   Section      720  usb_device.o(.bss)
    .bss                                     0x20008860   Section     1032  usbd_conf.o(.bss)
    .bss                                     0x20008c68   Section      512  usbd_desc.o(.bss)
    .bss                                     0x20008e68   Section       64  stm32f4xx_hal_timebase_tim.o(.bss)
    .bss                                     0x20008ea8   Section       64  queue.o(.bss)
    .bss                                     0x20008ee8   Section      240  tasks.o(.bss)
    pxReadyTasksLists                        0x20008ee8   Data         140  tasks.o(.bss)
    xDelayedTaskList1                        0x20008f74   Data          20  tasks.o(.bss)
    xDelayedTaskList2                        0x20008f88   Data          20  tasks.o(.bss)
    xPendingReadyList                        0x20008f9c   Data          20  tasks.o(.bss)
    xTasksWaitingTermination                 0x20008fb0   Data          20  tasks.o(.bss)
    xSuspendedTaskList                       0x20008fc4   Data          20  tasks.o(.bss)
    .bss                                     0x20008fd8   Section    15360  heap_4.o(.bss)
    ucHeap                                   0x20008fd8   Data       15360  heap_4.o(.bss)
    HEAP                                     0x2000cbd8   Section      512  startup_stm32f411xe.o(HEAP)
    STACK                                    0x2000cdd8   Section     1024  startup_stm32f411xe.o(STACK)

    Global Symbols

    Symbol Name                              Value     Ov Type        Size  Object(Section)

    BuildAttributes$$THM_ISAv4$E$P$D$K$B$S$7EM$VFPi3$EXTD16$VFPS$VFMA$PE$A:L22UL41UL21$X:L11$S22US41US21$IEEE1$IW$USESV6$~STKCKD$USESV7$~SHL$OSPACE$EBA8$MICROLIB$REQ8$PRES8$EABIv2 0x00000000   Number         0  anon$$obj.o ABSOLUTE
    __ARM_use_no_argv                        0x00000000   Number         0  main.o ABSOLUTE
    __cpp_initialize__aeabi_                  - Undefined Weak Reference
    __cxa_finalize                            - Undefined Weak Reference
    _clock_init                               - Undefined Weak Reference
    _microlib_exit                            - Undefined Weak Reference
    __Vectors_Size                           0x00000198   Number         0  startup_stm32f411xe.o ABSOLUTE
    __Vectors                                0x08000000   Data           4  startup_stm32f411xe.o(RESET)
    __Vectors_End                            0x08000198   Data           0  startup_stm32f411xe.o(RESET)
    __main                                   0x08000199   Thumb Code     0  entry.o(.ARM.Collect$$$$00000000)
    _main_stk                                0x08000199   Thumb Code     0  entry2.o(.ARM.Collect$$$$00000001)
    _main_scatterload                        0x0800019d   Thumb Code     0  entry5.o(.ARM.Collect$$$$00000004)
    __main_after_scatterload                 0x080001a1   Thumb Code     0  entry5.o(.ARM.Collect$$$$00000004)
    _main_clock                              0x080001a1   Thumb Code     0  entry7b.o(.ARM.Collect$$$$00000008)
    _main_cpp_init                           0x080001a1   Thumb Code     0  entry8b.o(.ARM.Collect$$$$0000000A)
    _main_init                               0x080001a1   Thumb Code     0  entry9a.o(.ARM.Collect$$$$0000000B)
    __rt_final_cpp                           0x080001a9   Thumb Code     0  entry10a.o(.ARM.Collect$$$$0000000D)
    __rt_final_exit                          0x080001a9   Thumb Code     0  entry11a.o(.ARM.Collect$$$$0000000F)
    SVC_Handler                              0x080001ad   Thumb Code    28  port.o(.emb_text)
    __asm___6_port_c_39a90d8d__prvStartFirstTask 0x080001cd   Thumb Code    36  port.o(.emb_text)
    __asm___6_port_c_39a90d8d__prvEnableVFP  0x080001f5   Thumb Code    16  port.o(.emb_text)
    PendSV_Handler                           0x08000209   Thumb Code    88  port.o(.emb_text)
    vPortGetIPSR                             0x08000265   Thumb Code     6  port.o(.emb_text)
    Reset_Handler                            0x0800026d   Thumb Code     8  startup_stm32f411xe.o(.text)
    ADC_IRQHandler                           0x08000287   Thumb Code     0  startup_stm32f411xe.o(.text)
    DMA1_Stream0_IRQHandler                  0x08000287   Thumb Code     0  startup_stm32f411xe.o(.text)
    DMA1_Stream1_IRQHandler                  0x08000287   Thumb Code     0  startup_stm32f411xe.o(.text)
    DMA1_Stream2_IRQHandler                  0x08000287   Thumb Code     0  startup_stm32f411xe.o(.text)
    DMA1_Stream3_IRQHandler                  0x08000287   Thumb Code     0  startup_stm32f411xe.o(.text)
    DMA1_Stream4_IRQHandler                  0x08000287   Thumb Code     0  startup_stm32f411xe.o(.text)
    DMA1_Stream5_IRQHandler                  0x08000287   Thumb Code     0  startup_stm32f411xe.o(.text)
    DMA1_Stream6_IRQHandler                  0x08000287   Thumb Code     0  startup_stm32f411xe.o(.text)
    DMA1_Stream7_IRQHandler                  0x08000287   Thumb Code     0  startup_stm32f411xe.o(.text)
    DMA2_Stream0_IRQHandler                  0x08000287   Thumb Code     0  startup_stm32f411xe.o(.text)
    DMA2_Stream1_IRQHandler                  0x08000287   Thumb Code     0  startup_stm32f411xe.o(.text)
    DMA2_Stream2_IRQHandler                  0x08000287   Thumb Code     0  startup_stm32f411xe.o(.text)
    DMA2_Stream3_IRQHandler                  0x08000287   Thumb Code     0  startup_stm32f411xe.o(.text)
    DMA2_Stream4_IRQHandler                  0x08000287   Thumb Code     0  startup_stm32f411xe.o(.text)
    DMA2_Stream5_IRQHandler                  0x08000287   Thumb Code     0  startup_stm32f411xe.o(.text)
    DMA2_Stream6_IRQHandler                  0x08000287   Thumb Code     0  startup_stm32f411xe.o(.text)
    DMA2_Stream7_IRQHandler                  0x08000287   Thumb Code     0  startup_stm32f411xe.o(.text)
    EXTI0_IRQHandler                         0x08000287   Thumb Code     0  startup_stm32f411xe.o(.text)
    EXTI15_10_IRQHandler                     0x08000287   Thumb Code     0  startup_stm32f411xe.o(.text)
    EXTI1_IRQHandler                         0x08000287   Thumb Code     0  startup_stm32f411xe.o(.text)
    EXTI2_IRQHandler                         0x08000287   Thumb Code     0  startup_stm32f411xe.o(.text)
    EXTI3_IRQHandler                         0x08000287   Thumb Code     0  startup_stm32f411xe.o(.text)
    EXTI4_IRQHandler                         0x08000287   Thumb Code     0  startup_stm32f411xe.o(.text)
    EXTI9_5_IRQHandler                       0x08000287   Thumb Code     0  startup_stm32f411xe.o(.text)
    FLASH_IRQHandler                         0x08000287   Thumb Code     0  startup_stm32f411xe.o(.text)
    FPU_IRQHandler                           0x08000287   Thumb Code     0  startup_stm32f411xe.o(.text)
    I2C1_ER_IRQHandler                       0x08000287   Thumb Code     0  startup_stm32f411xe.o(.text)
    I2C1_EV_IRQHandler                       0x08000287   Thumb Code     0  startup_stm32f411xe.o(.text)
    I2C2_ER_IRQHandler                       0x08000287   Thumb Code     0  startup_stm32f411xe.o(.text)
    I2C2_EV_IRQHandler                       0x08000287   Thumb Code     0  startup_stm32f411xe.o(.text)
    I2C3_ER_IRQHandler                       0x08000287   Thumb Code     0  startup_stm32f411xe.o(.text)
    I2C3_EV_IRQHandler                       0x08000287   Thumb Code     0  startup_stm32f411xe.o(.text)
    OTG_FS_WKUP_IRQHandler                   0x08000287   Thumb Code     0  startup_stm32f411xe.o(.text)
    PVD_IRQHandler                           0x08000287   Thumb Code     0  startup_stm32f411xe.o(.text)
    RCC_IRQHandler                           0x08000287   Thumb Code     0  startup_stm32f411xe.o(.text)
    RTC_Alarm_IRQHandler                     0x08000287   Thumb Code     0  startup_stm32f411xe.o(.text)
    RTC_WKUP_IRQHandler                      0x08000287   Thumb Code     0  startup_stm32f411xe.o(.text)
    SDIO_IRQHandler                          0x08000287   Thumb Code     0  startup_stm32f411xe.o(.text)
    SPI1_IRQHandler                          0x08000287   Thumb Code     0  startup_stm32f411xe.o(.text)
    SPI2_IRQHandler                          0x08000287   Thumb Code     0  startup_stm32f411xe.o(.text)
    SPI3_IRQHandler                          0x08000287   Thumb Code     0  startup_stm32f411xe.o(.text)
    SPI4_IRQHandler                          0x08000287   Thumb Code     0  startup_stm32f411xe.o(.text)
    SPI5_IRQHandler                          0x08000287   Thumb Code     0  startup_stm32f411xe.o(.text)
    TAMP_STAMP_IRQHandler                    0x08000287   Thumb Code     0  startup_stm32f411xe.o(.text)
    TIM1_BRK_TIM9_IRQHandler                 0x08000287   Thumb Code     0  startup_stm32f411xe.o(.text)
    TIM1_CC_IRQHandler                       0x08000287   Thumb Code     0  startup_stm32f411xe.o(.text)
    TIM1_UP_TIM10_IRQHandler                 0x08000287   Thumb Code     0  startup_stm32f411xe.o(.text)
    TIM2_IRQHandler                          0x08000287   Thumb Code     0  startup_stm32f411xe.o(.text)
    TIM3_IRQHandler                          0x08000287   Thumb Code     0  startup_stm32f411xe.o(.text)
    TIM4_IRQHandler                          0x08000287   Thumb Code     0  startup_stm32f411xe.o(.text)
    TIM5_IRQHandler                          0x08000287   Thumb Code     0  startup_stm32f411xe.o(.text)
    USART1_IRQHandler                        0x08000287   Thumb Code     0  startup_stm32f411xe.o(.text)
    USART2_IRQHandler                        0x08000287   Thumb Code     0  startup_stm32f411xe.o(.text)
    USART6_IRQHandler                        0x08000287   Thumb Code     0  startup_stm32f411xe.o(.text)
    WWDG_IRQHandler                          0x08000287   Thumb Code     0  startup_stm32f411xe.o(.text)
    Error_Handler                            0x08000291   Thumb Code     2  main.o(.text)
    SystemClock_Config                       0x08000293   Thumb Code   168  main.o(.text)
    main                                     0x0800033b   Thumb Code    86  main.o(.text)
    HAL_TIM_PeriodElapsedCallback            0x08000391   Thumb Code    18  main.o(.text)
    MX_GPIO_Init                             0x080003bd   Thumb Code   140  gpio.o(.text)
    vApplicationGetIdleTaskMemory            0x08000451   Thumb Code    14  freertos.o(.text)
    MX_FREERTOS_Init                         0x0800045f   Thumb Code   102  freertos.o(.text)
    StartDefaultTask                         0x080004c5   Thumb Code    14  freertos.o(.text)
    StartLedTask                             0x080004d3   Thumb Code    26  freertos.o(.text)
    StartUSBReceiveTask                      0x080004ed   Thumb Code   102  freertos.o(.text)
    StartUSBTransmitTask                     0x08000553   Thumb Code    32  freertos.o(.text)
    HAL_TIM_MspPostInit                      0x080005ad   Thumb Code   220  tim.o(.text)
    MX_TIM1_Init                             0x08000689   Thumb Code   170  tim.o(.text)
    MX_TIM3_Init                             0x08000733   Thumb Code   118  tim.o(.text)
    MX_TIM4_Init                             0x080007a9   Thumb Code   118  tim.o(.text)
    HAL_TIM_PWM_MspInit                      0x0800081f   Thumb Code   156  tim.o(.text)
    HAL_TIM_PWM_MspDeInit                    0x080008bb   Thumb Code    88  tim.o(.text)
    MX_USART1_UART_Init                      0x08000939   Thumb Code    46  usart.o(.text)
    HAL_UART_MspInit                         0x08000967   Thumb Code   124  usart.o(.text)
    HAL_UART_MspDeInit                       0x080009e3   Thumb Code    36  usart.o(.text)
    MX_USB_DEVICE_Init                       0x08000a19   Thumb Code    60  usb_device.o(.text)
    HAL_PCD_MspInit                          0x08000a65   Thumb Code   160  usbd_conf.o(.text)
    HAL_PCD_MspDeInit                        0x08000b05   Thumb Code    46  usbd_conf.o(.text)
    HAL_PCD_SetupStageCallback               0x08000b33   Thumb Code    18  usbd_conf.o(.text)
    HAL_PCD_DataOutStageCallback             0x08000b45   Thumb Code    32  usbd_conf.o(.text)
    HAL_PCD_DataInStageCallback              0x08000b65   Thumb Code    32  usbd_conf.o(.text)
    HAL_PCD_SOFCallback                      0x08000b85   Thumb Code    14  usbd_conf.o(.text)
    HAL_PCD_ResetCallback                    0x08000b93   Thumb Code    36  usbd_conf.o(.text)
    HAL_PCD_SuspendCallback                  0x08000bb7   Thumb Code    46  usbd_conf.o(.text)
    HAL_PCD_ResumeCallback                   0x08000be5   Thumb Code    14  usbd_conf.o(.text)
    HAL_PCD_ISOOUTIncompleteCallback         0x08000bf3   Thumb Code    18  usbd_conf.o(.text)
    HAL_PCD_ISOINIncompleteCallback          0x08000c05   Thumb Code    18  usbd_conf.o(.text)
    HAL_PCD_ConnectCallback                  0x08000c17   Thumb Code    14  usbd_conf.o(.text)
    HAL_PCD_DisconnectCallback               0x08000c25   Thumb Code    14  usbd_conf.o(.text)
    USBD_LL_Init                             0x08000c33   Thumb Code   100  usbd_conf.o(.text)
    USBD_Get_USB_Status                      0x08000c97   Thumb Code    44  usbd_conf.o(.text)
    USBD_LL_DeInit                           0x08000cc3   Thumb Code    30  usbd_conf.o(.text)
    USBD_LL_Start                            0x08000ce1   Thumb Code    30  usbd_conf.o(.text)
    USBD_LL_Stop                             0x08000cff   Thumb Code    30  usbd_conf.o(.text)
    USBD_LL_OpenEP                           0x08000d1d   Thumb Code    48  usbd_conf.o(.text)
    USBD_LL_CloseEP                          0x08000d4d   Thumb Code    38  usbd_conf.o(.text)
    USBD_LL_FlushEP                          0x08000d73   Thumb Code    38  usbd_conf.o(.text)
    USBD_LL_StallEP                          0x08000d99   Thumb Code    38  usbd_conf.o(.text)
    USBD_LL_ClearStallEP                     0x08000dbf   Thumb Code    38  usbd_conf.o(.text)
    USBD_LL_IsStallEP                        0x08000de5   Thumb Code    56  usbd_conf.o(.text)
    USBD_LL_SetUSBAddress                    0x08000e1d   Thumb Code    38  usbd_conf.o(.text)
    USBD_LL_Transmit                         0x08000e43   Thumb Code    66  usbd_conf.o(.text)
    USBD_LL_PrepareReceive                   0x08000e85   Thumb Code    48  usbd_conf.o(.text)
    USBD_LL_GetRxDataSize                    0x08000eb5   Thumb Code    18  usbd_conf.o(.text)
    USBD_LL_Delay                            0x08000ec7   Thumb Code    12  usbd_conf.o(.text)
    USBD_FS_DeviceDescriptor                 0x08000ed5   Thumb Code    10  usbd_desc.o(.text)
    USBD_FS_LangIDStrDescriptor              0x08000edf   Thumb Code    10  usbd_desc.o(.text)
    USBD_FS_ProductStrDescriptor             0x08000ee9   Thumb Code    34  usbd_desc.o(.text)
    USBD_FS_ManufacturerStrDescriptor        0x08000f0b   Thumb Code    20  usbd_desc.o(.text)
    USBD_FS_SerialStrDescriptor              0x08000f87   Thumb Code    20  usbd_desc.o(.text)
    USBD_FS_ConfigStrDescriptor              0x08000f9b   Thumb Code    34  usbd_desc.o(.text)
    USBD_FS_InterfaceStrDescriptor           0x08000fbd   Thumb Code    34  usbd_desc.o(.text)
    NMI_Handler                              0x08001089   Thumb Code     2  stm32f4xx_it.o(.text)
    HardFault_Handler                        0x0800108b   Thumb Code     4  stm32f4xx_it.o(.text)
    MemManage_Handler                        0x0800108f   Thumb Code     4  stm32f4xx_it.o(.text)
    BusFault_Handler                         0x08001093   Thumb Code     4  stm32f4xx_it.o(.text)
    UsageFault_Handler                       0x08001097   Thumb Code     4  stm32f4xx_it.o(.text)
    DebugMon_Handler                         0x0800109b   Thumb Code     2  stm32f4xx_it.o(.text)
    TIM1_TRG_COM_TIM11_IRQHandler            0x0800109d   Thumb Code    16  stm32f4xx_it.o(.text)
    OTG_FS_IRQHandler                        0x080010ad   Thumb Code    10  stm32f4xx_it.o(.text)
    HAL_MspInit                              0x080010c5   Thumb Code    78  stm32f4xx_hal_msp.o(.text)
    HAL_InitTick                             0x08001119   Thumb Code   122  stm32f4xx_hal_timebase_tim.o(.text)
    HAL_SuspendTick                          0x08001193   Thumb Code    18  stm32f4xx_hal_timebase_tim.o(.text)
    HAL_ResumeTick                           0x080011a5   Thumb Code    18  stm32f4xx_hal_timebase_tim.o(.text)
    HAL_PCD_Init                             0x080011cb   Thumb Code   358  stm32f4xx_hal_pcd.o(.text)
    HAL_PCD_Stop                             0x08001333   Thumb Code    74  stm32f4xx_hal_pcd.o(.text)
    HAL_PCD_DeInit                           0x0800137d   Thumb Code    38  stm32f4xx_hal_pcd.o(.text)
    HAL_PCD_Start                            0x080013a3   Thumb Code    74  stm32f4xx_hal_pcd.o(.text)
    HAL_PCD_IRQHandler                       0x0800168b   Thumb Code  1380  stm32f4xx_hal_pcd.o(.text)
    HAL_PCD_DevConnect                       0x08001bef   Thumb Code    68  stm32f4xx_hal_pcd.o(.text)
    HAL_PCD_DevDisconnect                    0x08001c33   Thumb Code    46  stm32f4xx_hal_pcd.o(.text)
    HAL_PCD_SetAddress                       0x08001c61   Thumb Code    54  stm32f4xx_hal_pcd.o(.text)
    HAL_PCD_EP_Open                          0x08001c97   Thumb Code   140  stm32f4xx_hal_pcd.o(.text)
    HAL_PCD_EP_Close                         0x08001d23   Thumb Code   106  stm32f4xx_hal_pcd.o(.text)
    HAL_PCD_EP_Receive                       0x08001d8d   Thumb Code    88  stm32f4xx_hal_pcd.o(.text)
    HAL_PCD_EP_GetRxCount                    0x08001de5   Thumb Code    22  stm32f4xx_hal_pcd.o(.text)
    HAL_PCD_EP_Transmit                      0x08001dfb   Thumb Code    90  stm32f4xx_hal_pcd.o(.text)
    HAL_PCD_EP_SetStall                      0x08001e55   Thumb Code   138  stm32f4xx_hal_pcd.o(.text)
    HAL_PCD_EP_ClrStall                      0x08001edf   Thumb Code   124  stm32f4xx_hal_pcd.o(.text)
    HAL_PCD_EP_Flush                         0x08001f5b   Thumb Code    68  stm32f4xx_hal_pcd.o(.text)
    HAL_PCD_ActivateRemoteWakeup             0x08001f9f   Thumb Code    12  stm32f4xx_hal_pcd.o(.text)
    HAL_PCD_DeActivateRemoteWakeup           0x08001fab   Thumb Code    12  stm32f4xx_hal_pcd.o(.text)
    HAL_PCD_GetState                         0x08001fb7   Thumb Code     8  stm32f4xx_hal_pcd.o(.text)
    HAL_PCDEx_SetTxFiFo                      0x08001fbf   Thumb Code    78  stm32f4xx_hal_pcd_ex.o(.text)
    HAL_PCDEx_SetRxFiFo                      0x0800200d   Thumb Code    10  stm32f4xx_hal_pcd_ex.o(.text)
    HAL_PCDEx_LPM_Callback                   0x08002017   Thumb Code     2  stm32f4xx_hal_pcd_ex.o(.text)
    HAL_PCDEx_BCD_Callback                   0x08002019   Thumb Code     2  stm32f4xx_hal_pcd_ex.o(.text)
    USB_CoreInit                             0x08002063   Thumb Code   128  stm32f4xx_ll_usb.o(.text)
    USB_SetTurnaroundTime                    0x080020e3   Thumb Code   192  stm32f4xx_ll_usb.o(.text)
    USB_EnableGlobalInt                      0x080021a3   Thumb Code    14  stm32f4xx_ll_usb.o(.text)
    USB_DisableGlobalInt                     0x080021b1   Thumb Code    14  stm32f4xx_ll_usb.o(.text)
    USB_SetCurrentMode                       0x080021bf   Thumb Code    54  stm32f4xx_ll_usb.o(.text)
    USB_FlushRxFifo                          0x080021f5   Thumb Code    38  stm32f4xx_ll_usb.o(.text)
    USB_FlushTxFifo                          0x0800221b   Thumb Code    44  stm32f4xx_ll_usb.o(.text)
    USB_SetDevSpeed                          0x08002247   Thumb Code    18  stm32f4xx_ll_usb.o(.text)
    USB_DevInit                              0x08002259   Thumb Code   526  stm32f4xx_ll_usb.o(.text)
    USB_GetDevSpeed                          0x08002467   Thumb Code    38  stm32f4xx_ll_usb.o(.text)
    USB_ActivateEndpoint                     0x0800248d   Thumb Code   202  stm32f4xx_ll_usb.o(.text)
    USB_ActivateDedicatedEndpoint            0x08002557   Thumb Code   198  stm32f4xx_ll_usb.o(.text)
    USB_DeactivateEndpoint                   0x0800261d   Thumb Code   318  stm32f4xx_ll_usb.o(.text)
    USB_DeactivateDedicatedEndpoint          0x0800275b   Thumb Code   282  stm32f4xx_ll_usb.o(.text)
    USB_WritePacket                          0x08002875   Thumb Code    60  stm32f4xx_ll_usb.o(.text)
    USB_EPStartXfer                          0x080028b1   Thumb Code   832  stm32f4xx_ll_usb.o(.text)
    USB_EP0StartXfer                         0x08002bf1   Thumb Code   474  stm32f4xx_ll_usb.o(.text)
    USB_ReadPacket                           0x08002dcb   Thumb Code    34  stm32f4xx_ll_usb.o(.text)
    USB_EPSetStall                           0x08002ded   Thumb Code   154  stm32f4xx_ll_usb.o(.text)
    USB_EPClearStall                         0x08002e87   Thumb Code   142  stm32f4xx_ll_usb.o(.text)
    USB_StopDevice                           0x08002f15   Thumb Code    92  stm32f4xx_ll_usb.o(.text)
    USB_SetDevAddress                        0x08002f71   Thumb Code    42  stm32f4xx_ll_usb.o(.text)
    USB_DevConnect                           0x08002f9b   Thumb Code    32  stm32f4xx_ll_usb.o(.text)
    USB_DevDisconnect                        0x08002fbb   Thumb Code    32  stm32f4xx_ll_usb.o(.text)
    USB_ReadInterrupts                       0x08002fdb   Thumb Code    10  stm32f4xx_ll_usb.o(.text)
    USB_ReadDevAllOutEpInterrupt             0x08002fe5   Thumb Code    20  stm32f4xx_ll_usb.o(.text)
    USB_ReadDevAllInEpInterrupt              0x08002ff9   Thumb Code    20  stm32f4xx_ll_usb.o(.text)
    USB_ReadDevOutEPInterrupt                0x0800300d   Thumb Code    26  stm32f4xx_ll_usb.o(.text)
    USB_ReadDevInEPInterrupt                 0x08003027   Thumb Code    50  stm32f4xx_ll_usb.o(.text)
    USB_ClearInterrupts                      0x08003059   Thumb Code     8  stm32f4xx_ll_usb.o(.text)
    USB_GetMode                              0x08003061   Thumb Code    10  stm32f4xx_ll_usb.o(.text)
    USB_ActivateSetup                        0x0800306b   Thumb Code    40  stm32f4xx_ll_usb.o(.text)
    USB_EP0_OutStart                         0x08003093   Thumb Code   106  stm32f4xx_ll_usb.o(.text)
    USB_DriveVbus                            0x080030fd   Thumb Code    84  stm32f4xx_ll_usb.o(.text)
    USB_HostInit                             0x08003151   Thumb Code   234  stm32f4xx_ll_usb.o(.text)
    USB_InitFSLSPClkSel                      0x0800323b   Thumb Code    68  stm32f4xx_ll_usb.o(.text)
    USB_ResetPort                            0x0800327f   Thumb Code    60  stm32f4xx_ll_usb.o(.text)
    USB_GetHostSpeed                         0x080032bb   Thumb Code    24  stm32f4xx_ll_usb.o(.text)
    USB_GetCurrentFrame                      0x080032d3   Thumb Code    14  stm32f4xx_ll_usb.o(.text)
    USB_HC_Init                              0x080032e1   Thumb Code   438  stm32f4xx_ll_usb.o(.text)
    USB_DoPing                               0x08003497   Thumb Code    64  stm32f4xx_ll_usb.o(.text)
    USB_HC_StartXfer                         0x080034d7   Thumb Code   490  stm32f4xx_ll_usb.o(.text)
    USB_HC_ReadInterrupt                     0x080036c1   Thumb Code    14  stm32f4xx_ll_usb.o(.text)
    USB_HC_Halt                              0x080036cf   Thumb Code   374  stm32f4xx_ll_usb.o(.text)
    USB_StopHost                             0x08003845   Thumb Code   180  stm32f4xx_ll_usb.o(.text)
    USB_ActivateRemoteWakeup                 0x080038f9   Thumb Code    36  stm32f4xx_ll_usb.o(.text)
    USB_DeActivateRemoteWakeup               0x0800391d   Thumb Code    24  stm32f4xx_ll_usb.o(.text)
    HAL_RCC_OscConfig                        0x0800393d   Thumb Code  1152  stm32f4xx_hal_rcc.o(.text)
    HAL_RCC_GetSysClockFreq                  0x08003dbd   Thumb Code   164  stm32f4xx_hal_rcc.o(.text)
    HAL_RCC_ClockConfig                      0x08003e61   Thumb Code   390  stm32f4xx_hal_rcc.o(.text)
    HAL_RCC_MCOConfig                        0x08003fe7   Thumb Code   186  stm32f4xx_hal_rcc.o(.text)
    HAL_RCC_EnableCSS                        0x080040a1   Thumb Code     8  stm32f4xx_hal_rcc.o(.text)
    HAL_RCC_DisableCSS                       0x080040a9   Thumb Code     8  stm32f4xx_hal_rcc.o(.text)
    HAL_RCC_GetHCLKFreq                      0x080040b1   Thumb Code     6  stm32f4xx_hal_rcc.o(.text)
    HAL_RCC_GetPCLK1Freq                     0x080040b7   Thumb Code    24  stm32f4xx_hal_rcc.o(.text)
    HAL_RCC_GetPCLK2Freq                     0x080040cf   Thumb Code    24  stm32f4xx_hal_rcc.o(.text)
    HAL_RCC_GetOscConfig                     0x080040e7   Thumb Code   284  stm32f4xx_hal_rcc.o(.text)
    HAL_RCC_GetClockConfig                   0x08004203   Thumb Code    66  stm32f4xx_hal_rcc.o(.text)
    HAL_RCC_CSSCallback                      0x08004245   Thumb Code     2  stm32f4xx_hal_rcc.o(.text)
    HAL_RCC_NMI_IRQHandler                   0x08004247   Thumb Code    30  stm32f4xx_hal_rcc.o(.text)
    HAL_GPIO_Init                            0x0800426d   Thumb Code   436  stm32f4xx_hal_gpio.o(.text)
    HAL_GPIO_DeInit                          0x08004421   Thumb Code   282  stm32f4xx_hal_gpio.o(.text)
    HAL_GPIO_ReadPin                         0x0800453b   Thumb Code    16  stm32f4xx_hal_gpio.o(.text)
    HAL_GPIO_WritePin                        0x0800454b   Thumb Code    12  stm32f4xx_hal_gpio.o(.text)
    HAL_GPIO_TogglePin                       0x08004557   Thumb Code    18  stm32f4xx_hal_gpio.o(.text)
    HAL_GPIO_LockPin                         0x08004569   Thumb Code    46  stm32f4xx_hal_gpio.o(.text)
    HAL_GPIO_EXTI_Callback                   0x08004597   Thumb Code     2  stm32f4xx_hal_gpio.o(.text)
    HAL_GPIO_EXTI_IRQHandler                 0x08004599   Thumb Code    28  stm32f4xx_hal_gpio.o(.text)
    HAL_DMA_Init                             0x080046ad   Thumb Code   232  stm32f4xx_hal_dma.o(.text)
    HAL_DMA_DeInit                           0x08004795   Thumb Code   112  stm32f4xx_hal_dma.o(.text)
    HAL_DMA_Start                            0x08004831   Thumb Code   102  stm32f4xx_hal_dma.o(.text)
    HAL_DMA_Start_IT                         0x08004897   Thumb Code   146  stm32f4xx_hal_dma.o(.text)
    HAL_DMA_Abort                            0x08004929   Thumb Code   180  stm32f4xx_hal_dma.o(.text)
    HAL_DMA_Abort_IT                         0x080049dd   Thumb Code    40  stm32f4xx_hal_dma.o(.text)
    HAL_DMA_PollForTransfer                  0x08004a05   Thumb Code   346  stm32f4xx_hal_dma.o(.text)
    HAL_DMA_IRQHandler                       0x08004b5f   Thumb Code   570  stm32f4xx_hal_dma.o(.text)
    HAL_DMA_RegisterCallback                 0x08004d99   Thumb Code    94  stm32f4xx_hal_dma.o(.text)
    HAL_DMA_UnRegisterCallback               0x08004df7   Thumb Code   124  stm32f4xx_hal_dma.o(.text)
    HAL_DMA_GetState                         0x08004e73   Thumb Code     8  stm32f4xx_hal_dma.o(.text)
    HAL_DMA_GetError                         0x08004e7b   Thumb Code     6  stm32f4xx_hal_dma.o(.text)
    HAL_NVIC_SetPriorityGrouping             0x08004ea5   Thumb Code    36  stm32f4xx_hal_cortex.o(.text)
    HAL_NVIC_SetPriority                     0x08004ec9   Thumb Code   124  stm32f4xx_hal_cortex.o(.text)
    HAL_NVIC_EnableIRQ                       0x08004f45   Thumb Code    32  stm32f4xx_hal_cortex.o(.text)
    HAL_NVIC_DisableIRQ                      0x08004f65   Thumb Code    62  stm32f4xx_hal_cortex.o(.text)
    HAL_NVIC_SystemReset                     0x08004fa3   Thumb Code    64  stm32f4xx_hal_cortex.o(.text)
    HAL_SYSTICK_Config                       0x08004fe3   Thumb Code    52  stm32f4xx_hal_cortex.o(.text)
    HAL_MPU_Disable                          0x08005017   Thumb Code    42  stm32f4xx_hal_cortex.o(.text)
    HAL_MPU_Enable                           0x08005041   Thumb Code    60  stm32f4xx_hal_cortex.o(.text)
    HAL_MPU_ConfigRegion                     0x0800507d   Thumb Code    90  stm32f4xx_hal_cortex.o(.text)
    HAL_NVIC_GetPriorityGrouping             0x080050d7   Thumb Code     8  stm32f4xx_hal_cortex.o(.text)
    HAL_NVIC_GetPriority                     0x080050df   Thumb Code   138  stm32f4xx_hal_cortex.o(.text)
    HAL_NVIC_SetPendingIRQ                   0x08005169   Thumb Code    32  stm32f4xx_hal_cortex.o(.text)
    HAL_NVIC_GetPendingIRQ                   0x08005189   Thumb Code    46  stm32f4xx_hal_cortex.o(.text)
    HAL_NVIC_ClearPendingIRQ                 0x080051b7   Thumb Code    30  stm32f4xx_hal_cortex.o(.text)
    HAL_NVIC_GetActive                       0x080051d5   Thumb Code    46  stm32f4xx_hal_cortex.o(.text)
    HAL_SYSTICK_CLKSourceConfig              0x08005203   Thumb Code    40  stm32f4xx_hal_cortex.o(.text)
    HAL_SYSTICK_Callback                     0x0800522b   Thumb Code     2  stm32f4xx_hal_cortex.o(.text)
    HAL_SYSTICK_IRQHandler                   0x0800522d   Thumb Code     8  stm32f4xx_hal_cortex.o(.text)
    HAL_Init                                 0x08005297   Thumb Code    54  stm32f4xx_hal.o(.text)
    HAL_MspDeInit                            0x080052cd   Thumb Code     2  stm32f4xx_hal.o(.text)
    HAL_DeInit                               0x080052cf   Thumb Code    64  stm32f4xx_hal.o(.text)
    HAL_IncTick                              0x0800530f   Thumb Code    16  stm32f4xx_hal.o(.text)
    HAL_GetTick                              0x0800531f   Thumb Code     6  stm32f4xx_hal.o(.text)
    HAL_GetTickPrio                          0x08005325   Thumb Code     6  stm32f4xx_hal.o(.text)
    HAL_SetTickFreq                          0x0800532b   Thumb Code    40  stm32f4xx_hal.o(.text)
    HAL_GetTickFreq                          0x08005353   Thumb Code     6  stm32f4xx_hal.o(.text)
    HAL_Delay                                0x08005359   Thumb Code    36  stm32f4xx_hal.o(.text)
    HAL_GetHalVersion                        0x080053a1   Thumb Code     4  stm32f4xx_hal.o(.text)
    HAL_GetREVID                             0x080053a5   Thumb Code     8  stm32f4xx_hal.o(.text)
    HAL_GetDEVID                             0x080053ad   Thumb Code    10  stm32f4xx_hal.o(.text)
    HAL_DBGMCU_EnableDBGSleepMode            0x080053b7   Thumb Code    14  stm32f4xx_hal.o(.text)
    HAL_DBGMCU_DisableDBGSleepMode           0x080053c5   Thumb Code    14  stm32f4xx_hal.o(.text)
    HAL_DBGMCU_EnableDBGStopMode             0x080053d3   Thumb Code    14  stm32f4xx_hal.o(.text)
    HAL_DBGMCU_DisableDBGStopMode            0x080053e1   Thumb Code    14  stm32f4xx_hal.o(.text)
    HAL_DBGMCU_EnableDBGStandbyMode          0x080053ef   Thumb Code    14  stm32f4xx_hal.o(.text)
    HAL_DBGMCU_DisableDBGStandbyMode         0x080053fd   Thumb Code    14  stm32f4xx_hal.o(.text)
    HAL_EnableCompensationCell               0x0800540b   Thumb Code     8  stm32f4xx_hal.o(.text)
    HAL_DisableCompensationCell              0x08005413   Thumb Code     8  stm32f4xx_hal.o(.text)
    HAL_GetUIDw0                             0x0800541b   Thumb Code     6  stm32f4xx_hal.o(.text)
    HAL_GetUIDw1                             0x08005421   Thumb Code     8  stm32f4xx_hal.o(.text)
    HAL_GetUIDw2                             0x08005429   Thumb Code     8  stm32f4xx_hal.o(.text)
    TIM_Base_SetConfig                       0x08005459   Thumb Code   134  stm32f4xx_hal_tim.o(.text)
    HAL_TIM_Base_MspInit                     0x080054df   Thumb Code     2  stm32f4xx_hal_tim.o(.text)
    HAL_TIM_Base_Init                        0x080054e1   Thumb Code    52  stm32f4xx_hal_tim.o(.text)
    HAL_TIM_Base_MspDeInit                   0x08005515   Thumb Code     2  stm32f4xx_hal_tim.o(.text)
    HAL_TIM_Base_DeInit                      0x08005517   Thumb Code    70  stm32f4xx_hal_tim.o(.text)
    HAL_TIM_Base_Start                       0x0800555d   Thumb Code    42  stm32f4xx_hal_tim.o(.text)
    HAL_TIM_Base_Stop                        0x08005587   Thumb Code    56  stm32f4xx_hal_tim.o(.text)
    HAL_TIM_Base_Start_IT                    0x080055bf   Thumb Code    42  stm32f4xx_hal_tim.o(.text)
    HAL_TIM_Base_Stop_IT                     0x080055e9   Thumb Code    56  stm32f4xx_hal_tim.o(.text)
    HAL_TIM_ErrorCallback                    0x08005621   Thumb Code     2  stm32f4xx_hal_tim.o(.text)
    TIM_DMAError                             0x08005623   Thumb Code    20  stm32f4xx_hal_tim.o(.text)
    HAL_TIM_PeriodElapsedHalfCpltCallback    0x08005637   Thumb Code     2  stm32f4xx_hal_tim.o(.text)
    HAL_TIM_Base_Start_DMA                   0x08005663   Thumb Code   124  stm32f4xx_hal_tim.o(.text)
    HAL_TIM_Base_Stop_DMA                    0x080056df   Thumb Code    70  stm32f4xx_hal_tim.o(.text)
    HAL_TIM_OC_MspInit                       0x08005725   Thumb Code     2  stm32f4xx_hal_tim.o(.text)
    HAL_TIM_OC_Init                          0x08005727   Thumb Code    52  stm32f4xx_hal_tim.o(.text)
    HAL_TIM_OC_MspDeInit                     0x0800575b   Thumb Code     2  stm32f4xx_hal_tim.o(.text)
    HAL_TIM_OC_DeInit                        0x0800575d   Thumb Code    70  stm32f4xx_hal_tim.o(.text)
    TIM_CCxChannelCmd                        0x080057a3   Thumb Code    34  stm32f4xx_hal_tim.o(.text)
    HAL_TIM_OC_Start                         0x080057c5   Thumb Code    72  stm32f4xx_hal_tim.o(.text)
    HAL_TIM_OC_Stop                          0x0800580d   Thumb Code   150  stm32f4xx_hal_tim.o(.text)
    HAL_TIM_OC_Start_IT                      0x080058a3   Thumb Code   148  stm32f4xx_hal_tim.o(.text)
    HAL_TIM_OC_Stop_IT                       0x08005937   Thumb Code   188  stm32f4xx_hal_tim.o(.text)
    HAL_TIM_PWM_PulseFinishedHalfCpltCallback 0x080059f3   Thumb Code     2  stm32f4xx_hal_tim.o(.text)
    TIM_DMADelayPulseHalfCplt                0x080059f5   Thumb Code    70  stm32f4xx_hal_tim.o(.text)
    HAL_TIM_PWM_PulseFinishedCallback        0x08005a3b   Thumb Code     2  stm32f4xx_hal_tim.o(.text)
    TIM_DMADelayPulseCplt                    0x08005a3d   Thumb Code    70  stm32f4xx_hal_tim.o(.text)
    HAL_TIM_OC_Start_DMA                     0x08005a83   Thumb Code   374  stm32f4xx_hal_tim.o(.text)
    HAL_TIM_OC_Stop_DMA                      0x08005bf9   Thumb Code   218  stm32f4xx_hal_tim.o(.text)
    HAL_TIM_PWM_Init                         0x08005cd5   Thumb Code    58  stm32f4xx_hal_tim.o(.text)
    HAL_TIM_PWM_DeInit                       0x08005d11   Thumb Code    70  stm32f4xx_hal_tim.o(.text)
    HAL_TIM_PWM_Start                        0x08005d57   Thumb Code    72  stm32f4xx_hal_tim.o(.text)
    HAL_TIM_PWM_Stop                         0x08005d9f   Thumb Code   118  stm32f4xx_hal_tim.o(.text)
    HAL_TIM_PWM_Start_IT                     0x08005e15   Thumb Code   148  stm32f4xx_hal_tim.o(.text)
    HAL_TIM_PWM_Stop_IT                      0x08005ea9   Thumb Code   188  stm32f4xx_hal_tim.o(.text)
    HAL_TIM_PWM_Start_DMA                    0x08005f65   Thumb Code   374  stm32f4xx_hal_tim.o(.text)
    HAL_TIM_PWM_Stop_DMA                     0x080060db   Thumb Code   224  stm32f4xx_hal_tim.o(.text)
    HAL_TIM_IC_MspInit                       0x080061bb   Thumb Code     2  stm32f4xx_hal_tim.o(.text)
    HAL_TIM_IC_Init                          0x080061bd   Thumb Code    52  stm32f4xx_hal_tim.o(.text)
    HAL_TIM_IC_MspDeInit                     0x080061f1   Thumb Code     2  stm32f4xx_hal_tim.o(.text)
    HAL_TIM_IC_DeInit                        0x080061f3   Thumb Code    70  stm32f4xx_hal_tim.o(.text)
    HAL_TIM_IC_Start                         0x08006239   Thumb Code    44  stm32f4xx_hal_tim.o(.text)
    HAL_TIM_IC_Stop                          0x08006265   Thumb Code    58  stm32f4xx_hal_tim.o(.text)
    HAL_TIM_IC_Start_IT                      0x0800629f   Thumb Code   120  stm32f4xx_hal_tim.o(.text)
    HAL_TIM_IC_Stop_IT                       0x08006317   Thumb Code   134  stm32f4xx_hal_tim.o(.text)
    HAL_TIM_IC_CaptureHalfCpltCallback       0x0800639d   Thumb Code     2  stm32f4xx_hal_tim.o(.text)
    TIM_DMACaptureHalfCplt                   0x0800639f   Thumb Code    70  stm32f4xx_hal_tim.o(.text)
    HAL_TIM_IC_CaptureCallback               0x080063e5   Thumb Code     2  stm32f4xx_hal_tim.o(.text)
    TIM_DMACaptureCplt                       0x080063e7   Thumb Code    70  stm32f4xx_hal_tim.o(.text)
    HAL_TIM_IC_Start_DMA                     0x0800642d   Thumb Code   346  stm32f4xx_hal_tim.o(.text)
    HAL_TIM_IC_Stop_DMA                      0x08006587   Thumb Code   164  stm32f4xx_hal_tim.o(.text)
    HAL_TIM_OnePulse_MspInit                 0x0800662b   Thumb Code     2  stm32f4xx_hal_tim.o(.text)
    HAL_TIM_OnePulse_Init                    0x0800662d   Thumb Code    76  stm32f4xx_hal_tim.o(.text)
    HAL_TIM_OnePulse_MspDeInit               0x08006679   Thumb Code     2  stm32f4xx_hal_tim.o(.text)
    HAL_TIM_OnePulse_DeInit                  0x0800667b   Thumb Code    70  stm32f4xx_hal_tim.o(.text)
    HAL_TIM_OnePulse_Start                   0x080066c1   Thumb Code    58  stm32f4xx_hal_tim.o(.text)
    HAL_TIM_OnePulse_Stop                    0x080066fb   Thumb Code   122  stm32f4xx_hal_tim.o(.text)
    HAL_TIM_OnePulse_Start_IT                0x08006775   Thumb Code    82  stm32f4xx_hal_tim.o(.text)
    HAL_TIM_OnePulse_Stop_IT                 0x080067c7   Thumb Code   146  stm32f4xx_hal_tim.o(.text)
    HAL_TIM_Encoder_MspInit                  0x08006859   Thumb Code     2  stm32f4xx_hal_tim.o(.text)
    HAL_TIM_Encoder_Init                     0x0800685b   Thumb Code   174  stm32f4xx_hal_tim.o(.text)
    HAL_TIM_Encoder_MspDeInit                0x08006909   Thumb Code     2  stm32f4xx_hal_tim.o(.text)
    HAL_TIM_Encoder_DeInit                   0x0800690b   Thumb Code    70  stm32f4xx_hal_tim.o(.text)
    HAL_TIM_Encoder_Start                    0x08006951   Thumb Code    78  stm32f4xx_hal_tim.o(.text)
    HAL_TIM_Encoder_Stop                     0x0800699f   Thumb Code   104  stm32f4xx_hal_tim.o(.text)
    HAL_TIM_Encoder_Start_IT                 0x08006a07   Thumb Code   126  stm32f4xx_hal_tim.o(.text)
    HAL_TIM_Encoder_Stop_IT                  0x08006a85   Thumb Code   156  stm32f4xx_hal_tim.o(.text)
    HAL_TIM_Encoder_Start_DMA                0x08006b21   Thumb Code   384  stm32f4xx_hal_tim.o(.text)
    HAL_TIM_Encoder_Stop_DMA                 0x08006ca1   Thumb Code   176  stm32f4xx_hal_tim.o(.text)
    HAL_TIM_TriggerCallback                  0x08006d51   Thumb Code     2  stm32f4xx_hal_tim.o(.text)
    HAL_TIM_OC_DelayElapsedCallback          0x08006d53   Thumb Code     2  stm32f4xx_hal_tim.o(.text)
    HAL_TIM_IRQHandler                       0x08006d55   Thumb Code   406  stm32f4xx_hal_tim.o(.text)
    TIM_OC2_SetConfig                        0x08006f9b   Thumb Code   100  stm32f4xx_hal_tim.o(.text)
    HAL_TIM_OC_ConfigChannel                 0x08007059   Thumb Code   116  stm32f4xx_hal_tim.o(.text)
    TIM_TI1_SetConfig                        0x0800717b   Thumb Code   102  stm32f4xx_hal_tim.o(.text)
    HAL_TIM_IC_ConfigChannel                 0x080071e1   Thumb Code   224  stm32f4xx_hal_tim.o(.text)
    HAL_TIM_PWM_ConfigChannel                0x080072c1   Thumb Code   286  stm32f4xx_hal_tim.o(.text)
    HAL_TIM_OnePulse_ConfigChannel           0x080073df   Thumb Code   286  stm32f4xx_hal_tim.o(.text)
    HAL_TIM_TriggerHalfCpltCallback          0x080074fd   Thumb Code     2  stm32f4xx_hal_tim.o(.text)
    HAL_TIM_DMABurst_WriteStart              0x08007527   Thumb Code   452  stm32f4xx_hal_tim.o(.text)
    HAL_TIM_DMABurst_WriteStop               0x080076eb   Thumb Code   146  stm32f4xx_hal_tim.o(.text)
    HAL_TIM_DMABurst_ReadStart               0x0800777d   Thumb Code   452  stm32f4xx_hal_tim.o(.text)
    HAL_TIM_DMABurst_ReadStop                0x08007941   Thumb Code   190  stm32f4xx_hal_tim.o(.text)
    HAL_TIM_GenerateEvent                    0x080079ff   Thumb Code    54  stm32f4xx_hal_tim.o(.text)
    TIM_ETR_SetConfig                        0x08007a35   Thumb Code    22  stm32f4xx_hal_tim.o(.text)
    HAL_TIM_ConfigOCrefClear                 0x08007a4b   Thumb Code   270  stm32f4xx_hal_tim.o(.text)
    HAL_TIM_ConfigClockSource                0x08007bb9   Thumb Code   264  stm32f4xx_hal_tim.o(.text)
    HAL_TIM_ConfigTI1Input                   0x08007cc1   Thumb Code    22  stm32f4xx_hal_tim.o(.text)
    HAL_TIM_SlaveConfigSynchro               0x08007d81   Thumb Code   108  stm32f4xx_hal_tim.o(.text)
    HAL_TIM_SlaveConfigSynchro_IT            0x08007ded   Thumb Code   108  stm32f4xx_hal_tim.o(.text)
    HAL_TIM_ReadCapturedValue                0x08007e59   Thumb Code    50  stm32f4xx_hal_tim.o(.text)
    HAL_TIM_Base_GetState                    0x08007e8b   Thumb Code     8  stm32f4xx_hal_tim.o(.text)
    HAL_TIM_OC_GetState                      0x08007e93   Thumb Code     8  stm32f4xx_hal_tim.o(.text)
    HAL_TIM_PWM_GetState                     0x08007e9b   Thumb Code     8  stm32f4xx_hal_tim.o(.text)
    HAL_TIM_IC_GetState                      0x08007ea3   Thumb Code     8  stm32f4xx_hal_tim.o(.text)
    HAL_TIM_OnePulse_GetState                0x08007eab   Thumb Code     8  stm32f4xx_hal_tim.o(.text)
    HAL_TIM_Encoder_GetState                 0x08007eb3   Thumb Code     8  stm32f4xx_hal_tim.o(.text)
    HAL_TIMEx_HallSensor_MspInit             0x08007ebd   Thumb Code     2  stm32f4xx_hal_tim_ex.o(.text)
    HAL_TIMEx_HallSensor_Init                0x08007ebf   Thumb Code   208  stm32f4xx_hal_tim_ex.o(.text)
    HAL_TIMEx_HallSensor_MspDeInit           0x08007f8f   Thumb Code     2  stm32f4xx_hal_tim_ex.o(.text)
    HAL_TIMEx_HallSensor_DeInit              0x08007f91   Thumb Code    70  stm32f4xx_hal_tim_ex.o(.text)
    HAL_TIMEx_HallSensor_Start               0x08007fd7   Thumb Code    42  stm32f4xx_hal_tim_ex.o(.text)
    HAL_TIMEx_HallSensor_Stop                0x08008001   Thumb Code    56  stm32f4xx_hal_tim_ex.o(.text)
    HAL_TIMEx_HallSensor_Start_IT            0x08008039   Thumb Code    54  stm32f4xx_hal_tim_ex.o(.text)
    HAL_TIMEx_HallSensor_Stop_IT             0x0800806f   Thumb Code    68  stm32f4xx_hal_tim_ex.o(.text)
    HAL_TIMEx_HallSensor_Start_DMA           0x080080b3   Thumb Code   132  stm32f4xx_hal_tim_ex.o(.text)
    HAL_TIMEx_HallSensor_Stop_DMA            0x08008137   Thumb Code    74  stm32f4xx_hal_tim_ex.o(.text)
    HAL_TIMEx_OCN_Start                      0x080081a3   Thumb Code    56  stm32f4xx_hal_tim_ex.o(.text)
    HAL_TIMEx_OCN_Stop                       0x080081db   Thumb Code    96  stm32f4xx_hal_tim_ex.o(.text)
    HAL_TIMEx_OCN_Start_IT                   0x0800823b   Thumb Code   126  stm32f4xx_hal_tim_ex.o(.text)
    HAL_TIMEx_OCN_Stop_IT                    0x080082b9   Thumb Code   178  stm32f4xx_hal_tim_ex.o(.text)
    HAL_TIMEx_OCN_Start_DMA                  0x0800836b   Thumb Code   274  stm32f4xx_hal_tim_ex.o(.text)
    HAL_TIMEx_OCN_Stop_DMA                   0x0800847d   Thumb Code   200  stm32f4xx_hal_tim_ex.o(.text)
    HAL_TIMEx_PWMN_Start                     0x08008545   Thumb Code    56  stm32f4xx_hal_tim_ex.o(.text)
    HAL_TIMEx_PWMN_Stop                      0x0800857d   Thumb Code    96  stm32f4xx_hal_tim_ex.o(.text)
    HAL_TIMEx_PWMN_Start_IT                  0x080085dd   Thumb Code   126  stm32f4xx_hal_tim_ex.o(.text)
    HAL_TIMEx_PWMN_Stop_IT                   0x0800865b   Thumb Code   178  stm32f4xx_hal_tim_ex.o(.text)
    HAL_TIMEx_PWMN_Start_DMA                 0x0800870d   Thumb Code   274  stm32f4xx_hal_tim_ex.o(.text)
    HAL_TIMEx_PWMN_Stop_DMA                  0x0800881f   Thumb Code   178  stm32f4xx_hal_tim_ex.o(.text)
    HAL_TIMEx_OnePulseN_Start                0x080088d1   Thumb Code    32  stm32f4xx_hal_tim_ex.o(.text)
    HAL_TIMEx_OnePulseN_Stop                 0x080088f1   Thumb Code    96  stm32f4xx_hal_tim_ex.o(.text)
    HAL_TIMEx_OnePulseN_Start_IT             0x08008951   Thumb Code    56  stm32f4xx_hal_tim_ex.o(.text)
    HAL_TIMEx_OnePulseN_Stop_IT              0x08008989   Thumb Code   120  stm32f4xx_hal_tim_ex.o(.text)
    HAL_TIMEx_ConfigCommutEvent              0x08008a01   Thumb Code   134  stm32f4xx_hal_tim_ex.o(.text)
    HAL_TIMEx_ConfigCommutEvent_IT           0x08008a87   Thumb Code   134  stm32f4xx_hal_tim_ex.o(.text)
    HAL_TIMEx_CommutHalfCpltCallback         0x08008b0d   Thumb Code     2  stm32f4xx_hal_tim_ex.o(.text)
    TIMEx_DMACommutationHalfCplt             0x08008b0f   Thumb Code    34  stm32f4xx_hal_tim_ex.o(.text)
    HAL_TIMEx_CommutCallback                 0x08008b31   Thumb Code     2  stm32f4xx_hal_tim_ex.o(.text)
    TIMEx_DMACommutationCplt                 0x08008b33   Thumb Code    20  stm32f4xx_hal_tim_ex.o(.text)
    HAL_TIMEx_ConfigCommutEvent_DMA          0x08008b47   Thumb Code   156  stm32f4xx_hal_tim_ex.o(.text)
    HAL_TIMEx_MasterConfigSynchronization    0x08008be3   Thumb Code   134  stm32f4xx_hal_tim_ex.o(.text)
    HAL_TIMEx_ConfigBreakDeadTime            0x08008c69   Thumb Code   116  stm32f4xx_hal_tim_ex.o(.text)
    HAL_TIMEx_RemapConfig                    0x08008cdd   Thumb Code    42  stm32f4xx_hal_tim_ex.o(.text)
    HAL_TIMEx_BreakCallback                  0x08008d07   Thumb Code     2  stm32f4xx_hal_tim_ex.o(.text)
    HAL_TIMEx_HallSensor_GetState            0x08008d09   Thumb Code     8  stm32f4xx_hal_tim_ex.o(.text)
    HAL_UART_Init                            0x0800910b   Thumb Code   126  stm32f4xx_hal_uart.o(.text)
    HAL_HalfDuplex_Init                      0x08009189   Thumb Code   118  stm32f4xx_hal_uart.o(.text)
    HAL_LIN_Init                             0x080091ff   Thumb Code   142  stm32f4xx_hal_uart.o(.text)
    HAL_MultiProcessor_Init                  0x0800928d   Thumb Code   154  stm32f4xx_hal_uart.o(.text)
    HAL_UART_DeInit                          0x08009329   Thumb Code    58  stm32f4xx_hal_uart.o(.text)
    HAL_UART_Transmit                        0x080093cf   Thumb Code   216  stm32f4xx_hal_uart.o(.text)
    HAL_UART_Receive                         0x080094a7   Thumb Code   224  stm32f4xx_hal_uart.o(.text)
    HAL_UART_Transmit_IT                     0x08009587   Thumb Code    88  stm32f4xx_hal_uart.o(.text)
    HAL_UART_Receive_IT                      0x080095df   Thumb Code   112  stm32f4xx_hal_uart.o(.text)
    HAL_UART_ErrorCallback                   0x0800964f   Thumb Code     2  stm32f4xx_hal_uart.o(.text)
    HAL_UART_TxHalfCpltCallback              0x080096d5   Thumb Code     2  stm32f4xx_hal_uart.o(.text)
    HAL_UART_TxCpltCallback                  0x080096e5   Thumb Code     2  stm32f4xx_hal_uart.o(.text)
    HAL_UART_Transmit_DMA                    0x0800971d   Thumb Code   142  stm32f4xx_hal_uart.o(.text)
    HAL_UART_RxHalfCpltCallback              0x080097ab   Thumb Code     2  stm32f4xx_hal_uart.o(.text)
    HAL_UART_RxCpltCallback                  0x080097bb   Thumb Code     2  stm32f4xx_hal_uart.o(.text)
    HAL_UART_Receive_DMA                     0x08009803   Thumb Code   182  stm32f4xx_hal_uart.o(.text)
    HAL_UART_DMAPause                        0x080098b9   Thumb Code   124  stm32f4xx_hal_uart.o(.text)
    HAL_UART_DMAResume                       0x08009935   Thumb Code   126  stm32f4xx_hal_uart.o(.text)
    HAL_UART_DMAStop                         0x080099b3   Thumb Code   102  stm32f4xx_hal_uart.o(.text)
    HAL_UART_Abort                           0x08009a19   Thumb Code   170  stm32f4xx_hal_uart.o(.text)
    HAL_UART_AbortTransmit                   0x08009ac3   Thumb Code    90  stm32f4xx_hal_uart.o(.text)
    HAL_UART_AbortReceive                    0x08009b1d   Thumb Code   124  stm32f4xx_hal_uart.o(.text)
    HAL_UART_AbortCpltCallback               0x08009b99   Thumb Code     2  stm32f4xx_hal_uart.o(.text)
    HAL_UART_Abort_IT                        0x08009c03   Thumb Code   216  stm32f4xx_hal_uart.o(.text)
    HAL_UART_AbortTransmitCpltCallback       0x08009cdb   Thumb Code     2  stm32f4xx_hal_uart.o(.text)
    HAL_UART_AbortTransmit_IT                0x08009cf5   Thumb Code   104  stm32f4xx_hal_uart.o(.text)
    HAL_UART_AbortReceiveCpltCallback        0x08009d5d   Thumb Code     2  stm32f4xx_hal_uart.o(.text)
    HAL_UART_AbortReceive_IT                 0x08009d77   Thumb Code   116  stm32f4xx_hal_uart.o(.text)
    HAL_UART_IRQHandler                      0x08009f2d   Thumb Code   360  stm32f4xx_hal_uart.o(.text)
    HAL_LIN_SendBreak                        0x0800a095   Thumb Code    62  stm32f4xx_hal_uart.o(.text)
    HAL_MultiProcessor_EnterMuteMode         0x0800a0d3   Thumb Code    62  stm32f4xx_hal_uart.o(.text)
    HAL_MultiProcessor_ExitMuteMode          0x0800a111   Thumb Code    62  stm32f4xx_hal_uart.o(.text)
    HAL_HalfDuplex_EnableTransmitter         0x0800a14f   Thumb Code    68  stm32f4xx_hal_uart.o(.text)
    HAL_HalfDuplex_EnableReceiver            0x0800a193   Thumb Code    68  stm32f4xx_hal_uart.o(.text)
    HAL_UART_GetState                        0x0800a1d7   Thumb Code    20  stm32f4xx_hal_uart.o(.text)
    HAL_UART_GetError                        0x0800a1eb   Thumb Code     6  stm32f4xx_hal_uart.o(.text)
    SystemInit                               0x0800a1f1   Thumb Code    24  system_stm32f4xx.o(.text)
    SystemCoreClockUpdate                    0x0800a209   Thumb Code   170  system_stm32f4xx.o(.text)
    vListInitialise                          0x0800a2cd   Thumb Code    26  list.o(.text)
    vListInitialiseItem                      0x0800a2e7   Thumb Code     6  list.o(.text)
    vListInsertEnd                           0x0800a2ed   Thumb Code    24  list.o(.text)
    vListInsert                              0x0800a305   Thumb Code    52  list.o(.text)
    uxListRemove                             0x0800a339   Thumb Code    40  list.o(.text)
    xQueueGenericReset                       0x0800a361   Thumb Code   146  queue.o(.text)
    xQueueGenericCreateStatic                0x0800a419   Thumb Code   224  queue.o(.text)
    xQueueGenericCreate                      0x0800a4f9   Thumb Code    96  queue.o(.text)
    xQueueGenericSend                        0x0800a673   Thumb Code   428  queue.o(.text)
    xQueueCreateMutex                        0x0800a83d   Thumb Code    34  queue.o(.text)
    xQueueCreateMutexStatic                  0x0800a85f   Thumb Code    42  queue.o(.text)
    xQueueGenericSendFromISR                 0x0800a889   Thumb Code   248  queue.o(.text)
    xQueueGiveFromISR                        0x0800a981   Thumb Code   224  queue.o(.text)
    xQueueReceive                            0x0800aaa5   Thumb Code   360  queue.o(.text)
    xQueueSemaphoreTake                      0x0800ac21   Thumb Code   434  queue.o(.text)
    xQueuePeek                               0x0800add3   Thumb Code   362  queue.o(.text)
    xQueueReceiveFromISR                     0x0800af3d   Thumb Code   202  queue.o(.text)
    xQueuePeekFromISR                        0x0800b007   Thumb Code   182  queue.o(.text)
    uxQueueMessagesWaiting                   0x0800b0bd   Thumb Code    42  queue.o(.text)
    uxQueueSpacesAvailable                   0x0800b0e7   Thumb Code    48  queue.o(.text)
    uxQueueMessagesWaitingFromISR            0x0800b117   Thumb Code    34  queue.o(.text)
    vQueueUnregisterQueue                    0x0800b139   Thumb Code    44  queue.o(.text)
    vQueueDelete                             0x0800b165   Thumb Code    50  queue.o(.text)
    xQueueIsQueueEmptyFromISR                0x0800b197   Thumb Code    42  queue.o(.text)
    xQueueIsQueueFullFromISR                 0x0800b1c1   Thumb Code    46  queue.o(.text)
    vQueueAddToRegistry                      0x0800b1ef   Thumb Code    38  queue.o(.text)
    pcQueueGetName                           0x0800b215   Thumb Code    38  queue.o(.text)
    xTaskCreateStatic                        0x0800b3d1   Thumb Code   186  tasks.o(.text)
    xTaskCreate                              0x0800b48b   Thumb Code   100  tasks.o(.text)
    vTaskDelete                              0x0800b569   Thumb Code   272  tasks.o(.text)
    xTaskIncrementTick                       0x0800b679   Thumb Code   282  tasks.o(.text)
    xTaskResumeAll                           0x0800b793   Thumb Code   224  tasks.o(.text)
    vTaskSuspendAll                          0x0800b8ef   Thumb Code    12  tasks.o(.text)
    vTaskDelay                               0x0800b8fb   Thumb Code    82  tasks.o(.text)
    uxTaskPriorityGet                        0x0800b94d   Thumb Code    30  tasks.o(.text)
    uxTaskPriorityGetFromISR                 0x0800b96b   Thumb Code    62  tasks.o(.text)
    vTaskPrioritySet                         0x0800b9a9   Thumb Code   324  tasks.o(.text)
    vTaskSwitchContext                       0x0800baed   Thumb Code   118  tasks.o(.text)
    vTaskSuspend                             0x0800bb63   Thumb Code   210  tasks.o(.text)
    vTaskResume                              0x0800bc85   Thumb Code   128  tasks.o(.text)
    xTaskResumeFromISR                       0x0800bd05   Thumb Code   158  tasks.o(.text)
    vTaskStartScheduler                      0x0800bdff   Thumb Code   146  tasks.o(.text)
    vTaskEndScheduler                        0x0800be91   Thumb Code   104  tasks.o(.text)
    xTaskGetTickCount                        0x0800bef9   Thumb Code     6  tasks.o(.text)
    xTaskGetTickCountFromISR                 0x0800beff   Thumb Code    16  tasks.o(.text)
    uxTaskGetNumberOfTasks                   0x0800bf0f   Thumb Code     6  tasks.o(.text)
    pcTaskGetName                            0x0800bf15   Thumb Code    44  tasks.o(.text)
    vTaskPlaceOnEventList                    0x0800bf41   Thumb Code    52  tasks.o(.text)
    vTaskPlaceOnUnorderedEventList           0x0800bf75   Thumb Code   100  tasks.o(.text)
    xTaskRemoveFromEventList                 0x0800bfd9   Thumb Code   128  tasks.o(.text)
    vTaskRemoveFromUnorderedEventList        0x0800c059   Thumb Code   142  tasks.o(.text)
    vTaskSetTimeOutState                     0x0800c0e7   Thumb Code    50  tasks.o(.text)
    vTaskInternalSetTimeOutState             0x0800c119   Thumb Code    14  tasks.o(.text)
    xTaskCheckForTimeOut                     0x0800c127   Thumb Code   132  tasks.o(.text)
    vTaskMissedYield                         0x0800c1ab   Thumb Code     8  tasks.o(.text)
    xTaskGetCurrentTaskHandle                0x0800c1b3   Thumb Code     6  tasks.o(.text)
    xTaskGetSchedulerState                   0x0800c1b9   Thumb Code    24  tasks.o(.text)
    xTaskPriorityInherit                     0x0800c1d1   Thumb Code   186  tasks.o(.text)
    xTaskPriorityDisinherit                  0x0800c28b   Thumb Code   230  tasks.o(.text)
    vTaskPriorityDisinheritAfterTimeout      0x0800c371   Thumb Code   230  tasks.o(.text)
    uxTaskResetEventItemValue                0x0800c457   Thumb Code    24  tasks.o(.text)
    pvTaskIncrementMutexHeldCount            0x0800c46f   Thumb Code    26  tasks.o(.text)
    ulTaskNotifyTake                         0x0800c489   Thumb Code   108  tasks.o(.text)
    xTaskNotifyWait                          0x0800c4f5   Thumb Code   150  tasks.o(.text)
    xTaskGenericNotify                       0x0800c58b   Thumb Code   280  tasks.o(.text)
    xTaskGenericNotifyFromISR                0x0800c6a3   Thumb Code   354  tasks.o(.text)
    vTaskNotifyGiveFromISR                   0x0800c805   Thumb Code   214  tasks.o(.text)
    xTaskNotifyStateClear                    0x0800c8db   Thumb Code    48  tasks.o(.text)
    osKernelStart                            0x0800c955   Thumb Code    10  cmsis_os.o(.text)
    osKernelRunning                          0x0800c95f   Thumb Code    18  cmsis_os.o(.text)
    osKernelSysTick                          0x0800c971   Thumb Code    20  cmsis_os.o(.text)
    osThreadCreate                           0x0800c985   Thumb Code    94  cmsis_os.o(.text)
    osThreadGetId                            0x0800c9e3   Thumb Code     8  cmsis_os.o(.text)
    osThreadTerminate                        0x0800c9eb   Thumb Code    14  cmsis_os.o(.text)
    osThreadYield                            0x0800c9f9   Thumb Code    20  cmsis_os.o(.text)
    osThreadSetPriority                      0x0800ca0d   Thumb Code    26  cmsis_os.o(.text)
    osThreadGetPriority                      0x0800ca27   Thumb Code    38  cmsis_os.o(.text)
    osDelay                                  0x0800ca4d   Thumb Code    24  cmsis_os.o(.text)
    osTimerCreate                            0x0800ca65   Thumb Code     6  cmsis_os.o(.text)
    osTimerStart                             0x0800ca6b   Thumb Code     8  cmsis_os.o(.text)
    osTimerStop                              0x0800ca73   Thumb Code     8  cmsis_os.o(.text)
    osTimerDelete                            0x0800ca7b   Thumb Code     8  cmsis_os.o(.text)
    osSignalSet                              0x0800ca83   Thumb Code    92  cmsis_os.o(.text)
    osSignalWait                             0x0800cadf   Thumb Code    98  cmsis_os.o(.text)
    osMutexCreate                            0x0800cb41   Thumb Code    26  cmsis_os.o(.text)
    osMutexWait                              0x0800cb5b   Thumb Code   100  cmsis_os.o(.text)
    osMutexRelease                           0x0800cbbf   Thumb Code    76  cmsis_os.o(.text)
    osMutexDelete                            0x0800cc0b   Thumb Code    24  cmsis_os.o(.text)
    osSemaphoreCreate                        0x0800cc23   Thumb Code    74  cmsis_os.o(.text)
    osSemaphoreWait                          0x0800cc6d   Thumb Code   100  cmsis_os.o(.text)
    osSemaphoreRelease                       0x0800ccd1   Thumb Code    76  cmsis_os.o(.text)
    osSemaphoreDelete                        0x0800cd1d   Thumb Code    24  cmsis_os.o(.text)
    osPoolCreate                             0x0800cd35   Thumb Code   112  cmsis_os.o(.text)
    osPoolAlloc                              0x0800cda5   Thumb Code   132  cmsis_os.o(.text)
    osPoolCAlloc                             0x0800ce29   Thumb Code    22  cmsis_os.o(.text)
    osPoolFree                               0x0800ce3f   Thumb Code    74  cmsis_os.o(.text)
    osMessageCreate                          0x0800ce89   Thumb Code    40  cmsis_os.o(.text)
    osMessagePut                             0x0800ceb1   Thumb Code    92  cmsis_os.o(.text)
    osMessageGet                             0x0800cf0d   Thumb Code   150  cmsis_os.o(.text)
    osMailCreate                             0x0800cfa3   Thumb Code   122  cmsis_os.o(.text)
    osMailAlloc                              0x0800d01d   Thumb Code    24  cmsis_os.o(.text)
    osMailCAlloc                             0x0800d035   Thumb Code    44  cmsis_os.o(.text)
    osMailPut                                0x0800d061   Thumb Code    90  cmsis_os.o(.text)
    osMailGet                                0x0800d0bb   Thumb Code   146  cmsis_os.o(.text)
    osMailFree                               0x0800d14d   Thumb Code    22  cmsis_os.o(.text)
    osSystickHandler                         0x0800d163   Thumb Code    16  cmsis_os.o(.text)
    osThreadSuspend                          0x0800d173   Thumb Code    14  cmsis_os.o(.text)
    osThreadResume                           0x0800d181   Thumb Code    46  cmsis_os.o(.text)
    osThreadSuspendAll                       0x0800d1af   Thumb Code    10  cmsis_os.o(.text)
    osThreadResumeAll                        0x0800d1b9   Thumb Code    18  cmsis_os.o(.text)
    osDelayUntil                             0x0800d1cb   Thumb Code     6  cmsis_os.o(.text)
    osAbortDelay                             0x0800d1d1   Thumb Code     6  cmsis_os.o(.text)
    osThreadList                             0x0800d1d7   Thumb Code     6  cmsis_os.o(.text)
    osMessagePeek                            0x0800d1dd   Thumb Code    86  cmsis_os.o(.text)
    osMessageWaiting                         0x0800d233   Thumb Code    26  cmsis_os.o(.text)
    osMessageAvailableSpace                  0x0800d24d   Thumb Code    12  cmsis_os.o(.text)
    osMessageDelete                          0x0800d259   Thumb Code    24  cmsis_os.o(.text)
    osRecursiveMutexCreate                   0x0800d271   Thumb Code     6  cmsis_os.o(.text)
    osRecursiveMutexRelease                  0x0800d277   Thumb Code     6  cmsis_os.o(.text)
    osRecursiveMutexWait                     0x0800d27d   Thumb Code     6  cmsis_os.o(.text)
    osSemaphoreGetCount                      0x0800d283   Thumb Code    12  cmsis_os.o(.text)
    pvPortMalloc                             0x0800d357   Thumb Code   296  heap_4.o(.text)
    vPortFree                                0x0800d47f   Thumb Code   140  heap_4.o(.text)
    xPortGetFreeHeapSize                     0x0800d50b   Thumb Code     6  heap_4.o(.text)
    xPortGetMinimumEverFreeHeapSize          0x0800d511   Thumb Code     6  heap_4.o(.text)
    vPortInitialiseBlocks                    0x0800d517   Thumb Code     2  heap_4.o(.text)
    pxPortInitialiseStack                    0x0800d56d   Thumb Code    38  port.o(.text)
    vPortSetupTimerInterrupt                 0x0800d593   Thumb Code    36  port.o(.text)
    xPortStartScheduler                      0x0800d5b7   Thumb Code   330  port.o(.text)
    vPortEndScheduler                        0x0800d701   Thumb Code    42  port.o(.text)
    vPortEnterCritical                       0x0800d72b   Thumb Code    78  port.o(.text)
    vPortExitCritical                        0x0800d779   Thumb Code    56  port.o(.text)
    SysTick_Handler                          0x0800d7b1   Thumb Code    48  port.o(.text)
    vPortValidateInterruptPriority           0x0800d7e1   Thumb Code   108  port.o(.text)
    USBD_Init                                0x0800d871   Thumb Code    68  usbd_core.o(.text)
    USBD_DeInit                              0x0800d8b5   Thumb Code    66  usbd_core.o(.text)
    USBD_RegisterClass                       0x0800d8f7   Thumb Code    38  usbd_core.o(.text)
    USBD_Start                               0x0800d91d   Thumb Code    12  usbd_core.o(.text)
    USBD_Stop                                0x0800d929   Thumb Code    46  usbd_core.o(.text)
    USBD_RunTestMode                         0x0800d957   Thumb Code     6  usbd_core.o(.text)
    USBD_SetClassConfig                      0x0800d95d   Thumb Code    32  usbd_core.o(.text)
    USBD_ClrClassConfig                      0x0800d97d   Thumb Code    28  usbd_core.o(.text)
    USBD_LL_SetupStage                       0x0800d999   Thumb Code   118  usbd_core.o(.text)
    USBD_LL_DataOutStage                     0x0800da0f   Thumb Code   146  usbd_core.o(.text)
    USBD_LL_DataInStage                      0x0800daa1   Thumb Code   230  usbd_core.o(.text)
    USBD_LL_Reset                            0x0800db87   Thumb Code    90  usbd_core.o(.text)
    USBD_LL_SetSpeed                         0x0800dbe1   Thumb Code     8  usbd_core.o(.text)
    USBD_LL_Suspend                          0x0800dbe9   Thumb Code    20  usbd_core.o(.text)
    USBD_LL_Resume                           0x0800dbfd   Thumb Code    22  usbd_core.o(.text)
    USBD_LL_SOF                              0x0800dc13   Thumb Code    34  usbd_core.o(.text)
    USBD_LL_IsoINIncomplete                  0x0800dc35   Thumb Code     6  usbd_core.o(.text)
    USBD_LL_IsoOUTIncomplete                 0x0800dc3b   Thumb Code     6  usbd_core.o(.text)
    USBD_LL_DevConnected                     0x0800dc41   Thumb Code     6  usbd_core.o(.text)
    USBD_LL_DevDisconnected                  0x0800dc47   Thumb Code    32  usbd_core.o(.text)
    USBD_CtlError                            0x0800dc7b   Thumb Code    24  usbd_ctlreq.o(.text)
    USBD_StdDevReq                           0x0800e0e7   Thumb Code   170  usbd_ctlreq.o(.text)
    USBD_StdItfReq                           0x0800e191   Thumb Code   126  usbd_ctlreq.o(.text)
    USBD_StdEPReq                            0x0800e20f   Thumb Code   554  usbd_ctlreq.o(.text)
    USBD_ParseSetupRequest                   0x0800e439   Thumb Code    54  usbd_ctlreq.o(.text)
    USBD_GetString                           0x0800e485   Thumb Code    84  usbd_ctlreq.o(.text)
    USBD_CtlSendData                         0x0800e4d9   Thumb Code    34  usbd_ioreq.o(.text)
    USBD_CtlContinueSendData                 0x0800e4fb   Thumb Code    24  usbd_ioreq.o(.text)
    USBD_CtlPrepareRx                        0x0800e513   Thumb Code    40  usbd_ioreq.o(.text)
    USBD_CtlContinueRx                       0x0800e53b   Thumb Code    24  usbd_ioreq.o(.text)
    USBD_CtlSendStatus                       0x0800e553   Thumb Code    26  usbd_ioreq.o(.text)
    USBD_CtlReceiveStatus                    0x0800e56d   Thumb Code    26  usbd_ioreq.o(.text)
    USBD_GetRxCount                          0x0800e587   Thumb Code    16  usbd_ioreq.o(.text)
    USBD_CUSTOM_HID_SendReport               0x0800e7c9   Thumb Code    68  usbd_customhid.o(.text)
    USBD_CUSTOM_HID_ReceivePacket            0x0800e85d   Thumb Code    34  usbd_customhid.o(.text)
    USBD_CUSTOM_HID_RegisterInterface        0x0800e8ab   Thumb Code    16  usbd_customhid.o(.text)
    __aeabi_uldivmod                         0x0800e8d1   Thumb Code    98  uldiv.o(.text)
    __aeabi_memcpy                           0x0800e933   Thumb Code    36  memcpya.o(.text)
    __aeabi_memcpy4                          0x0800e933   Thumb Code     0  memcpya.o(.text)
    __aeabi_memcpy8                          0x0800e933   Thumb Code     0  memcpya.o(.text)
    __aeabi_memset                           0x0800e957   Thumb Code    14  memseta.o(.text)
    __aeabi_memset4                          0x0800e957   Thumb Code     0  memseta.o(.text)
    __aeabi_memset8                          0x0800e957   Thumb Code     0  memseta.o(.text)
    __aeabi_memclr                           0x0800e965   Thumb Code     4  memseta.o(.text)
    __aeabi_memclr4                          0x0800e965   Thumb Code     0  memseta.o(.text)
    __aeabi_memclr8                          0x0800e965   Thumb Code     0  memseta.o(.text)
    memset                                   0x0800e969   Thumb Code    18  memseta.o(.text)
    __aeabi_llsl                             0x0800e97b   Thumb Code    30  llshl.o(.text)
    _ll_shift_l                              0x0800e97b   Thumb Code     0  llshl.o(.text)
    __aeabi_llsr                             0x0800e999   Thumb Code    32  llushr.o(.text)
    _ll_ushift_r                             0x0800e999   Thumb Code     0  llushr.o(.text)
    __scatterload                            0x0800e9b9   Thumb Code    28  init.o(.text)
    __scatterload_rt2                        0x0800e9b9   Thumb Code     0  init.o(.text)
    __decompress                             0x0800e9dd   Thumb Code     0  __dczerorl2.o(.text)
    __decompress1                            0x0800e9dd   Thumb Code    86  __dczerorl2.o(.text)
    __scatterload_copy                       0x0800ea33   Thumb Code    14  handlers.o(i.__scatterload_copy)
    __scatterload_null                       0x0800ea41   Thumb Code     2  handlers.o(i.__scatterload_null)
    __scatterload_zeroinit                   0x0800ea43   Thumb Code    14  handlers.o(i.__scatterload_zeroinit)
    free                                     0x0800ea51   Thumb Code    76  malloc.o(i.free)
    malloc                                   0x0800eaa1   Thumb Code    92  malloc.o(i.malloc)
    AHBPrescTable                            0x0800eb84   Data          16  system_stm32f4xx.o(.constdata)
    APBPrescTable                            0x0800eb94   Data           8  system_stm32f4xx.o(.constdata)
    Region$$Table$$Base                      0x0800ebcc   Number         0  anon$$obj.o(Region$$Table)
    Region$$Table$$Limit                     0x0800ebec   Number         0  anon$$obj.o(Region$$Table)
    blink_delay                              0x20008000   Data           1  freertos.o(.data)
    USB_HID_dataToSend                       0x20008001   Data           5  freertos.o(.data)
    flag                                     0x20008006   Data           1  freertos.o(.data)
    usb_hid_rec_mes                          0x20008007   Data           1  freertos.o(.data)
    defaultTaskHandle                        0x20008008   Data           4  freertos.o(.data)
    myLedTaskHandle                          0x2000800c   Data           4  freertos.o(.data)
    myUSBRecTasHandle                        0x20008010   Data           4  freertos.o(.data)
    myUSBTrTaskHandle                        0x20008014   Data           4  freertos.o(.data)
    FS_Desc                                  0x20008018   Data          28  usbd_desc.o(.data)
    USBD_FS_DeviceDesc                       0x20008034   Data          18  usbd_desc.o(.data)
    USBD_LangIDDesc                          0x20008048   Data           4  usbd_desc.o(.data)
    USBD_StringSerial                        0x2000804c   Data          26  usbd_desc.o(.data)
    dataToReceive                            0x200080d4   Data           4  usbd_custom_hid_if.o(.data)
    USBD_CustomHID_fops_FS                   0x200080d8   Data          16  usbd_custom_hid_if.o(.data)
    uwTick                                   0x200080ec   Data           4  stm32f4xx_hal.o(.data)
    uwTickPrio                               0x200080f0   Data           4  stm32f4xx_hal.o(.data)
    uwTickFreq                               0x200080f4   Data           1  stm32f4xx_hal.o(.data)
    SystemCoreClock                          0x200080f8   Data           4  system_stm32f4xx.o(.data)
    pxCurrentTCB                             0x200080fc   Data           4  tasks.o(.data)
    USBD_CUSTOM_HID                          0x20008160   Data          56  usbd_customhid.o(.data)
    __microlib_freelist                      0x20008234   Data           4  mvars.o(.data)
    __microlib_freelist_initialised          0x20008238   Data           4  mvars.o(.data)
    htim1                                    0x20008490   Data          64  tim.o(.bss)
    htim3                                    0x200084d0   Data          64  tim.o(.bss)
    htim4                                    0x20008510   Data          64  tim.o(.bss)
    huart1                                   0x20008550   Data          64  usart.o(.bss)
    hUsbDeviceFS                             0x20008590   Data         720  usb_device.o(.bss)
    hpcd_USB_OTG_FS                          0x20008860   Data        1032  usbd_conf.o(.bss)
    USBD_StrDesc                             0x20008c68   Data         512  usbd_desc.o(.bss)
    htim11                                   0x20008e68   Data          64  stm32f4xx_hal_timebase_tim.o(.bss)
    xQueueRegistry                           0x20008ea8   Data          64  queue.o(.bss)
    __heap_base                              0x2000cbd8   Data           0  startup_stm32f411xe.o(HEAP)
    __heap_limit                             0x2000cdd8   Data           0  startup_stm32f411xe.o(HEAP)
    __initial_sp                             0x2000d1d8   Data           0  startup_stm32f411xe.o(STACK)



==============================================================================

Memory Map of the image

  Image Entry point : 0x08000199

  Load Region LR_IROM1 (Base: 0x08000000, Size: 0x0000ee28, Max: 0x00080000, ABSOLUTE, COMPRESSED[0x0000ece0])

    Execution Region ER_IROM1 (Exec base: 0x08000000, Load base: 0x08000000, Size: 0x0000ebec, Max: 0x00080000, ABSOLUTE)

    Exec Addr    Load Addr    Size         Type   Attr      Idx    E Section Name        Object

    0x08000000   0x08000000   0x00000198   Data   RO            3    RESET               startup_stm32f411xe.o
    0x08000198   0x08000198   0x00000000   Code   RO         1410  * .ARM.Collect$$$$00000000  mc_w.l(entry.o)
    0x08000198   0x08000198   0x00000004   Code   RO         1451    .ARM.Collect$$$$00000001  mc_w.l(entry2.o)
    0x0800019c   0x0800019c   0x00000004   Code   RO         1454    .ARM.Collect$$$$00000004  mc_w.l(entry5.o)
    0x080001a0   0x080001a0   0x00000000   Code   RO         1456    .ARM.Collect$$$$00000008  mc_w.l(entry7b.o)
    0x080001a0   0x080001a0   0x00000000   Code   RO         1458    .ARM.Collect$$$$0000000A  mc_w.l(entry8b.o)
    0x080001a0   0x080001a0   0x00000008   Code   RO         1459    .ARM.Collect$$$$0000000B  mc_w.l(entry9a.o)
    0x080001a8   0x080001a8   0x00000000   Code   RO         1461    .ARM.Collect$$$$0000000D  mc_w.l(entry10a.o)
    0x080001a8   0x080001a8   0x00000000   Code   RO         1463    .ARM.Collect$$$$0000000F  mc_w.l(entry11a.o)
    0x080001a8   0x080001a8   0x00000004   Code   RO         1452    .ARM.Collect$$$$00002712  mc_w.l(entry2.o)
    0x080001ac   0x080001ac   0x000000be   Code   RO         1274    .emb_text           port.o
    0x0800026a   0x0800026a   0x00000002   PAD
    0x0800026c   0x0800026c   0x00000024   Code   RO            4    .text               startup_stm32f411xe.o
    0x08000290   0x08000290   0x0000012c   Code   RO           13    .text               main.o
    0x080003bc   0x080003bc   0x00000094   Code   RO          215    .text               gpio.o
    0x08000450   0x08000450   0x0000015c   Code   RO          239    .text               freertos.o
    0x080005ac   0x080005ac   0x0000038c   Code   RO          295    .text               tim.o
    0x08000938   0x08000938   0x000000e0   Code   RO          325    .text               usart.o
    0x08000a18   0x08000a18   0x0000004c   Code   RO          355    .text               usb_device.o
    0x08000a64   0x08000a64   0x0000046e   Code   RO          386    .text               usbd_conf.o
    0x08000ed2   0x08000ed2   0x00000002   PAD
    0x08000ed4   0x08000ed4   0x00000180   Code   RO          413    .text               usbd_desc.o
    0x08001054   0x08001054   0x00000034   Code   RO          457    .text               usbd_custom_hid_if.o
    0x08001088   0x08001088   0x0000003c   Code   RO          487    .text               stm32f4xx_it.o
    0x080010c4   0x080010c4   0x00000054   Code   RO          515    .text               stm32f4xx_hal_msp.o
    0x08001118   0x08001118   0x000000b0   Code   RO          539    .text               stm32f4xx_hal_timebase_tim.o
    0x080011c8   0x080011c8   0x00000df6   Code   RO          566    .text               stm32f4xx_hal_pcd.o
    0x08001fbe   0x08001fbe   0x0000005c   Code   RO          590    .text               stm32f4xx_hal_pcd_ex.o
    0x0800201a   0x0800201a   0x00000002   PAD
    0x0800201c   0x0800201c   0x0000191c   Code   RO          614    .text               stm32f4xx_ll_usb.o
    0x08003938   0x08003938   0x00000934   Code   RO          639    .text               stm32f4xx_hal_rcc.o
    0x0800426c   0x0800426c   0x00000368   Code   RO          763    .text               stm32f4xx_hal_gpio.o
    0x080045d4   0x080045d4   0x000008b0   Code   RO          811    .text               stm32f4xx_hal_dma.o
    0x08004e84   0x08004e84   0x000003d0   Code   RO          884    .text               stm32f4xx_hal_cortex.o
    0x08005254   0x08005254   0x00000204   Code   RO          912    .text               stm32f4xx_hal.o
    0x08005458   0x08005458   0x00002a62   Code   RO          966    .text               stm32f4xx_hal_tim.o
    0x08007eba   0x08007eba   0x00000002   PAD
    0x08007ebc   0x08007ebc   0x00000e6c   Code   RO          990    .text               stm32f4xx_hal_tim_ex.o
    0x08008d28   0x08008d28   0x000014c8   Code   RO         1014    .text               stm32f4xx_hal_uart.o
    0x0800a1f0   0x0800a1f0   0x000000dc   Code   RO         1038    .text               system_stm32f4xx.o
    0x0800a2cc   0x0800a2cc   0x00000094   Code   RO         1111    .text               list.o
    0x0800a360   0x0800a360   0x00000ee0   Code   RO         1126    .text               queue.o
    0x0800b240   0x0800b240   0x000016e4   Code   RO         1174    .text               tasks.o
    0x0800c924   0x0800c924   0x00000970   Code   RO         1205    .text               cmsis_os.o
    0x0800d294   0x0800d294   0x0000029c   Code   RO         1247    .text               heap_4.o
    0x0800d530   0x0800d530   0x00000340   Code   RO         1275    .text               port.o
    0x0800d870   0x0800d870   0x000003f6   Code   RO         1307    .text               usbd_core.o
    0x0800dc66   0x0800dc66   0x00000002   PAD
    0x0800dc68   0x0800dc68   0x00000870   Code   RO         1331    .text               usbd_ctlreq.o
    0x0800e4d8   0x0800e4d8   0x000000be   Code   RO         1359    .text               usbd_ioreq.o
    0x0800e596   0x0800e596   0x00000002   PAD
    0x0800e598   0x0800e598   0x00000338   Code   RO         1383    .text               usbd_customhid.o
    0x0800e8d0   0x0800e8d0   0x00000062   Code   RO         1413    .text               mc_w.l(uldiv.o)
    0x0800e932   0x0800e932   0x00000024   Code   RO         1415    .text               mc_w.l(memcpya.o)
    0x0800e956   0x0800e956   0x00000024   Code   RO         1419    .text               mc_w.l(memseta.o)
    0x0800e97a   0x0800e97a   0x0000001e   Code   RO         1465    .text               mc_w.l(llshl.o)
    0x0800e998   0x0800e998   0x00000020   Code   RO         1467    .text               mc_w.l(llushr.o)
    0x0800e9b8   0x0800e9b8   0x00000024   Code   RO         1471    .text               mc_w.l(init.o)
    0x0800e9dc   0x0800e9dc   0x00000056   Code   RO         1481    .text               mc_w.l(__dczerorl2.o)
    0x0800ea32   0x0800ea32   0x0000000e   Code   RO         1475    i.__scatterload_copy  mc_w.l(handlers.o)
    0x0800ea40   0x0800ea40   0x00000002   Code   RO         1476    i.__scatterload_null  mc_w.l(handlers.o)
    0x0800ea42   0x0800ea42   0x0000000e   Code   RO         1477    i.__scatterload_zeroinit  mc_w.l(handlers.o)
    0x0800ea50   0x0800ea50   0x00000050   Code   RO         1423    i.free              mc_w.l(malloc.o)
    0x0800eaa0   0x0800eaa0   0x0000006c   Code   RO         1424    i.malloc            mc_w.l(malloc.o)
    0x0800eb0c   0x0800eb0c   0x00000070   Data   RO          241    .constdata          freertos.o
    0x0800eb7c   0x0800eb7c   0x00000008   Data   RO          812    .constdata          stm32f4xx_hal_dma.o
    0x0800eb84   0x0800eb84   0x00000018   Data   RO         1039    .constdata          system_stm32f4xx.o
    0x0800eb9c   0x0800eb9c   0x00000030   Data   RO          242    .conststring        freertos.o
    0x0800ebcc   0x0800ebcc   0x00000020   Data   RO         1473    Region$$Table       anon$$obj.o


    Execution Region RW_IRAM1 (Exec base: 0x20008000, Load base: 0x0800ebec, Size: 0x000051d8, Max: 0x00020000, ABSOLUTE, COMPRESSED[0x000000f4])

    Exec Addr    Load Addr    Size         Type   Attr      Idx    E Section Name        Object

    0x20008000   COMPRESSED   0x00000018   Data   RW          243    .data               freertos.o
    0x20008018   COMPRESSED   0x0000004e   Data   RW          415    .data               usbd_desc.o
    0x20008066   COMPRESSED   0x00000002   PAD
    0x20008068   COMPRESSED   0x00000080   Data   RW          458    .data               usbd_custom_hid_if.o
    0x200080e8   COMPRESSED   0x00000004   Data   RW          615    .data               stm32f4xx_ll_usb.o
    0x200080ec   COMPRESSED   0x00000009   Data   RW          913    .data               stm32f4xx_hal.o
    0x200080f5   COMPRESSED   0x00000003   PAD
    0x200080f8   COMPRESSED   0x00000004   Data   RW         1040    .data               system_stm32f4xx.o
    0x200080fc   COMPRESSED   0x0000003c   Data   RW         1176    .data               tasks.o
    0x20008138   COMPRESSED   0x00000018   Data   RW         1249    .data               heap_4.o
    0x20008150   COMPRESSED   0x0000000c   Data   RW         1276    .data               port.o
    0x2000815c   COMPRESSED   0x00000001   Data   RW         1332    .data               usbd_ctlreq.o
    0x2000815d   COMPRESSED   0x00000003   PAD
    0x20008160   COMPRESSED   0x000000d2   Data   RW         1384    .data               usbd_customhid.o
    0x20008232   COMPRESSED   0x00000002   PAD
    0x20008234   COMPRESSED   0x00000004   Data   RW         1469    .data               mc_w.l(mvars.o)
    0x20008238   COMPRESSED   0x00000004   Data   RW         1470    .data               mc_w.l(mvars.o)
    0x2000823c        -       0x00000254   Zero   RW          240    .bss                freertos.o
    0x20008490        -       0x000000c0   Zero   RW          296    .bss                tim.o
    0x20008550        -       0x00000040   Zero   RW          326    .bss                usart.o
    0x20008590        -       0x000002d0   Zero   RW          356    .bss                usb_device.o
    0x20008860        -       0x00000408   Zero   RW          387    .bss                usbd_conf.o
    0x20008c68        -       0x00000200   Zero   RW          414    .bss                usbd_desc.o
    0x20008e68        -       0x00000040   Zero   RW          540    .bss                stm32f4xx_hal_timebase_tim.o
    0x20008ea8        -       0x00000040   Zero   RW         1127    .bss                queue.o
    0x20008ee8        -       0x000000f0   Zero   RW         1175    .bss                tasks.o
    0x20008fd8        -       0x00003c00   Zero   RW         1248    .bss                heap_4.o
    0x2000cbd8        -       0x00000200   Zero   RW            2    HEAP                startup_stm32f411xe.o
    0x2000cdd8        -       0x00000400   Zero   RW            1    STACK               startup_stm32f411xe.o


==============================================================================

Image component sizes


      Code (inc. data)   RO Data    RW Data    ZI Data      Debug   Object Name

      2416         12          0          0          0      41364   cmsis_os.o
         0          0          0          0          0      18940   event_groups.o
       348         58        160         24        596       4471   freertos.o
       148          8          0          0          0        947   gpio.o
       668         24          0         24      15360       6600   heap_4.o
       148          0          0          0          0       2142   list.o
       300         26          0          0          0     467062   main.o
      1022         52          0         12          0       9255   port.o
      3808         22          0          0         64      20720   queue.o
        36          8        408          0       1536        860   startup_stm32f411xe.o
       516         40          0          9          0      10752   stm32f4xx_hal.o
       976         20          0          0          0      36262   stm32f4xx_hal_cortex.o
      2224         28          8          0          0       7189   stm32f4xx_hal_dma.o
       872         32          0          0          0       3631   stm32f4xx_hal_gpio.o
        84          6          0          0          0        878   stm32f4xx_hal_msp.o
      3574         10          0          0          0      11743   stm32f4xx_hal_pcd.o
        92          0          0          0          0       1988   stm32f4xx_hal_pcd_ex.o
      2356         70          0          0          0       5443   stm32f4xx_hal_rcc.o
     10850        132          0          0          0      34844   stm32f4xx_hal_tim.o
      3692         60          0          0          0      13328   stm32f4xx_hal_tim_ex.o
       176         18          0          0         64       1819   stm32f4xx_hal_timebase_tim.o
      5320         50          0          0          0      16460   stm32f4xx_hal_uart.o
        60         14          0          0          0       1371   stm32f4xx_it.o
      6428        118          0          4          0      17183   stm32f4xx_ll_usb.o
         0          0          0          0          0        392   stream_buffer.o
       220         26         24          4          0       1597   system_stm32f4xx.o
      5860        298          0         60        240      27774   tasks.o
       908         38          0          0        192       2855   tim.o
       224         18          0          0         64       1575   usart.o
        76         16          0          0        720        792   usb_device.o
      1134         18          0          0       1032       9034   usbd_conf.o
      1014          0          0          0          0       6477   usbd_core.o
      2160         28          0          1          0      10958   usbd_ctlreq.o
        52         10          0        128          0       1670   usbd_custom_hid_if.o
       824         32          0        210          0       6787   usbd_customhid.o
       384        118          0         78        512       4037   usbd_desc.o
       190          0          0          0          0       2770   usbd_ioreq.o

    ----------------------------------------------------------------------
     59172       1410        632        564      20380     811970   Object Totals
         0          0         32          0          0          0   (incl. Generated)
        12          0          0         10          0          0   (incl. Padding)

    ----------------------------------------------------------------------

      Code (inc. data)   RO Data    RW Data    ZI Data      Debug   Library Member Name

        86          0          0          0          0          0   __dczerorl2.o
         0          0          0          0          0          0   entry.o
         0          0          0          0          0          0   entry10a.o
         0          0          0          0          0          0   entry11a.o
         8          4          0          0          0          0   entry2.o
         4          0          0          0          0          0   entry5.o
         0          0          0          0          0          0   entry7b.o
         0          0          0          0          0          0   entry8b.o
         8          4          0          0          0          0   entry9a.o
        30          0          0          0          0          0   handlers.o
        36          8          0          0          0         68   init.o
        30          0          0          0          0         68   llshl.o
        32          0          0          0          0         68   llushr.o
       188         20          0          0          0        160   malloc.o
        36          0          0          0          0         68   memcpya.o
        36          0          0          0          0        108   memseta.o
         0          0          0          8          0          0   mvars.o
        98          0          0          0          0         92   uldiv.o

    ----------------------------------------------------------------------
       592         36          0          8          0        632   Library Totals
         0          0          0          0          0          0   (incl. Padding)

    ----------------------------------------------------------------------

      Code (inc. data)   RO Data    RW Data    ZI Data      Debug   Library Name

       592         36          0          8          0        632   mc_w.l

    ----------------------------------------------------------------------
       592         36          0          8          0        632   Library Totals

    ----------------------------------------------------------------------

==============================================================================


      Code (inc. data)   RO Data    RW Data    ZI Data      Debug   

     59764       1446        632        572      20380     804326   Grand Totals
     59764       1446        632        244      20380     804326   ELF Image Totals (compressed)
     59764       1446        632        244          0          0   ROM Totals

==============================================================================

    Total RO  Size (Code + RO Data)                60396 (  58.98kB)
    Total RW  Size (RW Data + ZI Data)             20952 (  20.46kB)
    Total ROM Size (Code + RO Data + RW Data)      60640 (  59.22kB)

==============================================================================

